10.100.4.52 - - [07/Mar/2014:09:04:20 +0530] "GET /admin/carbon/server-admin/system_status_ajaxprocessor.jsp HTTP/1.1" 200 1244 "https://10.100.4.52:9443/admin/carbon/admin/index.jsp?loginStatus=true" "Mozilla/5.0 (X11; Linux x86_64) AppleWebKit/537.36 (KHTML, like Gecko) Chrome/31.0.1650.57 Safari/537.36"
127.0.0.1 - - [07/Mar/2014:09:04:21 +0530] "GET /publisher/api/cache/mobileapp HTTP/1.1" 200 89 "https://localhost:9443/publisher/assets/mobileapp/" "Mozilla/5.0 (X11; Linux x86_64) AppleWebKit/537.36 (KHTML, like Gecko) Chrome/31.0.1650.57 Safari/537.36"
127.0.0.1 - - [07/Mar/2014:09:04:25 +0530] "GET /publisher/api/cache/mobileapp HTTP/1.1" 200 89 "https://localhost:9443/publisher/assets/mobileapp/" "Mozilla/5.0 (X11; Linux x86_64) AppleWebKit/537.36 (KHTML, like Gecko) Chrome/31.0.1650.57 Safari/537.36"
10.100.4.52 - - [07/Mar/2014:09:04:26 +0530] "GET /admin/carbon/admin/jsp/session-validate.jsp HTTP/1.1" 200 3905 "https://10.100.4.52:9443/admin/carbon/admin/index.jsp?loginStatus=true" "Mozilla/5.0 (X11; Linux x86_64) AppleWebKit/537.36 (KHTML, like Gecko) Chrome/31.0.1650.57 Safari/537.36"
10.100.4.52 - - [07/Mar/2014:09:04:26 +0530] "GET /admin/carbon/server-admin/system_status_ajaxprocessor.jsp HTTP/1.1" 200 1244 "https://10.100.4.52:9443/admin/carbon/admin/index.jsp?loginStatus=true" "Mozilla/5.0 (X11; Linux x86_64) AppleWebKit/537.36 (KHTML, like Gecko) Chrome/31.0.1650.57 Safari/537.36"
127.0.0.1 - - [07/Mar/2014:09:04:29 +0530] "GET /publisher/api/cache/mobileapp HTTP/1.1" 200 89 "https://localhost:9443/publisher/assets/mobileapp/" "Mozilla/5.0 (X11; Linux x86_64) AppleWebKit/537.36 (KHTML, like Gecko) Chrome/31.0.1650.57 Safari/537.36"
10.100.4.52 - - [07/Mar/2014:09:04:32 +0530] "GET /admin/carbon/admin/jsp/session-validate.jsp HTTP/1.1" 200 3905 "https://10.100.4.52:9443/admin/carbon/admin/index.jsp?loginStatus=true" "Mozilla/5.0 (X11; Linux x86_64) AppleWebKit/537.36 (KHTML, like Gecko) Chrome/31.0.1650.57 Safari/537.36"
10.100.4.52 - - [07/Mar/2014:09:04:32 +0530] "GET /admin/carbon/server-admin/system_status_ajaxprocessor.jsp HTTP/1.1" 200 1244 "https://10.100.4.52:9443/admin/carbon/admin/index.jsp?loginStatus=true" "Mozilla/5.0 (X11; Linux x86_64) AppleWebKit/537.36 (KHTML, like Gecko) Chrome/31.0.1650.57 Safari/537.36"
127.0.0.1 - - [07/Mar/2014:09:04:33 +0530] "GET /publisher/api/cache/mobileapp HTTP/1.1" 200 89 "https://localhost:9443/publisher/assets/mobileapp/" "Mozilla/5.0 (X11; Linux x86_64) AppleWebKit/537.36 (KHTML, like Gecko) Chrome/31.0.1650.57 Safari/537.36"
127.0.0.1 - - [07/Mar/2014:09:04:37 +0530] "GET /publisher/api/cache/mobileapp HTTP/1.1" 200 89 "https://localhost:9443/publisher/assets/mobileapp/" "Mozilla/5.0 (X11; Linux x86_64) AppleWebKit/537.36 (KHTML, like Gecko) Chrome/31.0.1650.57 Safari/537.36"
10.100.4.52 - - [07/Mar/2014:09:04:38 +0530] "GET /admin/carbon/admin/jsp/session-validate.jsp HTTP/1.1" 200 3905 "https://10.100.4.52:9443/admin/carbon/admin/index.jsp?loginStatus=true" "Mozilla/5.0 (X11; Linux x86_64) AppleWebKit/537.36 (KHTML, like Gecko) Chrome/31.0.1650.57 Safari/537.36"
10.100.4.52 - - [07/Mar/2014:09:04:38 +0530] "GET /admin/carbon/server-admin/system_status_ajaxprocessor.jsp HTTP/1.1" 200 1243 "https://10.100.4.52:9443/admin/carbon/admin/index.jsp?loginStatus=true" "Mozilla/5.0 (X11; Linux x86_64) AppleWebKit/537.36 (KHTML, like Gecko) Chrome/31.0.1650.57 Safari/537.36"
127.0.0.1 - - [07/Mar/2014:09:04:41 +0530] "GET /publisher/api/cache/mobileapp HTTP/1.1" 200 89 "https://localhost:9443/publisher/assets/mobileapp/" "Mozilla/5.0 (X11; Linux x86_64) AppleWebKit/537.36 (KHTML, like Gecko) Chrome/31.0.1650.57 Safari/537.36"
10.100.4.52 - - [07/Mar/2014:09:04:44 +0530] "GET /admin/carbon/admin/jsp/session-validate.jsp HTTP/1.1" 200 3905 "https://10.100.4.52:9443/admin/carbon/admin/index.jsp?loginStatus=true" "Mozilla/5.0 (X11; Linux x86_64) AppleWebKit/537.36 (KHTML, like Gecko) Chrome/31.0.1650.57 Safari/537.36"
10.100.4.52 - - [07/Mar/2014:09:04:44 +0530] "GET /admin/carbon/server-admin/system_status_ajaxprocessor.jsp HTTP/1.1" 200 1243 "https://10.100.4.52:9443/admin/carbon/admin/index.jsp?loginStatus=true" "Mozilla/5.0 (X11; Linux x86_64) AppleWebKit/537.36 (KHTML, like Gecko) Chrome/31.0.1650.57 Safari/537.36"
127.0.0.1 - - [07/Mar/2014:09:04:45 +0530] "GET /publisher/api/cache/mobileapp HTTP/1.1" 200 89 "https://localhost:9443/publisher/assets/mobileapp/" "Mozilla/5.0 (X11; Linux x86_64) AppleWebKit/537.36 (KHTML, like Gecko) Chrome/31.0.1650.57 Safari/537.36"
127.0.0.1 - - [07/Mar/2014:09:04:49 +0530] "GET /publisher/api/cache/mobileapp HTTP/1.1" 200 89 "https://localhost:9443/publisher/assets/mobileapp/" "Mozilla/5.0 (X11; Linux x86_64) AppleWebKit/537.36 (KHTML, like Gecko) Chrome/31.0.1650.57 Safari/537.36"
10.100.4.52 - - [07/Mar/2014:09:04:50 +0530] "GET /admin/carbon/admin/jsp/session-validate.jsp HTTP/1.1" 200 3905 "https://10.100.4.52:9443/admin/carbon/admin/index.jsp?loginStatus=true" "Mozilla/5.0 (X11; Linux x86_64) AppleWebKit/537.36 (KHTML, like Gecko) Chrome/31.0.1650.57 Safari/537.36"
10.100.4.52 - - [07/Mar/2014:09:04:50 +0530] "GET /admin/carbon/server-admin/system_status_ajaxprocessor.jsp HTTP/1.1" 200 1243 "https://10.100.4.52:9443/admin/carbon/admin/index.jsp?loginStatus=true" "Mozilla/5.0 (X11; Linux x86_64) AppleWebKit/537.36 (KHTML, like Gecko) Chrome/31.0.1650.57 Safari/537.36"
127.0.0.1 - - [07/Mar/2014:09:04:53 +0530] "GET /publisher/api/cache/mobileapp HTTP/1.1" 200 89 "https://localhost:9443/publisher/assets/mobileapp/" "Mozilla/5.0 (X11; Linux x86_64) AppleWebKit/537.36 (KHTML, like Gecko) Chrome/31.0.1650.57 Safari/537.36"
10.100.4.52 - - [07/Mar/2014:09:04:56 +0530] "GET /admin/carbon/admin/jsp/session-validate.jsp HTTP/1.1" 200 3905 "https://10.100.4.52:9443/admin/carbon/admin/index.jsp?loginStatus=true" "Mozilla/5.0 (X11; Linux x86_64) AppleWebKit/537.36 (KHTML, like Gecko) Chrome/31.0.1650.57 Safari/537.36"
10.100.4.52 - - [07/Mar/2014:09:04:56 +0530] "GET /admin/carbon/server-admin/system_status_ajaxprocessor.jsp HTTP/1.1" 200 1245 "https://10.100.4.52:9443/admin/carbon/admin/index.jsp?loginStatus=true" "Mozilla/5.0 (X11; Linux x86_64) AppleWebKit/537.36 (KHTML, like Gecko) Chrome/31.0.1650.57 Safari/537.36"
127.0.0.1 - - [07/Mar/2014:09:04:57 +0530] "GET /publisher/api/cache/mobileapp HTTP/1.1" 200 89 "https://localhost:9443/publisher/assets/mobileapp/" "Mozilla/5.0 (X11; Linux x86_64) AppleWebKit/537.36 (KHTML, like Gecko) Chrome/31.0.1650.57 Safari/537.36"
127.0.0.1 - - [07/Mar/2014:09:05:01 +0530] "GET /publisher/api/cache/mobileapp HTTP/1.1" 200 89 "https://localhost:9443/publisher/assets/mobileapp/" "Mozilla/5.0 (X11; Linux x86_64) AppleWebKit/537.36 (KHTML, like Gecko) Chrome/31.0.1650.57 Safari/537.36"
10.100.4.52 - - [07/Mar/2014:09:05:02 +0530] "GET /admin/carbon/admin/jsp/session-validate.jsp HTTP/1.1" 200 3905 "https://10.100.4.52:9443/admin/carbon/admin/index.jsp?loginStatus=true" "Mozilla/5.0 (X11; Linux x86_64) AppleWebKit/537.36 (KHTML, like Gecko) Chrome/31.0.1650.57 Safari/537.36"
10.100.4.52 - - [07/Mar/2014:09:05:02 +0530] "GET /admin/carbon/server-admin/system_status_ajaxprocessor.jsp HTTP/1.1" 200 1244 "https://10.100.4.52:9443/admin/carbon/admin/index.jsp?loginStatus=true" "Mozilla/5.0 (X11; Linux x86_64) AppleWebKit/537.36 (KHTML, like Gecko) Chrome/31.0.1650.57 Safari/537.36"
127.0.0.1 - - [07/Mar/2014:09:05:05 +0530] "GET /publisher/api/cache/mobileapp HTTP/1.1" 200 89 "https://localhost:9443/publisher/assets/mobileapp/" "Mozilla/5.0 (X11; Linux x86_64) AppleWebKit/537.36 (KHTML, like Gecko) Chrome/31.0.1650.57 Safari/537.36"
10.100.4.52 - - [07/Mar/2014:09:05:08 +0530] "GET /admin/carbon/admin/jsp/session-validate.jsp HTTP/1.1" 200 3905 "https://10.100.4.52:9443/admin/carbon/admin/index.jsp?loginStatus=true" "Mozilla/5.0 (X11; Linux x86_64) AppleWebKit/537.36 (KHTML, like Gecko) Chrome/31.0.1650.57 Safari/537.36"
10.100.4.52 - - [07/Mar/2014:09:05:08 +0530] "GET /admin/carbon/server-admin/system_status_ajaxprocessor.jsp HTTP/1.1" 200 1243 "https://10.100.4.52:9443/admin/carbon/admin/index.jsp?loginStatus=true" "Mozilla/5.0 (X11; Linux x86_64) AppleWebKit/537.36 (KHTML, like Gecko) Chrome/31.0.1650.57 Safari/537.36"
127.0.0.1 - - [07/Mar/2014:09:05:09 +0530] "GET /publisher/api/cache/mobileapp HTTP/1.1" 200 89 "https://localhost:9443/publisher/assets/mobileapp/" "Mozilla/5.0 (X11; Linux x86_64) AppleWebKit/537.36 (KHTML, like Gecko) Chrome/31.0.1650.57 Safari/537.36"
127.0.0.1 - - [07/Mar/2014:09:05:13 +0530] "GET /publisher/api/cache/mobileapp HTTP/1.1" 200 89 "https://localhost:9443/publisher/assets/mobileapp/" "Mozilla/5.0 (X11; Linux x86_64) AppleWebKit/537.36 (KHTML, like Gecko) Chrome/31.0.1650.57 Safari/537.36"
10.100.4.52 - - [07/Mar/2014:09:05:14 +0530] "GET /admin/carbon/admin/jsp/session-validate.jsp HTTP/1.1" 200 3905 "https://10.100.4.52:9443/admin/carbon/admin/index.jsp?loginStatus=true" "Mozilla/5.0 (X11; Linux x86_64) AppleWebKit/537.36 (KHTML, like Gecko) Chrome/31.0.1650.57 Safari/537.36"
10.100.4.52 - - [07/Mar/2014:09:05:14 +0530] "GET /admin/carbon/server-admin/system_status_ajaxprocessor.jsp HTTP/1.1" 200 1243 "https://10.100.4.52:9443/admin/carbon/admin/index.jsp?loginStatus=true" "Mozilla/5.0 (X11; Linux x86_64) AppleWebKit/537.36 (KHTML, like Gecko) Chrome/31.0.1650.57 Safari/537.36"
127.0.0.1 - - [07/Mar/2014:09:05:17 +0530] "GET /publisher/api/cache/mobileapp HTTP/1.1" 200 89 "https://localhost:9443/publisher/assets/mobileapp/" "Mozilla/5.0 (X11; Linux x86_64) AppleWebKit/537.36 (KHTML, like Gecko) Chrome/31.0.1650.57 Safari/537.36"
10.100.4.52 - - [07/Mar/2014:09:05:20 +0530] "GET /admin/carbon/admin/jsp/session-validate.jsp HTTP/1.1" 200 3905 "https://10.100.4.52:9443/admin/carbon/admin/index.jsp?loginStatus=true" "Mozilla/5.0 (X11; Linux x86_64) AppleWebKit/537.36 (KHTML, like Gecko) Chrome/31.0.1650.57 Safari/537.36"
10.100.4.52 - - [07/Mar/2014:09:05:20 +0530] "GET /admin/carbon/server-admin/system_status_ajaxprocessor.jsp HTTP/1.1" 200 1244 "https://10.100.4.52:9443/admin/carbon/admin/index.jsp?loginStatus=true" "Mozilla/5.0 (X11; Linux x86_64) AppleWebKit/537.36 (KHTML, like Gecko) Chrome/31.0.1650.57 Safari/537.36"
127.0.0.1 - - [07/Mar/2014:09:05:21 +0530] "GET /publisher/api/cache/mobileapp HTTP/1.1" 200 89 "https://localhost:9443/publisher/assets/mobileapp/" "Mozilla/5.0 (X11; Linux x86_64) AppleWebKit/537.36 (KHTML, like Gecko) Chrome/31.0.1650.57 Safari/537.36"
127.0.0.1 - - [07/Mar/2014:09:05:25 +0530] "GET /publisher/api/cache/mobileapp HTTP/1.1" 200 89 "https://localhost:9443/publisher/assets/mobileapp/" "Mozilla/5.0 (X11; Linux x86_64) AppleWebKit/537.36 (KHTML, like Gecko) Chrome/31.0.1650.57 Safari/537.36"
10.100.4.52 - - [07/Mar/2014:09:05:26 +0530] "GET /admin/carbon/admin/jsp/session-validate.jsp HTTP/1.1" 200 3905 "https://10.100.4.52:9443/admin/carbon/admin/index.jsp?loginStatus=true" "Mozilla/5.0 (X11; Linux x86_64) AppleWebKit/537.36 (KHTML, like Gecko) Chrome/31.0.1650.57 Safari/537.36"
10.100.4.52 - - [07/Mar/2014:09:05:26 +0530] "GET /admin/carbon/server-admin/system_status_ajaxprocessor.jsp HTTP/1.1" 200 1245 "https://10.100.4.52:9443/admin/carbon/admin/index.jsp?loginStatus=true" "Mozilla/5.0 (X11; Linux x86_64) AppleWebKit/537.36 (KHTML, like Gecko) Chrome/31.0.1650.57 Safari/537.36"
127.0.0.1 - - [07/Mar/2014:09:05:29 +0530] "GET /publisher/api/cache/mobileapp HTTP/1.1" 200 89 "https://localhost:9443/publisher/assets/mobileapp/" "Mozilla/5.0 (X11; Linux x86_64) AppleWebKit/537.36 (KHTML, like Gecko) Chrome/31.0.1650.57 Safari/537.36"
10.100.4.52 - - [07/Mar/2014:09:05:32 +0530] "GET /admin/carbon/admin/jsp/session-validate.jsp HTTP/1.1" 200 3905 "https://10.100.4.52:9443/admin/carbon/admin/index.jsp?loginStatus=true" "Mozilla/5.0 (X11; Linux x86_64) AppleWebKit/537.36 (KHTML, like Gecko) Chrome/31.0.1650.57 Safari/537.36"
10.100.4.52 - - [07/Mar/2014:09:05:32 +0530] "GET /admin/carbon/server-admin/system_status_ajaxprocessor.jsp HTTP/1.1" 200 1244 "https://10.100.4.52:9443/admin/carbon/admin/index.jsp?loginStatus=true" "Mozilla/5.0 (X11; Linux x86_64) AppleWebKit/537.36 (KHTML, like Gecko) Chrome/31.0.1650.57 Safari/537.36"
127.0.0.1 - - [07/Mar/2014:09:05:33 +0530] "GET /publisher/api/cache/mobileapp HTTP/1.1" 200 89 "https://localhost:9443/publisher/assets/mobileapp/" "Mozilla/5.0 (X11; Linux x86_64) AppleWebKit/537.36 (KHTML, like Gecko) Chrome/31.0.1650.57 Safari/537.36"
127.0.0.1 - - [07/Mar/2014:09:05:37 +0530] "GET /publisher/api/cache/mobileapp HTTP/1.1" 200 89 "https://localhost:9443/publisher/assets/mobileapp/" "Mozilla/5.0 (X11; Linux x86_64) AppleWebKit/537.36 (KHTML, like Gecko) Chrome/31.0.1650.57 Safari/537.36"
10.100.4.52 - - [07/Mar/2014:09:05:38 +0530] "GET /admin/carbon/admin/jsp/session-validate.jsp HTTP/1.1" 200 3905 "https://10.100.4.52:9443/admin/carbon/admin/index.jsp?loginStatus=true" "Mozilla/5.0 (X11; Linux x86_64) AppleWebKit/537.36 (KHTML, like Gecko) Chrome/31.0.1650.57 Safari/537.36"
10.100.4.52 - - [07/Mar/2014:09:05:38 +0530] "GET /admin/carbon/server-admin/system_status_ajaxprocessor.jsp HTTP/1.1" 200 1243 "https://10.100.4.52:9443/admin/carbon/admin/index.jsp?loginStatus=true" "Mozilla/5.0 (X11; Linux x86_64) AppleWebKit/537.36 (KHTML, like Gecko) Chrome/31.0.1650.57 Safari/537.36"
127.0.0.1 - - [07/Mar/2014:09:05:41 +0530] "GET /publisher/api/cache/mobileapp HTTP/1.1" 200 89 "https://localhost:9443/publisher/assets/mobileapp/" "Mozilla/5.0 (X11; Linux x86_64) AppleWebKit/537.36 (KHTML, like Gecko) Chrome/31.0.1650.57 Safari/537.36"
10.100.4.52 - - [07/Mar/2014:09:05:44 +0530] "GET /admin/carbon/admin/jsp/session-validate.jsp HTTP/1.1" 200 3905 "https://10.100.4.52:9443/admin/carbon/admin/index.jsp?loginStatus=true" "Mozilla/5.0 (X11; Linux x86_64) AppleWebKit/537.36 (KHTML, like Gecko) Chrome/31.0.1650.57 Safari/537.36"
10.100.4.52 - - [07/Mar/2014:09:05:44 +0530] "GET /admin/carbon/server-admin/system_status_ajaxprocessor.jsp HTTP/1.1" 200 1243 "https://10.100.4.52:9443/admin/carbon/admin/index.jsp?loginStatus=true" "Mozilla/5.0 (X11; Linux x86_64) AppleWebKit/537.36 (KHTML, like Gecko) Chrome/31.0.1650.57 Safari/537.36"
127.0.0.1 - - [07/Mar/2014:09:05:45 +0530] "GET /publisher/api/cache/mobileapp HTTP/1.1" 200 89 "https://localhost:9443/publisher/assets/mobileapp/" "Mozilla/5.0 (X11; Linux x86_64) AppleWebKit/537.36 (KHTML, like Gecko) Chrome/31.0.1650.57 Safari/537.36"
127.0.0.1 - - [07/Mar/2014:09:05:49 +0530] "GET /publisher/api/cache/mobileapp HTTP/1.1" 200 89 "https://localhost:9443/publisher/assets/mobileapp/" "Mozilla/5.0 (X11; Linux x86_64) AppleWebKit/537.36 (KHTML, like Gecko) Chrome/31.0.1650.57 Safari/537.36"
10.100.4.52 - - [07/Mar/2014:09:05:50 +0530] "GET /admin/carbon/admin/jsp/session-validate.jsp HTTP/1.1" 200 3905 "https://10.100.4.52:9443/admin/carbon/admin/index.jsp?loginStatus=true" "Mozilla/5.0 (X11; Linux x86_64) AppleWebKit/537.36 (KHTML, like Gecko) Chrome/31.0.1650.57 Safari/537.36"
10.100.4.52 - - [07/Mar/2014:09:05:50 +0530] "GET /admin/carbon/server-admin/system_status_ajaxprocessor.jsp HTTP/1.1" 200 1245 "https://10.100.4.52:9443/admin/carbon/admin/index.jsp?loginStatus=true" "Mozilla/5.0 (X11; Linux x86_64) AppleWebKit/537.36 (KHTML, like Gecko) Chrome/31.0.1650.57 Safari/537.36"
127.0.0.1 - - [07/Mar/2014:09:05:53 +0530] "GET /publisher/api/cache/mobileapp HTTP/1.1" 200 89 "https://localhost:9443/publisher/assets/mobileapp/" "Mozilla/5.0 (X11; Linux x86_64) AppleWebKit/537.36 (KHTML, like Gecko) Chrome/31.0.1650.57 Safari/537.36"
10.100.4.52 - - [07/Mar/2014:09:05:56 +0530] "GET /admin/carbon/admin/jsp/session-validate.jsp HTTP/1.1" 200 3905 "https://10.100.4.52:9443/admin/carbon/admin/index.jsp?loginStatus=true" "Mozilla/5.0 (X11; Linux x86_64) AppleWebKit/537.36 (KHTML, like Gecko) Chrome/31.0.1650.57 Safari/537.36"
10.100.4.52 - - [07/Mar/2014:09:05:56 +0530] "GET /admin/carbon/server-admin/system_status_ajaxprocessor.jsp HTTP/1.1" 200 1245 "https://10.100.4.52:9443/admin/carbon/admin/index.jsp?loginStatus=true" "Mozilla/5.0 (X11; Linux x86_64) AppleWebKit/537.36 (KHTML, like Gecko) Chrome/31.0.1650.57 Safari/537.36"
127.0.0.1 - - [07/Mar/2014:09:05:57 +0530] "GET /publisher/api/cache/mobileapp HTTP/1.1" 200 89 "https://localhost:9443/publisher/assets/mobileapp/" "Mozilla/5.0 (X11; Linux x86_64) AppleWebKit/537.36 (KHTML, like Gecko) Chrome/31.0.1650.57 Safari/537.36"
127.0.0.1 - - [07/Mar/2014:09:06:01 +0530] "GET /publisher/api/cache/mobileapp HTTP/1.1" 200 89 "https://localhost:9443/publisher/assets/mobileapp/" "Mozilla/5.0 (X11; Linux x86_64) AppleWebKit/537.36 (KHTML, like Gecko) Chrome/31.0.1650.57 Safari/537.36"
10.100.4.52 - - [07/Mar/2014:09:06:02 +0530] "GET /admin/carbon/admin/jsp/session-validate.jsp HTTP/1.1" 200 3905 "https://10.100.4.52:9443/admin/carbon/admin/index.jsp?loginStatus=true" "Mozilla/5.0 (X11; Linux x86_64) AppleWebKit/537.36 (KHTML, like Gecko) Chrome/31.0.1650.57 Safari/537.36"
10.100.4.52 - - [07/Mar/2014:09:06:02 +0530] "GET /admin/carbon/server-admin/system_status_ajaxprocessor.jsp HTTP/1.1" 200 1244 "https://10.100.4.52:9443/admin/carbon/admin/index.jsp?loginStatus=true" "Mozilla/5.0 (X11; Linux x86_64) AppleWebKit/537.36 (KHTML, like Gecko) Chrome/31.0.1650.57 Safari/537.36"
127.0.0.1 - - [07/Mar/2014:09:06:05 +0530] "GET /publisher/api/cache/mobileapp HTTP/1.1" 200 89 "https://localhost:9443/publisher/assets/mobileapp/" "Mozilla/5.0 (X11; Linux x86_64) AppleWebKit/537.36 (KHTML, like Gecko) Chrome/31.0.1650.57 Safari/537.36"
10.100.4.52 - - [07/Mar/2014:09:06:08 +0530] "GET /admin/carbon/admin/jsp/session-validate.jsp HTTP/1.1" 200 3905 "https://10.100.4.52:9443/admin/carbon/admin/index.jsp?loginStatus=true" "Mozilla/5.0 (X11; Linux x86_64) AppleWebKit/537.36 (KHTML, like Gecko) Chrome/31.0.1650.57 Safari/537.36"
10.100.4.52 - - [07/Mar/2014:09:06:08 +0530] "GET /admin/carbon/server-admin/system_status_ajaxprocessor.jsp HTTP/1.1" 200 1245 "https://10.100.4.52:9443/admin/carbon/admin/index.jsp?loginStatus=true" "Mozilla/5.0 (X11; Linux x86_64) AppleWebKit/537.36 (KHTML, like Gecko) Chrome/31.0.1650.57 Safari/537.36"
127.0.0.1 - - [07/Mar/2014:09:06:09 +0530] "GET /publisher/api/cache/mobileapp HTTP/1.1" 200 89 "https://localhost:9443/publisher/assets/mobileapp/" "Mozilla/5.0 (X11; Linux x86_64) AppleWebKit/537.36 (KHTML, like Gecko) Chrome/31.0.1650.57 Safari/537.36"
127.0.0.1 - - [07/Mar/2014:09:06:13 +0530] "GET /publisher/api/cache/mobileapp HTTP/1.1" 200 89 "https://localhost:9443/publisher/assets/mobileapp/" "Mozilla/5.0 (X11; Linux x86_64) AppleWebKit/537.36 (KHTML, like Gecko) Chrome/31.0.1650.57 Safari/537.36"
10.100.4.52 - - [07/Mar/2014:09:06:14 +0530] "GET /admin/carbon/admin/jsp/session-validate.jsp HTTP/1.1" 200 3905 "https://10.100.4.52:9443/admin/carbon/admin/index.jsp?loginStatus=true" "Mozilla/5.0 (X11; Linux x86_64) AppleWebKit/537.36 (KHTML, like Gecko) Chrome/31.0.1650.57 Safari/537.36"
10.100.4.52 - - [07/Mar/2014:09:06:14 +0530] "GET /admin/carbon/server-admin/system_status_ajaxprocessor.jsp HTTP/1.1" 200 1244 "https://10.100.4.52:9443/admin/carbon/admin/index.jsp?loginStatus=true" "Mozilla/5.0 (X11; Linux x86_64) AppleWebKit/537.36 (KHTML, like Gecko) Chrome/31.0.1650.57 Safari/537.36"
127.0.0.1 - - [07/Mar/2014:09:06:17 +0530] "GET /publisher/api/cache/mobileapp HTTP/1.1" 200 89 "https://localhost:9443/publisher/assets/mobileapp/" "Mozilla/5.0 (X11; Linux x86_64) AppleWebKit/537.36 (KHTML, like Gecko) Chrome/31.0.1650.57 Safari/537.36"
10.100.4.52 - - [07/Mar/2014:09:06:20 +0530] "GET /admin/carbon/admin/jsp/session-validate.jsp HTTP/1.1" 200 3905 "https://10.100.4.52:9443/admin/carbon/admin/index.jsp?loginStatus=true" "Mozilla/5.0 (X11; Linux x86_64) AppleWebKit/537.36 (KHTML, like Gecko) Chrome/31.0.1650.57 Safari/537.36"
10.100.4.52 - - [07/Mar/2014:09:06:20 +0530] "GET /admin/carbon/server-admin/system_status_ajaxprocessor.jsp HTTP/1.1" 200 1244 "https://10.100.4.52:9443/admin/carbon/admin/index.jsp?loginStatus=true" "Mozilla/5.0 (X11; Linux x86_64) AppleWebKit/537.36 (KHTML, like Gecko) Chrome/31.0.1650.57 Safari/537.36"
127.0.0.1 - - [07/Mar/2014:09:06:21 +0530] "GET /publisher/api/cache/mobileapp HTTP/1.1" 200 89 "https://localhost:9443/publisher/assets/mobileapp/" "Mozilla/5.0 (X11; Linux x86_64) AppleWebKit/537.36 (KHTML, like Gecko) Chrome/31.0.1650.57 Safari/537.36"
127.0.0.1 - - [07/Mar/2014:09:06:25 +0530] "GET /publisher/api/cache/mobileapp HTTP/1.1" 200 89 "https://localhost:9443/publisher/assets/mobileapp/" "Mozilla/5.0 (X11; Linux x86_64) AppleWebKit/537.36 (KHTML, like Gecko) Chrome/31.0.1650.57 Safari/537.36"
10.100.4.52 - - [07/Mar/2014:09:06:26 +0530] "GET /admin/carbon/admin/jsp/session-validate.jsp HTTP/1.1" 200 3905 "https://10.100.4.52:9443/admin/carbon/admin/index.jsp?loginStatus=true" "Mozilla/5.0 (X11; Linux x86_64) AppleWebKit/537.36 (KHTML, like Gecko) Chrome/31.0.1650.57 Safari/537.36"
10.100.4.52 - - [07/Mar/2014:09:06:26 +0530] "GET /admin/carbon/server-admin/system_status_ajaxprocessor.jsp HTTP/1.1" 200 1244 "https://10.100.4.52:9443/admin/carbon/admin/index.jsp?loginStatus=true" "Mozilla/5.0 (X11; Linux x86_64) AppleWebKit/537.36 (KHTML, like Gecko) Chrome/31.0.1650.57 Safari/537.36"
127.0.0.1 - - [07/Mar/2014:09:06:29 +0530] "GET /publisher/api/cache/mobileapp HTTP/1.1" 200 89 "https://localhost:9443/publisher/assets/mobileapp/" "Mozilla/5.0 (X11; Linux x86_64) AppleWebKit/537.36 (KHTML, like Gecko) Chrome/31.0.1650.57 Safari/537.36"
10.100.4.52 - - [07/Mar/2014:09:06:32 +0530] "GET /admin/carbon/admin/jsp/session-validate.jsp HTTP/1.1" 200 3905 "https://10.100.4.52:9443/admin/carbon/admin/index.jsp?loginStatus=true" "Mozilla/5.0 (X11; Linux x86_64) AppleWebKit/537.36 (KHTML, like Gecko) Chrome/31.0.1650.57 Safari/537.36"
10.100.4.52 - - [07/Mar/2014:09:06:32 +0530] "GET /admin/carbon/server-admin/system_status_ajaxprocessor.jsp HTTP/1.1" 200 1244 "https://10.100.4.52:9443/admin/carbon/admin/index.jsp?loginStatus=true" "Mozilla/5.0 (X11; Linux x86_64) AppleWebKit/537.36 (KHTML, like Gecko) Chrome/31.0.1650.57 Safari/537.36"
127.0.0.1 - - [07/Mar/2014:09:06:33 +0530] "GET /publisher/api/cache/mobileapp HTTP/1.1" 200 89 "https://localhost:9443/publisher/assets/mobileapp/" "Mozilla/5.0 (X11; Linux x86_64) AppleWebKit/537.36 (KHTML, like Gecko) Chrome/31.0.1650.57 Safari/537.36"
127.0.0.1 - - [07/Mar/2014:09:06:37 +0530] "GET /publisher/api/cache/mobileapp HTTP/1.1" 200 89 "https://localhost:9443/publisher/assets/mobileapp/" "Mozilla/5.0 (X11; Linux x86_64) AppleWebKit/537.36 (KHTML, like Gecko) Chrome/31.0.1650.57 Safari/537.36"
10.100.4.52 - - [07/Mar/2014:09:06:38 +0530] "GET /admin/carbon/admin/jsp/session-validate.jsp HTTP/1.1" 200 3905 "https://10.100.4.52:9443/admin/carbon/admin/index.jsp?loginStatus=true" "Mozilla/5.0 (X11; Linux x86_64) AppleWebKit/537.36 (KHTML, like Gecko) Chrome/31.0.1650.57 Safari/537.36"
10.100.4.52 - - [07/Mar/2014:09:06:38 +0530] "GET /admin/carbon/server-admin/system_status_ajaxprocessor.jsp HTTP/1.1" 200 1243 "https://10.100.4.52:9443/admin/carbon/admin/index.jsp?loginStatus=true" "Mozilla/5.0 (X11; Linux x86_64) AppleWebKit/537.36 (KHTML, like Gecko) Chrome/31.0.1650.57 Safari/537.36"
127.0.0.1 - - [07/Mar/2014:09:06:41 +0530] "GET /publisher/api/cache/mobileapp HTTP/1.1" 200 89 "https://localhost:9443/publisher/assets/mobileapp/" "Mozilla/5.0 (X11; Linux x86_64) AppleWebKit/537.36 (KHTML, like Gecko) Chrome/31.0.1650.57 Safari/537.36"
10.100.4.52 - - [07/Mar/2014:09:06:44 +0530] "GET /admin/carbon/admin/jsp/session-validate.jsp HTTP/1.1" 200 3905 "https://10.100.4.52:9443/admin/carbon/admin/index.jsp?loginStatus=true" "Mozilla/5.0 (X11; Linux x86_64) AppleWebKit/537.36 (KHTML, like Gecko) Chrome/31.0.1650.57 Safari/537.36"
10.100.4.52 - - [07/Mar/2014:09:06:44 +0530] "GET /admin/carbon/server-admin/system_status_ajaxprocessor.jsp HTTP/1.1" 200 1243 "https://10.100.4.52:9443/admin/carbon/admin/index.jsp?loginStatus=true" "Mozilla/5.0 (X11; Linux x86_64) AppleWebKit/537.36 (KHTML, like Gecko) Chrome/31.0.1650.57 Safari/537.36"
127.0.0.1 - - [07/Mar/2014:09:06:45 +0530] "GET /publisher/api/cache/mobileapp HTTP/1.1" 200 89 "https://localhost:9443/publisher/assets/mobileapp/" "Mozilla/5.0 (X11; Linux x86_64) AppleWebKit/537.36 (KHTML, like Gecko) Chrome/31.0.1650.57 Safari/537.36"
127.0.0.1 - - [07/Mar/2014:09:06:49 +0530] "GET /publisher/api/cache/mobileapp HTTP/1.1" 200 89 "https://localhost:9443/publisher/assets/mobileapp/" "Mozilla/5.0 (X11; Linux x86_64) AppleWebKit/537.36 (KHTML, like Gecko) Chrome/31.0.1650.57 Safari/537.36"
10.100.4.52 - - [07/Mar/2014:09:06:50 +0530] "GET /admin/carbon/admin/jsp/session-validate.jsp HTTP/1.1" 200 3905 "https://10.100.4.52:9443/admin/carbon/admin/index.jsp?loginStatus=true" "Mozilla/5.0 (X11; Linux x86_64) AppleWebKit/537.36 (KHTML, like Gecko) Chrome/31.0.1650.57 Safari/537.36"
10.100.4.52 - - [07/Mar/2014:09:06:50 +0530] "GET /admin/carbon/server-admin/system_status_ajaxprocessor.jsp HTTP/1.1" 200 1244 "https://10.100.4.52:9443/admin/carbon/admin/index.jsp?loginStatus=true" "Mozilla/5.0 (X11; Linux x86_64) AppleWebKit/537.36 (KHTML, like Gecko) Chrome/31.0.1650.57 Safari/537.36"
127.0.0.1 - - [07/Mar/2014:09:06:53 +0530] "GET /publisher/api/cache/mobileapp HTTP/1.1" 200 89 "https://localhost:9443/publisher/assets/mobileapp/" "Mozilla/5.0 (X11; Linux x86_64) AppleWebKit/537.36 (KHTML, like Gecko) Chrome/31.0.1650.57 Safari/537.36"
10.100.4.52 - - [07/Mar/2014:09:06:56 +0530] "GET /admin/carbon/admin/jsp/session-validate.jsp HTTP/1.1" 200 3905 "https://10.100.4.52:9443/admin/carbon/admin/index.jsp?loginStatus=true" "Mozilla/5.0 (X11; Linux x86_64) AppleWebKit/537.36 (KHTML, like Gecko) Chrome/31.0.1650.57 Safari/537.36"
10.100.4.52 - - [07/Mar/2014:09:06:56 +0530] "GET /admin/carbon/server-admin/system_status_ajaxprocessor.jsp HTTP/1.1" 200 1244 "https://10.100.4.52:9443/admin/carbon/admin/index.jsp?loginStatus=true" "Mozilla/5.0 (X11; Linux x86_64) AppleWebKit/537.36 (KHTML, like Gecko) Chrome/31.0.1650.57 Safari/537.36"
127.0.0.1 - - [07/Mar/2014:09:06:57 +0530] "GET /publisher/api/cache/mobileapp HTTP/1.1" 200 89 "https://localhost:9443/publisher/assets/mobileapp/" "Mozilla/5.0 (X11; Linux x86_64) AppleWebKit/537.36 (KHTML, like Gecko) Chrome/31.0.1650.57 Safari/537.36"
10.100.4.52 - - [07/Mar/2014:09:07:01 +0530] "GET /admin/carbon/userstore/index.jsp?region=region1&item=userstores_menu HTTP/1.1" 200 5274 "https://10.100.4.52:9443/admin/carbon/admin/index.jsp?loginStatus=true" "Mozilla/5.0 (X11; Linux x86_64) AppleWebKit/537.36 (KHTML, like Gecko) Chrome/31.0.1650.57 Safari/537.36"
127.0.0.1 - - [07/Mar/2014:09:07:01 +0530] "GET /publisher/api/cache/mobileapp HTTP/1.1" 200 89 "https://localhost:9443/publisher/assets/mobileapp/" "Mozilla/5.0 (X11; Linux x86_64) AppleWebKit/537.36 (KHTML, like Gecko) Chrome/31.0.1650.57 Safari/537.36"
10.100.4.52 - - [07/Mar/2014:09:07:01 +0530] "GET /admin/carbon/admin/jsp/registry_styles_ajaxprocessor.jsp HTTP/1.1" 200 123 "https://10.100.4.52:9443/admin/carbon/userstore/index.jsp?region=region1&item=userstores_menu" "Mozilla/5.0 (X11; Linux x86_64) AppleWebKit/537.36 (KHTML, like Gecko) Chrome/31.0.1650.57 Safari/537.36"
10.100.4.52 - - [07/Mar/2014:09:07:01 +0530] "GET /admin/carbon/admin/js/jquery-1.5.2.min.js HTTP/1.1" 200 30375 "https://10.100.4.52:9443/admin/carbon/userstore/index.jsp?region=region1&item=userstores_menu" "Mozilla/5.0 (X11; Linux x86_64) AppleWebKit/537.36 (KHTML, like Gecko) Chrome/31.0.1650.57 Safari/537.36"
10.100.4.52 - - [07/Mar/2014:09:07:01 +0530] "GET /admin/carbon/dialog/js/jqueryui/jquery-ui.min.js HTTP/1.1" 200 25705 "https://10.100.4.52:9443/admin/carbon/userstore/index.jsp?region=region1&item=userstores_menu" "Mozilla/5.0 (X11; Linux x86_64) AppleWebKit/537.36 (KHTML, like Gecko) Chrome/31.0.1650.57 Safari/537.36"
10.100.4.52 - - [07/Mar/2014:09:07:01 +0530] "GET /admin/carbon/userstore/extensions/core/js/vui.js HTTP/1.1" 404 1075 "https://10.100.4.52:9443/admin/carbon/userstore/index.jsp?region=region1&item=userstores_menu" "Mozilla/5.0 (X11; Linux x86_64) AppleWebKit/537.36 (KHTML, like Gecko) Chrome/31.0.1650.57 Safari/537.36"
10.100.4.52 - - [07/Mar/2014:09:07:01 +0530] "GET /admin/carbon/userstore/images/users.gif HTTP/1.1" 200 1027 "https://10.100.4.52:9443/admin/carbon/userstore/index.jsp?region=region1&item=userstores_menu" "Mozilla/5.0 (X11; Linux x86_64) AppleWebKit/537.36 (KHTML, like Gecko) Chrome/31.0.1650.57 Safari/537.36"
10.100.4.52 - - [07/Mar/2014:09:07:01 +0530] "GET /admin/carbon/userstore/images/user-roles.gif HTTP/1.1" 200 1048 "https://10.100.4.52:9443/admin/carbon/userstore/index.jsp?region=region1&item=userstores_menu" "Mozilla/5.0 (X11; Linux x86_64) AppleWebKit/537.36 (KHTML, like Gecko) Chrome/31.0.1650.57 Safari/537.36"
10.100.4.52 - - [07/Mar/2014:09:07:01 +0530] "GET /admin/carbon/admin/images/table-header.gif HTTP/1.1" 200 873 "https://10.100.4.52:9443/admin/carbon/userstore/index.jsp?region=region1&item=userstores_menu" "Mozilla/5.0 (X11; Linux x86_64) AppleWebKit/537.36 (KHTML, like Gecko) Chrome/31.0.1650.57 Safari/537.36"
10.100.4.52 - - [07/Mar/2014:09:07:01 +0530] "GET /admin/carbon/userstore/images/keys.gif HTTP/1.1" 200 969 "https://10.100.4.52:9443/admin/carbon/userstore/index.jsp?region=region1&item=userstores_menu" "Mozilla/5.0 (X11; Linux x86_64) AppleWebKit/537.36 (KHTML, like Gecko) Chrome/31.0.1650.57 Safari/537.36"
127.0.0.1 - - [07/Mar/2014:09:07:05 +0530] "GET /publisher/api/cache/mobileapp HTTP/1.1" 200 89 "https://localhost:9443/publisher/assets/mobileapp/" "Mozilla/5.0 (X11; Linux x86_64) AppleWebKit/537.36 (KHTML, like Gecko) Chrome/31.0.1650.57 Safari/537.36"
127.0.0.1 - - [07/Mar/2014:09:07:09 +0530] "GET /publisher/api/cache/mobileapp HTTP/1.1" 200 89 "https://localhost:9443/publisher/assets/mobileapp/" "Mozilla/5.0 (X11; Linux x86_64) AppleWebKit/537.36 (KHTML, like Gecko) Chrome/31.0.1650.57 Safari/537.36"
10.100.4.52 - - [07/Mar/2014:09:07:10 +0530] "GET /admin/carbon/user/user-mgt.jsp HTTP/1.1" 200 5529 "https://10.100.4.52:9443/admin/carbon/userstore/index.jsp?region=region1&item=userstores_menu" "Mozilla/5.0 (X11; Linux x86_64) AppleWebKit/537.36 (KHTML, like Gecko) Chrome/31.0.1650.57 Safari/537.36"
10.100.4.52 - - [07/Mar/2014:09:07:10 +0530] "GET /admin/carbon/admin/jsp/registry_styles_ajaxprocessor.jsp HTTP/1.1" 200 123 "https://10.100.4.52:9443/admin/carbon/user/user-mgt.jsp" "Mozilla/5.0 (X11; Linux x86_64) AppleWebKit/537.36 (KHTML, like Gecko) Chrome/31.0.1650.57 Safari/537.36"
10.100.4.52 - - [07/Mar/2014:09:07:10 +0530] "GET /admin/carbon/userstore/extensions/js/vui.js HTTP/1.1" 200 673 "https://10.100.4.52:9443/admin/carbon/user/user-mgt.jsp" "Mozilla/5.0 (X11; Linux x86_64) AppleWebKit/537.36 (KHTML, like Gecko) Chrome/31.0.1650.57 Safari/537.36"
10.100.4.52 - - [07/Mar/2014:09:07:10 +0530] "GET /admin/carbon/admin/images/edit.gif HTTP/1.1" 200 1041 "https://10.100.4.52:9443/admin/carbon/user/user-mgt.jsp" "Mozilla/5.0 (X11; Linux x86_64) AppleWebKit/537.36 (KHTML, like Gecko) Chrome/31.0.1650.57 Safari/537.36"
10.100.4.52 - - [07/Mar/2014:09:07:10 +0530] "GET /admin/carbon/user/images/view.gif HTTP/1.1" 200 596 "https://10.100.4.52:9443/admin/carbon/user/user-mgt.jsp" "Mozilla/5.0 (X11; Linux x86_64) AppleWebKit/537.36 (KHTML, like Gecko) Chrome/31.0.1650.57 Safari/537.36"
10.100.4.52 - - [07/Mar/2014:09:07:10 +0530] "GET /admin/carbon/user/images/delete.gif HTTP/1.1" 200 555 "https://10.100.4.52:9443/admin/carbon/user/user-mgt.jsp" "Mozilla/5.0 (X11; Linux x86_64) AppleWebKit/537.36 (KHTML, like Gecko) Chrome/31.0.1650.57 Safari/537.36"
10.100.4.52 - - [07/Mar/2014:09:07:10 +0530] "GET /admin/carbon/user/images/bulk-import.gif HTTP/1.1" 200 1016 "https://10.100.4.52:9443/admin/carbon/user/user-mgt.jsp" "Mozilla/5.0 (X11; Linux x86_64) AppleWebKit/537.36 (KHTML, like Gecko) Chrome/31.0.1650.57 Safari/537.36"
10.100.4.52 - - [07/Mar/2014:09:07:10 +0530] "GET /admin/carbon/user/images/add.gif HTTP/1.1" 200 407 "https://10.100.4.52:9443/admin/carbon/user/user-mgt.jsp" "Mozilla/5.0 (X11; Linux x86_64) AppleWebKit/537.36 (KHTML, like Gecko) Chrome/31.0.1650.57 Safari/537.36"
127.0.0.1 - - [07/Mar/2014:09:07:13 +0530] "GET /publisher/api/cache/mobileapp HTTP/1.1" 200 89 "https://localhost:9443/publisher/assets/mobileapp/" "Mozilla/5.0 (X11; Linux x86_64) AppleWebKit/537.36 (KHTML, like Gecko) Chrome/31.0.1650.57 Safari/537.36"
10.100.4.52 - - [07/Mar/2014:09:07:15 +0530] "GET /admin/carbon/user/edit-user-roles.jsp?username=tharindu&disPlayName=tharindu HTTP/1.1" 200 6260 "https://10.100.4.52:9443/admin/carbon/user/user-mgt.jsp" "Mozilla/5.0 (X11; Linux x86_64) AppleWebKit/537.36 (KHTML, like Gecko) Chrome/31.0.1650.57 Safari/537.36"
10.100.4.52 - - [07/Mar/2014:09:07:15 +0530] "GET /admin/carbon/admin/jsp/registry_styles_ajaxprocessor.jsp HTTP/1.1" 200 123 "https://10.100.4.52:9443/admin/carbon/user/edit-user-roles.jsp?username=tharindu&disPlayName=tharindu" "Mozilla/5.0 (X11; Linux x86_64) AppleWebKit/537.36 (KHTML, like Gecko) Chrome/31.0.1650.57 Safari/537.36"
10.100.4.52 - - [07/Mar/2014:09:07:15 +0530] "GET /admin/carbon/admin/images/help-small-icon.png HTTP/1.1" 200 631 "https://10.100.4.52:9443/admin/carbon/user/edit-user-roles.jsp?username=tharindu&disPlayName=tharindu" "Mozilla/5.0 (X11; Linux x86_64) AppleWebKit/537.36 (KHTML, like Gecko) Chrome/31.0.1650.57 Safari/537.36"
10.100.4.52 - - [07/Mar/2014:09:07:15 +0530] "GET /admin/carbon/user/images/edit.gif HTTP/1.1" 200 1036 "https://10.100.4.52:9443/admin/carbon/user/edit-user-roles.jsp?username=tharindu&disPlayName=tharindu" "Mozilla/5.0 (X11; Linux x86_64) AppleWebKit/537.36 (KHTML, like Gecko) Chrome/31.0.1650.57 Safari/537.36"
10.100.4.52 - - [07/Mar/2014:09:07:15 +0530] "GET /admin/carbon/admin/images/buttonRow-bg.gif HTTP/1.1" 200 130 "https://10.100.4.52:9443/admin/carbon/user/edit-user-roles.jsp?username=tharindu&disPlayName=tharindu" "Mozilla/5.0 (X11; Linux x86_64) AppleWebKit/537.36 (KHTML, like Gecko) Chrome/31.0.1650.57 Safari/537.36"
127.0.0.1 - - [07/Mar/2014:09:07:17 +0530] "GET /publisher/api/cache/mobileapp HTTP/1.1" 200 89 "https://localhost:9443/publisher/assets/mobileapp/" "Mozilla/5.0 (X11; Linux x86_64) AppleWebKit/537.36 (KHTML, like Gecko) Chrome/31.0.1650.57 Safari/537.36"
127.0.0.1 - - [07/Mar/2014:09:07:21 +0530] "GET /publisher/api/cache/mobileapp HTTP/1.1" 200 89 "https://localhost:9443/publisher/assets/mobileapp/" "Mozilla/5.0 (X11; Linux x86_64) AppleWebKit/537.36 (KHTML, like Gecko) Chrome/31.0.1650.57 Safari/537.36"
127.0.0.1 - - [07/Mar/2014:09:07:25 +0530] "GET /publisher/api/cache/mobileapp HTTP/1.1" 200 89 "https://localhost:9443/publisher/assets/mobileapp/" "Mozilla/5.0 (X11; Linux x86_64) AppleWebKit/537.36 (KHTML, like Gecko) Chrome/31.0.1650.57 Safari/537.36"
127.0.0.1 - - [07/Mar/2014:09:07:29 +0530] "GET /publisher/api/cache/mobileapp HTTP/1.1" 200 89 "https://localhost:9443/publisher/assets/mobileapp/" "Mozilla/5.0 (X11; Linux x86_64) AppleWebKit/537.36 (KHTML, like Gecko) Chrome/31.0.1650.57 Safari/537.36"
127.0.0.1 - - [07/Mar/2014:09:07:33 +0530] "GET /publisher/api/cache/mobileapp HTTP/1.1" 200 89 "https://localhost:9443/publisher/assets/mobileapp/" "Mozilla/5.0 (X11; Linux x86_64) AppleWebKit/537.36 (KHTML, like Gecko) Chrome/31.0.1650.57 Safari/537.36"
127.0.0.1 - - [07/Mar/2014:09:07:37 +0530] "GET /publisher/api/cache/mobileapp HTTP/1.1" 200 89 "https://localhost:9443/publisher/assets/mobileapp/" "Mozilla/5.0 (X11; Linux x86_64) AppleWebKit/537.36 (KHTML, like Gecko) Chrome/31.0.1650.57 Safari/537.36"
127.0.0.1 - - [07/Mar/2014:09:07:41 +0530] "GET /publisher/api/cache/mobileapp HTTP/1.1" 200 89 "https://localhost:9443/publisher/assets/mobileapp/" "Mozilla/5.0 (X11; Linux x86_64) AppleWebKit/537.36 (KHTML, like Gecko) Chrome/31.0.1650.57 Safari/537.36"
127.0.0.1 - - [07/Mar/2014:09:07:46 +0530] "GET /publisher/api/cache/mobileapp HTTP/1.1" 200 89 "https://localhost:9443/publisher/assets/mobileapp/" "Mozilla/5.0 (X11; Linux x86_64) AppleWebKit/537.36 (KHTML, like Gecko) Chrome/31.0.1650.57 Safari/537.36"
127.0.0.1 - - [07/Mar/2014:09:07:50 +0530] "GET /publisher/api/cache/mobileapp HTTP/1.1" 200 89 "https://localhost:9443/publisher/assets/mobileapp/" "Mozilla/5.0 (X11; Linux x86_64) AppleWebKit/537.36 (KHTML, like Gecko) Chrome/31.0.1650.57 Safari/537.36"
127.0.0.1 - - [07/Mar/2014:09:07:54 +0530] "GET /publisher/api/cache/mobileapp HTTP/1.1" 200 89 "https://localhost:9443/publisher/assets/mobileapp/" "Mozilla/5.0 (X11; Linux x86_64) AppleWebKit/537.36 (KHTML, like Gecko) Chrome/31.0.1650.57 Safari/537.36"
127.0.0.1 - - [07/Mar/2014:09:07:58 +0530] "GET /publisher/api/cache/mobileapp HTTP/1.1" 200 89 "https://localhost:9443/publisher/assets/mobileapp/" "Mozilla/5.0 (X11; Linux x86_64) AppleWebKit/537.36 (KHTML, like Gecko) Chrome/31.0.1650.57 Safari/537.36"
127.0.0.1 - - [07/Mar/2014:09:08:02 +0530] "GET /publisher/api/cache/mobileapp HTTP/1.1" 200 89 "https://localhost:9443/publisher/assets/mobileapp/" "Mozilla/5.0 (X11; Linux x86_64) AppleWebKit/537.36 (KHTML, like Gecko) Chrome/31.0.1650.57 Safari/537.36"
10.100.4.52 - - [07/Mar/2014:09:08:04 +0530] "GET /admin/carbon/userstore/index.jsp?region=region1&item=userstores_menu HTTP/1.1" 200 5273 "https://10.100.4.52:9443/admin/carbon/user/edit-user-roles.jsp?username=tharindu&disPlayName=tharindu" "Mozilla/5.0 (X11; Linux x86_64) AppleWebKit/537.36 (KHTML, like Gecko) Chrome/31.0.1650.57 Safari/537.36"
10.100.4.52 - - [07/Mar/2014:09:08:04 +0530] "GET /admin/carbon/admin/jsp/registry_styles_ajaxprocessor.jsp HTTP/1.1" 200 123 "https://10.100.4.52:9443/admin/carbon/userstore/index.jsp?region=region1&item=userstores_menu" "Mozilla/5.0 (X11; Linux x86_64) AppleWebKit/537.36 (KHTML, like Gecko) Chrome/31.0.1650.57 Safari/537.36"
10.100.4.52 - - [07/Mar/2014:09:08:04 +0530] "GET /admin/carbon/userstore/extensions/core/js/vui.js HTTP/1.1" 404 1075 "https://10.100.4.52:9443/admin/carbon/userstore/index.jsp?region=region1&item=userstores_menu" "Mozilla/5.0 (X11; Linux x86_64) AppleWebKit/537.36 (KHTML, like Gecko) Chrome/31.0.1650.57 Safari/537.36"
10.100.4.52 - - [07/Mar/2014:09:08:06 +0530] "GET /admin/carbon/user/user-mgt.jsp HTTP/1.1" 200 5530 "https://10.100.4.52:9443/admin/carbon/userstore/index.jsp?region=region1&item=userstores_menu" "Mozilla/5.0 (X11; Linux x86_64) AppleWebKit/537.36 (KHTML, like Gecko) Chrome/31.0.1650.57 Safari/537.36"
10.100.4.52 - - [07/Mar/2014:09:08:06 +0530] "GET /admin/carbon/admin/jsp/registry_styles_ajaxprocessor.jsp HTTP/1.1" 200 123 "https://10.100.4.52:9443/admin/carbon/user/user-mgt.jsp" "Mozilla/5.0 (X11; Linux x86_64) AppleWebKit/537.36 (KHTML, like Gecko) Chrome/31.0.1650.57 Safari/537.36"
127.0.0.1 - - [07/Mar/2014:09:08:06 +0530] "GET /publisher/api/cache/mobileapp HTTP/1.1" 200 89 "https://localhost:9443/publisher/assets/mobileapp/" "Mozilla/5.0 (X11; Linux x86_64) AppleWebKit/537.36 (KHTML, like Gecko) Chrome/31.0.1650.57 Safari/537.36"
10.100.4.52 - - [07/Mar/2014:09:08:09 +0530] "GET /admin/carbon/user/add-step1.jsp HTTP/1.1" 200 6501 "https://10.100.4.52:9443/admin/carbon/user/user-mgt.jsp" "Mozilla/5.0 (X11; Linux x86_64) AppleWebKit/537.36 (KHTML, like Gecko) Chrome/31.0.1650.57 Safari/537.36"
10.100.4.52 - - [07/Mar/2014:09:08:09 +0530] "GET /admin/carbon/admin/jsp/registry_styles_ajaxprocessor.jsp HTTP/1.1" 200 123 "https://10.100.4.52:9443/admin/carbon/user/add-step1.jsp" "Mozilla/5.0 (X11; Linux x86_64) AppleWebKit/537.36 (KHTML, like Gecko) Chrome/31.0.1650.57 Safari/537.36"
127.0.0.1 - - [07/Mar/2014:09:08:10 +0530] "GET /publisher/api/cache/mobileapp HTTP/1.1" 200 89 "https://localhost:9443/publisher/assets/mobileapp/" "Mozilla/5.0 (X11; Linux x86_64) AppleWebKit/537.36 (KHTML, like Gecko) Chrome/31.0.1650.57 Safari/537.36"
127.0.0.1 - - [07/Mar/2014:09:08:14 +0530] "GET /publisher/api/cache/mobileapp HTTP/1.1" 200 89 "https://localhost:9443/publisher/assets/mobileapp/" "Mozilla/5.0 (X11; Linux x86_64) AppleWebKit/537.36 (KHTML, like Gecko) Chrome/31.0.1650.57 Safari/537.36"
127.0.0.1 - - [07/Mar/2014:09:08:18 +0530] "GET /publisher/api/cache/mobileapp HTTP/1.1" 200 89 "https://localhost:9443/publisher/assets/mobileapp/" "Mozilla/5.0 (X11; Linux x86_64) AppleWebKit/537.36 (KHTML, like Gecko) Chrome/31.0.1650.57 Safari/537.36"
10.100.4.52 - - [07/Mar/2014:09:08:21 +0530] "POST /admin/carbon/user/add-step2.jsp HTTP/1.1" 200 5864 "https://10.100.4.52:9443/admin/carbon/user/add-step1.jsp" "Mozilla/5.0 (X11; Linux x86_64) AppleWebKit/537.36 (KHTML, like Gecko) Chrome/31.0.1650.57 Safari/537.36"
10.100.4.52 - - [07/Mar/2014:09:08:21 +0530] "GET /admin/carbon/admin/jsp/registry_styles_ajaxprocessor.jsp HTTP/1.1" 200 123 "https://10.100.4.52:9443/admin/carbon/user/add-step2.jsp" "Mozilla/5.0 (X11; Linux x86_64) AppleWebKit/537.36 (KHTML, like Gecko) Chrome/31.0.1650.57 Safari/537.36"
127.0.0.1 - - [07/Mar/2014:09:08:22 +0530] "GET /publisher/api/cache/mobileapp HTTP/1.1" 200 89 "https://localhost:9443/publisher/assets/mobileapp/" "Mozilla/5.0 (X11; Linux x86_64) AppleWebKit/537.36 (KHTML, like Gecko) Chrome/31.0.1650.57 Safari/537.36"
127.0.0.1 - - [07/Mar/2014:09:08:26 +0530] "GET /publisher/api/cache/mobileapp HTTP/1.1" 200 89 "https://localhost:9443/publisher/assets/mobileapp/" "Mozilla/5.0 (X11; Linux x86_64) AppleWebKit/537.36 (KHTML, like Gecko) Chrome/31.0.1650.57 Safari/537.36"
127.0.0.1 - - [07/Mar/2014:09:08:30 +0530] "GET /publisher/api/cache/mobileapp HTTP/1.1" 200 89 "https://localhost:9443/publisher/assets/mobileapp/" "Mozilla/5.0 (X11; Linux x86_64) AppleWebKit/537.36 (KHTML, like Gecko) Chrome/31.0.1650.57 Safari/537.36"
127.0.0.1 - - [07/Mar/2014:09:08:34 +0530] "GET /publisher/api/cache/mobileapp HTTP/1.1" 200 89 "https://localhost:9443/publisher/assets/mobileapp/" "Mozilla/5.0 (X11; Linux x86_64) AppleWebKit/537.36 (KHTML, like Gecko) Chrome/31.0.1650.57 Safari/537.36"
127.0.0.1 - - [07/Mar/2014:09:08:38 +0530] "GET /publisher/api/cache/mobileapp HTTP/1.1" 200 89 "https://localhost:9443/publisher/assets/mobileapp/" "Mozilla/5.0 (X11; Linux x86_64) AppleWebKit/537.36 (KHTML, like Gecko) Chrome/31.0.1650.57 Safari/537.36"
127.0.0.1 - - [07/Mar/2014:09:08:42 +0530] "GET /publisher/api/cache/mobileapp HTTP/1.1" 200 89 "https://localhost:9443/publisher/assets/mobileapp/" "Mozilla/5.0 (X11; Linux x86_64) AppleWebKit/537.36 (KHTML, like Gecko) Chrome/31.0.1650.57 Safari/537.36"
127.0.0.1 - - [07/Mar/2014:09:08:46 +0530] "GET /publisher/api/cache/mobileapp HTTP/1.1" 200 89 "https://localhost:9443/publisher/assets/mobileapp/" "Mozilla/5.0 (X11; Linux x86_64) AppleWebKit/537.36 (KHTML, like Gecko) Chrome/31.0.1650.57 Safari/537.36"
127.0.0.1 - - [07/Mar/2014:09:08:50 +0530] "GET /publisher/api/cache/mobileapp HTTP/1.1" 200 89 "https://localhost:9443/publisher/assets/mobileapp/" "Mozilla/5.0 (X11; Linux x86_64) AppleWebKit/537.36 (KHTML, like Gecko) Chrome/31.0.1650.57 Safari/537.36"
127.0.0.1 - - [07/Mar/2014:09:08:54 +0530] "GET /publisher/api/cache/mobileapp HTTP/1.1" 200 89 "https://localhost:9443/publisher/assets/mobileapp/" "Mozilla/5.0 (X11; Linux x86_64) AppleWebKit/537.36 (KHTML, like Gecko) Chrome/31.0.1650.57 Safari/537.36"
127.0.0.1 - - [07/Mar/2014:09:08:58 +0530] "GET /publisher/api/cache/mobileapp HTTP/1.1" 200 89 "https://localhost:9443/publisher/assets/mobileapp/" "Mozilla/5.0 (X11; Linux x86_64) AppleWebKit/537.36 (KHTML, like Gecko) Chrome/31.0.1650.57 Safari/537.36"
127.0.0.1 - - [07/Mar/2014:09:09:02 +0530] "GET /publisher/api/cache/mobileapp HTTP/1.1" 200 89 "https://localhost:9443/publisher/assets/mobileapp/" "Mozilla/5.0 (X11; Linux x86_64) AppleWebKit/537.36 (KHTML, like Gecko) Chrome/31.0.1650.57 Safari/537.36"
127.0.0.1 - - [07/Mar/2014:09:09:06 +0530] "GET /publisher/api/cache/mobileapp HTTP/1.1" 200 89 "https://localhost:9443/publisher/assets/mobileapp/" "Mozilla/5.0 (X11; Linux x86_64) AppleWebKit/537.36 (KHTML, like Gecko) Chrome/31.0.1650.57 Safari/537.36"
127.0.0.1 - - [07/Mar/2014:09:09:10 +0530] "GET /publisher/api/cache/mobileapp HTTP/1.1" 200 89 "https://localhost:9443/publisher/assets/mobileapp/" "Mozilla/5.0 (X11; Linux x86_64) AppleWebKit/537.36 (KHTML, like Gecko) Chrome/31.0.1650.57 Safari/537.36"
127.0.0.1 - - [07/Mar/2014:09:09:14 +0530] "GET /publisher/api/cache/mobileapp HTTP/1.1" 200 89 "https://localhost:9443/publisher/assets/mobileapp/" "Mozilla/5.0 (X11; Linux x86_64) AppleWebKit/537.36 (KHTML, like Gecko) Chrome/31.0.1650.57 Safari/537.36"
127.0.0.1 - - [07/Mar/2014:09:09:18 +0530] "GET /publisher/api/cache/mobileapp HTTP/1.1" 200 89 "https://localhost:9443/publisher/assets/mobileapp/" "Mozilla/5.0 (X11; Linux x86_64) AppleWebKit/537.36 (KHTML, like Gecko) Chrome/31.0.1650.57 Safari/537.36"
127.0.0.1 - - [07/Mar/2014:09:09:22 +0530] "GET /publisher/api/cache/mobileapp HTTP/1.1" 200 89 "https://localhost:9443/publisher/assets/mobileapp/" "Mozilla/5.0 (X11; Linux x86_64) AppleWebKit/537.36 (KHTML, like Gecko) Chrome/31.0.1650.57 Safari/537.36"
127.0.0.1 - - [07/Mar/2014:09:09:26 +0530] "GET /publisher/api/cache/mobileapp HTTP/1.1" 200 89 "https://localhost:9443/publisher/assets/mobileapp/" "Mozilla/5.0 (X11; Linux x86_64) AppleWebKit/537.36 (KHTML, like Gecko) Chrome/31.0.1650.57 Safari/537.36"
127.0.0.1 - - [07/Mar/2014:09:09:30 +0530] "GET /publisher/api/cache/mobileapp HTTP/1.1" 200 89 "https://localhost:9443/publisher/assets/mobileapp/" "Mozilla/5.0 (X11; Linux x86_64) AppleWebKit/537.36 (KHTML, like Gecko) Chrome/31.0.1650.57 Safari/537.36"
127.0.0.1 - - [07/Mar/2014:09:09:34 +0530] "GET /publisher/api/cache/mobileapp HTTP/1.1" 200 89 "https://localhost:9443/publisher/assets/mobileapp/" "Mozilla/5.0 (X11; Linux x86_64) AppleWebKit/537.36 (KHTML, like Gecko) Chrome/31.0.1650.57 Safari/537.36"
127.0.0.1 - - [07/Mar/2014:09:09:38 +0530] "GET /publisher/api/cache/mobileapp HTTP/1.1" 200 89 "https://localhost:9443/publisher/assets/mobileapp/" "Mozilla/5.0 (X11; Linux x86_64) AppleWebKit/537.36 (KHTML, like Gecko) Chrome/31.0.1650.57 Safari/537.36"
127.0.0.1 - - [07/Mar/2014:09:09:42 +0530] "GET /publisher/api/cache/mobileapp HTTP/1.1" 200 89 "https://localhost:9443/publisher/assets/mobileapp/" "Mozilla/5.0 (X11; Linux x86_64) AppleWebKit/537.36 (KHTML, like Gecko) Chrome/31.0.1650.57 Safari/537.36"
127.0.0.1 - - [07/Mar/2014:09:09:46 +0530] "GET /publisher/api/cache/mobileapp HTTP/1.1" 200 89 "https://localhost:9443/publisher/assets/mobileapp/" "Mozilla/5.0 (X11; Linux x86_64) AppleWebKit/537.36 (KHTML, like Gecko) Chrome/31.0.1650.57 Safari/537.36"
127.0.0.1 - - [07/Mar/2014:09:09:50 +0530] "GET /publisher/api/cache/mobileapp HTTP/1.1" 200 89 "https://localhost:9443/publisher/assets/mobileapp/" "Mozilla/5.0 (X11; Linux x86_64) AppleWebKit/537.36 (KHTML, like Gecko) Chrome/31.0.1650.57 Safari/537.36"
127.0.0.1 - - [07/Mar/2014:09:09:54 +0530] "GET /publisher/api/cache/mobileapp HTTP/1.1" 200 89 "https://localhost:9443/publisher/assets/mobileapp/" "Mozilla/5.0 (X11; Linux x86_64) AppleWebKit/537.36 (KHTML, like Gecko) Chrome/31.0.1650.57 Safari/537.36"
127.0.0.1 - - [07/Mar/2014:09:09:58 +0530] "GET /publisher/api/cache/mobileapp HTTP/1.1" 200 89 "https://localhost:9443/publisher/assets/mobileapp/" "Mozilla/5.0 (X11; Linux x86_64) AppleWebKit/537.36 (KHTML, like Gecko) Chrome/31.0.1650.57 Safari/537.36"
127.0.0.1 - - [07/Mar/2014:09:10:02 +0530] "GET /publisher/api/cache/mobileapp HTTP/1.1" 200 89 "https://localhost:9443/publisher/assets/mobileapp/" "Mozilla/5.0 (X11; Linux x86_64) AppleWebKit/537.36 (KHTML, like Gecko) Chrome/31.0.1650.57 Safari/537.36"
127.0.0.1 - - [07/Mar/2014:09:10:06 +0530] "GET /publisher/api/cache/mobileapp HTTP/1.1" 200 89 "https://localhost:9443/publisher/assets/mobileapp/" "Mozilla/5.0 (X11; Linux x86_64) AppleWebKit/537.36 (KHTML, like Gecko) Chrome/31.0.1650.57 Safari/537.36"
127.0.0.1 - - [07/Mar/2014:09:10:10 +0530] "GET /publisher/api/cache/mobileapp HTTP/1.1" 200 89 "https://localhost:9443/publisher/assets/mobileapp/" "Mozilla/5.0 (X11; Linux x86_64) AppleWebKit/537.36 (KHTML, like Gecko) Chrome/31.0.1650.57 Safari/537.36"
127.0.0.1 - - [07/Mar/2014:09:10:14 +0530] "GET /publisher/api/cache/mobileapp HTTP/1.1" 200 89 "https://localhost:9443/publisher/assets/mobileapp/" "Mozilla/5.0 (X11; Linux x86_64) AppleWebKit/537.36 (KHTML, like Gecko) Chrome/31.0.1650.57 Safari/537.36"
127.0.0.1 - - [07/Mar/2014:09:10:18 +0530] "GET /publisher/api/cache/mobileapp HTTP/1.1" 200 89 "https://localhost:9443/publisher/assets/mobileapp/" "Mozilla/5.0 (X11; Linux x86_64) AppleWebKit/537.36 (KHTML, like Gecko) Chrome/31.0.1650.57 Safari/537.36"
127.0.0.1 - - [07/Mar/2014:09:10:22 +0530] "GET /publisher/api/cache/mobileapp HTTP/1.1" 200 89 "https://localhost:9443/publisher/assets/mobileapp/" "Mozilla/5.0 (X11; Linux x86_64) AppleWebKit/537.36 (KHTML, like Gecko) Chrome/31.0.1650.57 Safari/537.36"
127.0.0.1 - - [07/Mar/2014:09:10:26 +0530] "GET /publisher/api/cache/mobileapp HTTP/1.1" 200 89 "https://localhost:9443/publisher/assets/mobileapp/" "Mozilla/5.0 (X11; Linux x86_64) AppleWebKit/537.36 (KHTML, like Gecko) Chrome/31.0.1650.57 Safari/537.36"
127.0.0.1 - - [07/Mar/2014:09:10:30 +0530] "GET /publisher/api/cache/mobileapp HTTP/1.1" 200 89 "https://localhost:9443/publisher/assets/mobileapp/" "Mozilla/5.0 (X11; Linux x86_64) AppleWebKit/537.36 (KHTML, like Gecko) Chrome/31.0.1650.57 Safari/537.36"
127.0.0.1 - - [07/Mar/2014:09:10:34 +0530] "GET /publisher/api/cache/mobileapp HTTP/1.1" 200 89 "https://localhost:9443/publisher/assets/mobileapp/" "Mozilla/5.0 (X11; Linux x86_64) AppleWebKit/537.36 (KHTML, like Gecko) Chrome/31.0.1650.57 Safari/537.36"
127.0.0.1 - - [07/Mar/2014:09:10:38 +0530] "GET /publisher/api/cache/mobileapp HTTP/1.1" 200 89 "https://localhost:9443/publisher/assets/mobileapp/" "Mozilla/5.0 (X11; Linux x86_64) AppleWebKit/537.36 (KHTML, like Gecko) Chrome/31.0.1650.57 Safari/537.36"
127.0.0.1 - - [07/Mar/2014:09:10:42 +0530] "GET /publisher/api/cache/mobileapp HTTP/1.1" 200 89 "https://localhost:9443/publisher/assets/mobileapp/" "Mozilla/5.0 (X11; Linux x86_64) AppleWebKit/537.36 (KHTML, like Gecko) Chrome/31.0.1650.57 Safari/537.36"
