127.0.0.1 - - [07/Mar/2014:09:03:03 +0530] "GET /publisher/themes/default/font/Lato-Bol-webfont.woff HTTP/1.1" 200 19432 "https://localhost:9443/publisher/assets/gadget/" "Mozilla/5.0 (X11; Linux x86_64) AppleWebKit/537.36 (KHTML, like Gecko) Chrome/31.0.1650.57 Safari/537.36"
127.0.0.1 - - [07/Mar/2014:09:03:03 +0530] "GET /publisher/themes/default/font/fontawesome-webfont.woff?v=3.2.1 HTTP/1.1" 200 43572 "https://localhost:9443/publisher/assets/gadget/" "Mozilla/5.0 (X11; Linux x86_64) AppleWebKit/537.36 (KHTML, like Gecko) Chrome/31.0.1650.57 Safari/537.36"
127.0.0.1 - - [07/Mar/2014:09:03:03 +0530] "GET /publisher/themes/default/js//logic/recent-assets.js HTTP/1.1" 200 1283 "https://localhost:9443/publisher/assets/gadget/" "Mozilla/5.0 (X11; Linux x86_64) AppleWebKit/537.36 (KHTML, like Gecko) Chrome/31.0.1650.57 Safari/537.36"
127.0.0.1 - - [07/Mar/2014:09:03:03 +0530] "GET /publisher/themes/default/js/caramel.handlebars.client.js HTTP/1.1" 200 1201 "https://localhost:9443/publisher/assets/gadget/" "Mozilla/5.0 (X11; Linux x86_64) AppleWebKit/537.36 (KHTML, like Gecko) Chrome/31.0.1650.57 Safari/537.36"
127.0.0.1 - - [07/Mar/2014:09:03:04 +0530] "GET /publisher/storage/gadget/ffdda832-ff33-41b8-b9ae-ed09f1196d3b/fc0acca7-5cc0-4e8a-bc68-7d5c26acd268/thumbnail.jpg HTTP/1.1" 200 3028 "https://localhost:9443/publisher/assets/gadget/" "Mozilla/5.0 (X11; Linux x86_64) AppleWebKit/537.36 (KHTML, like Gecko) Chrome/31.0.1650.57 Safari/537.36"
127.0.0.1 - - [07/Mar/2014:09:03:04 +0530] "GET /publisher/storage/gadget/19e81c96-ddc5-44bb-a7d1-90e3a4db3505/0d7b4a75-acc7-409f-a052-c983b4efe3d1/thumbnail.jpg HTTP/1.1" 200 3264 "https://localhost:9443/publisher/assets/gadget/" "Mozilla/5.0 (X11; Linux x86_64) AppleWebKit/537.36 (KHTML, like Gecko) Chrome/31.0.1650.57 Safari/537.36"
127.0.0.1 - - [07/Mar/2014:09:03:04 +0530] "GET /publisher/storage/gadget/dc0b01e9-18e5-4a6c-b1d8-294848ea5af3/6ff682bd-4230-4dc9-9c5c-428004814cc5/thumbnail.jpg HTTP/1.1" 200 7204 "https://localhost:9443/publisher/assets/gadget/" "Mozilla/5.0 (X11; Linux x86_64) AppleWebKit/537.36 (KHTML, like Gecko) Chrome/31.0.1650.57 Safari/537.36"
127.0.0.1 - - [07/Mar/2014:09:03:04 +0530] "GET /publisher/storage/gadget/87507ece-ffed-4741-b3a0-1cee179ead2b/8e97c17f-9e97-4340-b4db-7e318cb70d0c/thumbnail.jpg HTTP/1.1" 200 7371 "https://localhost:9443/publisher/assets/gadget/" "Mozilla/5.0 (X11; Linux x86_64) AppleWebKit/537.36 (KHTML, like Gecko) Chrome/31.0.1650.57 Safari/537.36"
127.0.0.1 - - [07/Mar/2014:09:03:04 +0530] "GET /publisher/storage/gadget/9db22d3b-4dc3-4834-a647-534ea1ca9102/9715c272-d9da-4e6e-a039-e9d39fcf7d42/thumbnail.jpg HTTP/1.1" 200 3784 "https://localhost:9443/publisher/assets/gadget/" "Mozilla/5.0 (X11; Linux x86_64) AppleWebKit/537.36 (KHTML, like Gecko) Chrome/31.0.1650.57 Safari/537.36"
127.0.0.1 - - [07/Mar/2014:09:03:04 +0530] "GET /publisher/storage/gadget/f2af57b3-d454-4c0c-80b2-d5b2b9d7ddb1/71dcc275-8e06-4380-a9e0-550b8f02248f/thumbnail.jpg HTTP/1.1" 200 2322 "https://localhost:9443/publisher/assets/gadget/" "Mozilla/5.0 (X11; Linux x86_64) AppleWebKit/537.36 (KHTML, like Gecko) Chrome/31.0.1650.57 Safari/537.36"
127.0.0.1 - - [07/Mar/2014:09:03:04 +0530] "GET /publisher/storage/gadget/ab49d7b3-7b54-42bd-a26b-59ac1572bc36/eae87cef-99c4-4115-a4bb-c7c9b152e84f/thumbnail.jpg HTTP/1.1" 200 7019 "https://localhost:9443/publisher/assets/gadget/" "Mozilla/5.0 (X11; Linux x86_64) AppleWebKit/537.36 (KHTML, like Gecko) Chrome/31.0.1650.57 Safari/537.36"
127.0.0.1 - - [07/Mar/2014:09:03:04 +0530] "GET /publisher/themes/default/img/logo.png HTTP/1.1" 200 4513 "https://localhost:9443/publisher/assets/gadget/" "Mozilla/5.0 (X11; Linux x86_64) AppleWebKit/537.36 (KHTML, like Gecko) Chrome/31.0.1650.57 Safari/537.36"
127.0.0.1 - - [07/Mar/2014:09:03:04 +0530] "GET /publisher/storage/gadget/6fe34264-50ca-4c39-b400-70fa48da9bbd/3ad4e758-074f-465e-974e-7a9519d0eeb3/thumbnail.jpg HTTP/1.1" 200 2221 "https://localhost:9443/publisher/assets/gadget/" "Mozilla/5.0 (X11; Linux x86_64) AppleWebKit/537.36 (KHTML, like Gecko) Chrome/31.0.1650.57 Safari/537.36"
127.0.0.1 - - [07/Mar/2014:09:03:04 +0530] "GET /publisher/themes/default/img/wso2-logo-small.png HTTP/1.1" 200 3416 "https://localhost:9443/publisher/assets/gadget/" "Mozilla/5.0 (X11; Linux x86_64) AppleWebKit/537.36 (KHTML, like Gecko) Chrome/31.0.1650.57 Safari/537.36"
127.0.0.1 - - [07/Mar/2014:09:03:04 +0530] "GET /publisher/themes/default/img/back-office-label.png HTTP/1.1" 200 1443 "https://localhost:9443/publisher/assets/gadget/" "Mozilla/5.0 (X11; Linux x86_64) AppleWebKit/537.36 (KHTML, like Gecko) Chrome/31.0.1650.57 Safari/537.36"
127.0.0.1 - - [07/Mar/2014:09:03:04 +0530] "GET /publisher/storage/gadget/f7e41a4e-2859-4242-bce7-0f81136b9c90/e73595e5-20a6-44c4-9b17-77d0c844edd4/thumbnail.jpg HTTP/1.1" 200 3739 "https://localhost:9443/publisher/assets/gadget/" "Mozilla/5.0 (X11; Linux x86_64) AppleWebKit/537.36 (KHTML, like Gecko) Chrome/31.0.1650.57 Safari/537.36"
127.0.0.1 - - [07/Mar/2014:09:03:04 +0530] "GET /publisher/storage/gadget/eccda56a-baf6-44fa-9617-2aaec66d8f4b/96c0f800-0270-46eb-b95e-ae2744b1eb38/thumbnail.jpg HTTP/1.1" 200 5046 "https://localhost:9443/publisher/assets/gadget/" "Mozilla/5.0 (X11; Linux x86_64) AppleWebKit/537.36 (KHTML, like Gecko) Chrome/31.0.1650.57 Safari/537.36"
127.0.0.1 - - [07/Mar/2014:09:03:04 +0530] "GET /publisher/storage/gadget/430fd782-5cf0-4b3a-b3cc-a204bbcb0208/48b398f3-0a4c-4416-ad11-79650d3d2717/thumbnail.jpg HTTP/1.1" 200 8308 "https://localhost:9443/publisher/assets/gadget/" "Mozilla/5.0 (X11; Linux x86_64) AppleWebKit/537.36 (KHTML, like Gecko) Chrome/31.0.1650.57 Safari/537.36"
127.0.0.1 - - [07/Mar/2014:09:03:04 +0530] "GET /publisher/api/cache/gadget HTTP/1.1" 200 89 "https://localhost:9443/publisher/assets/gadget/" "Mozilla/5.0 (X11; Linux x86_64) AppleWebKit/537.36 (KHTML, like Gecko) Chrome/31.0.1650.57 Safari/537.36"
127.0.0.1 - - [07/Mar/2014:09:03:08 +0530] "GET /publisher/api/cache/gadget HTTP/1.1" 200 89 "https://localhost:9443/publisher/assets/gadget/" "Mozilla/5.0 (X11; Linux x86_64) AppleWebKit/537.36 (KHTML, like Gecko) Chrome/31.0.1650.57 Safari/537.36"
10.100.4.52 - - [07/Mar/2014:09:03:08 +0530] "GET /admin/carbon/admin/jsp/session-validate.jsp HTTP/1.1" 200 3905 "https://10.100.4.52:9443/admin/carbon/admin/index.jsp?loginStatus=true" "Mozilla/5.0 (X11; Linux x86_64) AppleWebKit/537.36 (KHTML, like Gecko) Chrome/31.0.1650.57 Safari/537.36"
10.100.4.52 - - [07/Mar/2014:09:03:08 +0530] "GET /admin/carbon/server-admin/system_status_ajaxprocessor.jsp HTTP/1.1" 200 1243 "https://10.100.4.52:9443/admin/carbon/admin/index.jsp?loginStatus=true" "Mozilla/5.0 (X11; Linux x86_64) AppleWebKit/537.36 (KHTML, like Gecko) Chrome/31.0.1650.57 Safari/537.36"
127.0.0.1 - - [07/Mar/2014:09:03:12 +0530] "GET /publisher/api/cache/gadget HTTP/1.1" 200 89 "https://localhost:9443/publisher/assets/gadget/" "Mozilla/5.0 (X11; Linux x86_64) AppleWebKit/537.36 (KHTML, like Gecko) Chrome/31.0.1650.57 Safari/537.36"
10.100.4.52 - - [07/Mar/2014:09:03:14 +0530] "GET /admin/carbon/admin/jsp/session-validate.jsp HTTP/1.1" 200 3905 "https://10.100.4.52:9443/admin/carbon/admin/index.jsp?loginStatus=true" "Mozilla/5.0 (X11; Linux x86_64) AppleWebKit/537.36 (KHTML, like Gecko) Chrome/31.0.1650.57 Safari/537.36"
10.100.4.52 - - [07/Mar/2014:09:03:14 +0530] "GET /admin/carbon/server-admin/system_status_ajaxprocessor.jsp HTTP/1.1" 200 1244 "https://10.100.4.52:9443/admin/carbon/admin/index.jsp?loginStatus=true" "Mozilla/5.0 (X11; Linux x86_64) AppleWebKit/537.36 (KHTML, like Gecko) Chrome/31.0.1650.57 Safari/537.36"
127.0.0.1 - - [07/Mar/2014:09:03:16 +0530] "GET /publisher/api/cache/gadget HTTP/1.1" 200 89 "https://localhost:9443/publisher/assets/gadget/" "Mozilla/5.0 (X11; Linux x86_64) AppleWebKit/537.36 (KHTML, like Gecko) Chrome/31.0.1650.57 Safari/537.36"
127.0.0.1 - - [07/Mar/2014:09:03:19 +0530] "GET /store HTTP/1.1" 302 - "-" "Mozilla/5.0 (X11; Linux x86_64) AppleWebKit/537.36 (KHTML, like Gecko) Chrome/31.0.1650.57 Safari/537.36"
10.100.4.52 - - [07/Mar/2014:09:03:20 +0530] "GET /admin/carbon/admin/jsp/session-validate.jsp HTTP/1.1" 200 3905 "https://10.100.4.52:9443/admin/carbon/admin/index.jsp?loginStatus=true" "Mozilla/5.0 (X11; Linux x86_64) AppleWebKit/537.36 (KHTML, like Gecko) Chrome/31.0.1650.57 Safari/537.36"
10.100.4.52 - - [07/Mar/2014:09:03:20 +0530] "GET /admin/carbon/server-admin/system_status_ajaxprocessor.jsp HTTP/1.1" 200 1245 "https://10.100.4.52:9443/admin/carbon/admin/index.jsp?loginStatus=true" "Mozilla/5.0 (X11; Linux x86_64) AppleWebKit/537.36 (KHTML, like Gecko) Chrome/31.0.1650.57 Safari/537.36"
127.0.0.1 - - [07/Mar/2014:09:03:20 +0530] "GET /publisher/api/cache/gadget HTTP/1.1" 200 89 "https://localhost:9443/publisher/assets/gadget/" "Mozilla/5.0 (X11; Linux x86_64) AppleWebKit/537.36 (KHTML, like Gecko) Chrome/31.0.1650.57 Safari/537.36"
127.0.0.1 - - [07/Mar/2014:09:03:23 +0530] "GET /store/ HTTP/1.1" 200 9223 "-" "Mozilla/5.0 (X11; Linux x86_64) AppleWebKit/537.36 (KHTML, like Gecko) Chrome/31.0.1650.57 Safari/537.36"
127.0.0.1 - - [07/Mar/2014:09:03:23 +0530] "GET /store/themes/store/css/bootstrap.css HTTP/1.1" 200 19885 "https://localhost:9443/store/" "Mozilla/5.0 (X11; Linux x86_64) AppleWebKit/537.36 (KHTML, like Gecko) Chrome/31.0.1650.57 Safari/537.36"
127.0.0.1 - - [07/Mar/2014:09:03:23 +0530] "GET /store/themes/store/css/bootstrap-responsive.css HTTP/1.1" 200 - "https://localhost:9443/store/" "Mozilla/5.0 (X11; Linux x86_64) AppleWebKit/537.36 (KHTML, like Gecko) Chrome/31.0.1650.57 Safari/537.36"
127.0.0.1 - - [07/Mar/2014:09:03:23 +0530] "GET /store/themes/store/css/font-awesome.min.css HTTP/1.1" 200 4456 "https://localhost:9443/store/" "Mozilla/5.0 (X11; Linux x86_64) AppleWebKit/537.36 (KHTML, like Gecko) Chrome/31.0.1650.57 Safari/537.36"
127.0.0.1 - - [07/Mar/2014:09:03:23 +0530] "GET /store/themes/store/css/font-awesome-ie7.min.css HTTP/1.1" 200 3385 "https://localhost:9443/store/" "Mozilla/5.0 (X11; Linux x86_64) AppleWebKit/537.36 (KHTML, like Gecko) Chrome/31.0.1650.57 Safari/537.36"
127.0.0.1 - - [07/Mar/2014:09:03:23 +0530] "GET /store/themes/store/css/jslider.css HTTP/1.1" 200 736 "https://localhost:9443/store/" "Mozilla/5.0 (X11; Linux x86_64) AppleWebKit/537.36 (KHTML, like Gecko) Chrome/31.0.1650.57 Safari/537.36"
127.0.0.1 - - [07/Mar/2014:09:03:23 +0530] "GET /store/themes/store/css/jslider.round.plastic.css HTTP/1.1" 200 248 "https://localhost:9443/store/" "Mozilla/5.0 (X11; Linux x86_64) AppleWebKit/537.36 (KHTML, like Gecko) Chrome/31.0.1650.57 Safari/537.36"
127.0.0.1 - - [07/Mar/2014:09:03:24 +0530] "GET /store/themes/store/css/styles.css HTTP/1.1" 200 5736 "https://localhost:9443/store/" "Mozilla/5.0 (X11; Linux x86_64) AppleWebKit/537.36 (KHTML, like Gecko) Chrome/31.0.1650.57 Safari/537.36"
127.0.0.1 - - [07/Mar/2014:09:03:24 +0530] "GET /store/themes/store/css/navigation.css HTTP/1.1" 200 1543 "https://localhost:9443/store/" "Mozilla/5.0 (X11; Linux x86_64) AppleWebKit/537.36 (KHTML, like Gecko) Chrome/31.0.1650.57 Safari/537.36"
127.0.0.1 - - [07/Mar/2014:09:03:24 +0530] "GET /store/themes/store/css/assets.css HTTP/1.1" 200 570 "https://localhost:9443/store/" "Mozilla/5.0 (X11; Linux x86_64) AppleWebKit/537.36 (KHTML, like Gecko) Chrome/31.0.1650.57 Safari/537.36"
127.0.0.1 - - [07/Mar/2014:09:03:24 +0530] "GET /publisher/assets/mobileapp/ HTTP/1.1" 200 2870 "https://localhost:9443/publisher/assets/gadget/" "Mozilla/5.0 (X11; Linux x86_64) AppleWebKit/537.36 (KHTML, like Gecko) Chrome/31.0.1650.57 Safari/537.36"
127.0.0.1 - - [07/Mar/2014:09:03:24 +0530] "GET /store/themes/store/css/top-assets.css HTTP/1.1" 200 807 "https://localhost:9443/store/" "Mozilla/5.0 (X11; Linux x86_64) AppleWebKit/537.36 (KHTML, like Gecko) Chrome/31.0.1650.57 Safari/537.36"
127.0.0.1 - - [07/Mar/2014:09:03:24 +0530] "GET /store/storage/gadget/f2af57b3-d454-4c0c-80b2-d5b2b9d7ddb1/71dcc275-8e06-4380-a9e0-550b8f02248f/thumbnail.jpg HTTP/1.1" 200 2322 "https://localhost:9443/store/" "Mozilla/5.0 (X11; Linux x86_64) AppleWebKit/537.36 (KHTML, like Gecko) Chrome/31.0.1650.57 Safari/537.36"
127.0.0.1 - - [07/Mar/2014:09:03:24 +0530] "GET /store/storage/gadget/f2af57b3-d454-4c0c-80b2-d5b2b9d7ddb1/cb09eb07-58a5-4107-b4be-a0e5019be964/banner.jpg HTTP/1.1" 200 20901 "https://localhost:9443/store/" "Mozilla/5.0 (X11; Linux x86_64) AppleWebKit/537.36 (KHTML, like Gecko) Chrome/31.0.1650.57 Safari/537.36"
127.0.0.1 - - [07/Mar/2014:09:03:24 +0530] "GET /store/themes/store/js/bootstrap.min.js HTTP/1.1" 200 7004 "https://localhost:9443/store/" "Mozilla/5.0 (X11; Linux x86_64) AppleWebKit/537.36 (KHTML, like Gecko) Chrome/31.0.1650.57 Safari/537.36"
127.0.0.1 - - [07/Mar/2014:09:03:24 +0530] "GET /store/storage/gadget/ffdda832-ff33-41b8-b9ae-ed09f1196d3b/fc0acca7-5cc0-4e8a-bc68-7d5c26acd268/thumbnail.jpg HTTP/1.1" 200 3028 "https://localhost:9443/store/" "Mozilla/5.0 (X11; Linux x86_64) AppleWebKit/537.36 (KHTML, like Gecko) Chrome/31.0.1650.57 Safari/537.36"
127.0.0.1 - - [07/Mar/2014:09:03:24 +0530] "GET /store/storage/gadget/ffdda832-ff33-41b8-b9ae-ed09f1196d3b/f6d5602c-3f30-4394-8a97-0d7ab07749d2/banner.jpg HTTP/1.1" 200 16672 "https://localhost:9443/store/" "Mozilla/5.0 (X11; Linux x86_64) AppleWebKit/537.36 (KHTML, like Gecko) Chrome/31.0.1650.57 Safari/537.36"
127.0.0.1 - - [07/Mar/2014:09:03:24 +0530] "GET /store/themes/store/js/jquery-1.8.3.min.js HTTP/1.1" 200 33938 "https://localhost:9443/store/" "Mozilla/5.0 (X11; Linux x86_64) AppleWebKit/537.36 (KHTML, like Gecko) Chrome/31.0.1650.57 Safari/537.36"
127.0.0.1 - - [07/Mar/2014:09:03:24 +0530] "GET /store/themes/store/js/async.min.js HTTP/1.1" 200 2159 "https://localhost:9443/store/" "Mozilla/5.0 (X11; Linux x86_64) AppleWebKit/537.36 (KHTML, like Gecko) Chrome/31.0.1650.57 Safari/537.36"
127.0.0.1 - - [07/Mar/2014:09:03:24 +0530] "GET /store/themes/store/js/bootstrap-tooltip.js HTTP/1.1" 200 2892 "https://localhost:9443/store/" "Mozilla/5.0 (X11; Linux x86_64) AppleWebKit/537.36 (KHTML, like Gecko) Chrome/31.0.1650.57 Safari/537.36"
127.0.0.1 - - [07/Mar/2014:09:03:24 +0530] "GET /store/themes/store/js/bootstrap-popover.js HTTP/1.1" 200 1274 "https://localhost:9443/store/" "Mozilla/5.0 (X11; Linux x86_64) AppleWebKit/537.36 (KHTML, like Gecko) Chrome/31.0.1650.57 Safari/537.36"
127.0.0.1 - - [07/Mar/2014:09:03:24 +0530] "GET /store/themes/store/js/handlebars.js HTTP/1.1" 200 12827 "https://localhost:9443/store/" "Mozilla/5.0 (X11; Linux x86_64) AppleWebKit/537.36 (KHTML, like Gecko) Chrome/31.0.1650.57 Safari/537.36"
127.0.0.1 - - [07/Mar/2014:09:03:24 +0530] "GET /store/themes/store/js/history-fix.js HTTP/1.1" 200 666 "https://localhost:9443/store/" "Mozilla/5.0 (X11; Linux x86_64) AppleWebKit/537.36 (KHTML, like Gecko) Chrome/31.0.1650.57 Safari/537.36"
127.0.0.1 - - [07/Mar/2014:09:03:24 +0530] "GET /store/themes/store/js/theme.js HTTP/1.1" 200 870 "https://localhost:9443/store/" "Mozilla/5.0 (X11; Linux x86_64) AppleWebKit/537.36 (KHTML, like Gecko) Chrome/31.0.1650.57 Safari/537.36"
127.0.0.1 - - [07/Mar/2014:09:03:24 +0530] "GET /store/themes/store/js/jquery.history.js HTTP/1.1" 200 6503 "https://localhost:9443/store/" "Mozilla/5.0 (X11; Linux x86_64) AppleWebKit/537.36 (KHTML, like Gecko) Chrome/31.0.1650.57 Safari/537.36"
127.0.0.1 - - [07/Mar/2014:09:03:24 +0530] "GET /store/storage/gadget/430fd782-5cf0-4b3a-b3cc-a204bbcb0208/48b398f3-0a4c-4416-ad11-79650d3d2717/thumbnail.jpg HTTP/1.1" 200 8308 "https://localhost:9443/store/" "Mozilla/5.0 (X11; Linux x86_64) AppleWebKit/537.36 (KHTML, like Gecko) Chrome/31.0.1650.57 Safari/537.36"
127.0.0.1 - - [07/Mar/2014:09:03:24 +0530] "GET /store/storage/gadget/430fd782-5cf0-4b3a-b3cc-a204bbcb0208/560728a6-649d-4233-922f-8fa1f23a108c/banner.jpg HTTP/1.1" 200 12475 "https://localhost:9443/store/" "Mozilla/5.0 (X11; Linux x86_64) AppleWebKit/537.36 (KHTML, like Gecko) Chrome/31.0.1650.57 Safari/537.36"
127.0.0.1 - - [07/Mar/2014:09:03:24 +0530] "GET /publisher/themes/default/js/modernizr.custom.js HTTP/1.1" 200 4107 "https://localhost:9443/publisher/assets/mobileapp/" "Mozilla/5.0 (X11; Linux x86_64) AppleWebKit/537.36 (KHTML, like Gecko) Chrome/31.0.1650.57 Safari/537.36"
127.0.0.1 - - [07/Mar/2014:09:03:24 +0530] "GET /store/themes/store/js/jquery.event.mousestop.js HTTP/1.1" 200 1927 "https://localhost:9443/store/" "Mozilla/5.0 (X11; Linux x86_64) AppleWebKit/537.36 (KHTML, like Gecko) Chrome/31.0.1650.57 Safari/537.36"
127.0.0.1 - - [07/Mar/2014:09:03:24 +0530] "GET /publisher/themes/default/js/lc.processor.js HTTP/1.1" 200 2173 "https://localhost:9443/publisher/assets/mobileapp/" "Mozilla/5.0 (X11; Linux x86_64) AppleWebKit/537.36 (KHTML, like Gecko) Chrome/31.0.1650.57 Safari/537.36"
127.0.0.1 - - [07/Mar/2014:09:03:24 +0530] "GET /publisher/themes/default/js/jquery.form.min.js HTTP/1.1" 200 5749 "https://localhost:9443/publisher/assets/mobileapp/" "Mozilla/5.0 (X11; Linux x86_64) AppleWebKit/537.36 (KHTML, like Gecko) Chrome/31.0.1650.57 Safari/537.36"
127.0.0.1 - - [07/Mar/2014:09:03:24 +0530] "GET /publisher/themes/default/js/publisher.commons.js HTTP/1.1" 200 2215 "https://localhost:9443/publisher/assets/mobileapp/" "Mozilla/5.0 (X11; Linux x86_64) AppleWebKit/537.36 (KHTML, like Gecko) Chrome/31.0.1650.57 Safari/537.36"
127.0.0.1 - - [07/Mar/2014:09:03:24 +0530] "GET /publisher/themes/default/js/sugyama.js HTTP/1.1" 200 4305 "https://localhost:9443/publisher/assets/mobileapp/" "Mozilla/5.0 (X11; Linux x86_64) AppleWebKit/537.36 (KHTML, like Gecko) Chrome/31.0.1650.57 Safari/537.36"
127.0.0.1 - - [07/Mar/2014:09:03:24 +0530] "GET /publisher/themes/default/js/bootstrap.min.js HTTP/1.1" 200 7682 "https://localhost:9443/publisher/assets/mobileapp/" "Mozilla/5.0 (X11; Linux x86_64) AppleWebKit/537.36 (KHTML, like Gecko) Chrome/31.0.1650.57 Safari/537.36"
127.0.0.1 - - [07/Mar/2014:09:03:24 +0530] "GET /publisher/themes/default/js/jquery-1.10.2.min.js HTTP/1.1" 200 33299 "https://localhost:9443/publisher/assets/mobileapp/" "Mozilla/5.0 (X11; Linux x86_64) AppleWebKit/537.36 (KHTML, like Gecko) Chrome/31.0.1650.57 Safari/537.36"
127.0.0.1 - - [07/Mar/2014:09:03:24 +0530] "GET /publisher/themes/default/js/raphael-min.js HTTP/1.1" 200 32053 "https://localhost:9443/publisher/assets/mobileapp/" "Mozilla/5.0 (X11; Linux x86_64) AppleWebKit/537.36 (KHTML, like Gecko) Chrome/31.0.1650.57 Safari/537.36"
127.0.0.1 - - [07/Mar/2014:09:03:24 +0530] "GET /publisher/themes/default/js/graph.js HTTP/1.1" 200 2275 "https://localhost:9443/publisher/assets/mobileapp/" "Mozilla/5.0 (X11; Linux x86_64) AppleWebKit/537.36 (KHTML, like Gecko) Chrome/31.0.1650.57 Safari/537.36"
127.0.0.1 - - [07/Mar/2014:09:03:24 +0530] "GET /publisher/themes/default/js/token.input/jquery.tokeninput.js HTTP/1.1" 200 8284 "https://localhost:9443/publisher/assets/mobileapp/" "Mozilla/5.0 (X11; Linux x86_64) AppleWebKit/537.36 (KHTML, like Gecko) Chrome/31.0.1650.57 Safari/537.36"
127.0.0.1 - - [07/Mar/2014:09:03:24 +0530] "GET /publisher/themes/default/js/handlebars.js HTTP/1.1" 200 12827 "https://localhost:9443/publisher/assets/mobileapp/" "Mozilla/5.0 (X11; Linux x86_64) AppleWebKit/537.36 (KHTML, like Gecko) Chrome/31.0.1650.57 Safari/537.36"
127.0.0.1 - - [07/Mar/2014:09:03:24 +0530] "GET /store/storage/gadget/9db22d3b-4dc3-4834-a647-534ea1ca9102/f88ea231-2c17-4d70-93cb-563384e7901e/banner.jpg HTTP/1.1" 200 25511 "https://localhost:9443/store/" "Mozilla/5.0 (X11; Linux x86_64) AppleWebKit/537.36 (KHTML, like Gecko) Chrome/31.0.1650.57 Safari/537.36"
127.0.0.1 - - [07/Mar/2014:09:03:24 +0530] "GET /store/themes/store/font/Lato-Bol-webfont.woff HTTP/1.1" 200 19432 "https://localhost:9443/store/" "Mozilla/5.0 (X11; Linux x86_64) AppleWebKit/537.36 (KHTML, like Gecko) Chrome/31.0.1650.57 Safari/537.36"
127.0.0.1 - - [07/Mar/2014:09:03:24 +0530] "GET /store/storage/site/18234004-98f8-4373-a9f9-6f939205ca26/d64f3746-310e-4ee5-84fe-847b029b5ad5/banner.png HTTP/1.1" 200 23159 "https://localhost:9443/store/" "Mozilla/5.0 (X11; Linux x86_64) AppleWebKit/537.36 (KHTML, like Gecko) Chrome/31.0.1650.57 Safari/537.36"
127.0.0.1 - - [07/Mar/2014:09:03:24 +0530] "GET /store/storage/gadget/9db22d3b-4dc3-4834-a647-534ea1ca9102/9715c272-d9da-4e6e-a039-e9d39fcf7d42/thumbnail.jpg HTTP/1.1" 200 3784 "https://localhost:9443/store/" "Mozilla/5.0 (X11; Linux x86_64) AppleWebKit/537.36 (KHTML, like Gecko) Chrome/31.0.1650.57 Safari/537.36"
127.0.0.1 - - [07/Mar/2014:09:03:24 +0530] "GET /store/storage/site/c39b03b2-6206-43ea-b806-37d8f4a7f3ad/053b5297-9c6d-4d95-8078-18ffff0d3501/thumbnail.png HTTP/1.1" 200 16502 "https://localhost:9443/store/" "Mozilla/5.0 (X11; Linux x86_64) AppleWebKit/537.36 (KHTML, like Gecko) Chrome/31.0.1650.57 Safari/537.36"
127.0.0.1 - - [07/Mar/2014:09:03:24 +0530] "GET /store/themes/store/font/Lato-Reg-webfont.woff HTTP/1.1" 200 19260 "https://localhost:9443/store/" "Mozilla/5.0 (X11; Linux x86_64) AppleWebKit/537.36 (KHTML, like Gecko) Chrome/31.0.1650.57 Safari/537.36"
127.0.0.1 - - [07/Mar/2014:09:03:24 +0530] "GET /store/storage/site/c39b03b2-6206-43ea-b806-37d8f4a7f3ad/bb34ab8d-874c-4fde-bba4-80b84d18e7ec/banner.png HTTP/1.1" 200 27442 "https://localhost:9443/store/" "Mozilla/5.0 (X11; Linux x86_64) AppleWebKit/537.36 (KHTML, like Gecko) Chrome/31.0.1650.57 Safari/537.36"
127.0.0.1 - - [07/Mar/2014:09:03:24 +0530] "GET /store/themes/store/font/fontawesome-webfont.woff?v=3.2.1 HTTP/1.1" 200 43572 "https://localhost:9443/store/" "Mozilla/5.0 (X11; Linux x86_64) AppleWebKit/537.36 (KHTML, like Gecko) Chrome/31.0.1650.57 Safari/537.36"
127.0.0.1 - - [07/Mar/2014:09:03:24 +0530] "GET /store/storage/site/18234004-98f8-4373-a9f9-6f939205ca26/1d0886e9-4826-4779-ace5-33efe23d4f9c/thumbnail.png HTTP/1.1" 200 6933 "https://localhost:9443/store/" "Mozilla/5.0 (X11; Linux x86_64) AppleWebKit/537.36 (KHTML, like Gecko) Chrome/31.0.1650.57 Safari/537.36"
127.0.0.1 - - [07/Mar/2014:09:03:24 +0530] "GET /store/storage/ebook/a9fe5b07-9849-4b46-b401-5efb48843b13/3b1d7af0-b911-45ca-aadf-ffc789bd06f6/banner.png HTTP/1.1" 200 257960 "https://localhost:9443/store/" "Mozilla/5.0 (X11; Linux x86_64) AppleWebKit/537.36 (KHTML, like Gecko) Chrome/31.0.1650.57 Safari/537.36"
127.0.0.1 - - [07/Mar/2014:09:03:24 +0530] "GET /store/themes/store/js/jquery.ba-resize.min.js HTTP/1.1" 200 1098 "https://localhost:9443/store/" "Mozilla/5.0 (X11; Linux x86_64) AppleWebKit/537.36 (KHTML, like Gecko) Chrome/31.0.1650.57 Safari/537.36"
127.0.0.1 - - [07/Mar/2014:09:03:24 +0530] "GET /store/storage/ebook/a9fe5b07-9849-4b46-b401-5efb48843b13/cdd244f8-9173-4eeb-970c-29b5cc146105/thumbnail.jpg HTTP/1.1" 200 26694 "https://localhost:9443/store/" "Mozilla/5.0 (X11; Linux x86_64) AppleWebKit/537.36 (KHTML, like Gecko) Chrome/31.0.1650.57 Safari/537.36"
127.0.0.1 - - [07/Mar/2014:09:03:24 +0530] "GET /store/storage/ebook/b7fe7025-a25b-49ca-a147-a04794bdc605/fdb81fb4-60a3-4493-b99d-2394731a8786/thumbnail.jpg HTTP/1.1" 200 33213 "https://localhost:9443/store/" "Mozilla/5.0 (X11; Linux x86_64) AppleWebKit/537.36 (KHTML, like Gecko) Chrome/31.0.1650.57 Safari/537.36"
127.0.0.1 - - [07/Mar/2014:09:03:24 +0530] "GET /store/themes/store/js/asset-helpers.js HTTP/1.1" 200 1225 "https://localhost:9443/store/" "Mozilla/5.0 (X11; Linux x86_64) AppleWebKit/537.36 (KHTML, like Gecko) Chrome/31.0.1650.57 Safari/537.36"
127.0.0.1 - - [07/Mar/2014:09:03:24 +0530] "GET /store/themes/store/js/navigation.js HTTP/1.1" 200 851 "https://localhost:9443/store/" "Mozilla/5.0 (X11; Linux x86_64) AppleWebKit/537.36 (KHTML, like Gecko) Chrome/31.0.1650.57 Safari/537.36"
127.0.0.1 - - [07/Mar/2014:09:03:24 +0530] "GET /store/themes/store/js/search.js HTTP/1.1" 200 2477 "https://localhost:9443/store/" "Mozilla/5.0 (X11; Linux x86_64) AppleWebKit/537.36 (KHTML, like Gecko) Chrome/31.0.1650.57 Safari/537.36"
127.0.0.1 - - [07/Mar/2014:09:03:24 +0530] "GET /store/themes/store/js/jquery.validate.js HTTP/1.1" 200 10011 "https://localhost:9443/store/" "Mozilla/5.0 (X11; Linux x86_64) AppleWebKit/537.36 (KHTML, like Gecko) Chrome/31.0.1650.57 Safari/537.36"
127.0.0.1 - - [07/Mar/2014:09:03:24 +0530] "GET /store/themes/store/js/asset-core.js HTTP/1.1" 200 365 "https://localhost:9443/store/" "Mozilla/5.0 (X11; Linux x86_64) AppleWebKit/537.36 (KHTML, like Gecko) Chrome/31.0.1650.57 Safari/537.36"
127.0.0.1 - - [07/Mar/2014:09:03:24 +0530] "GET /store/themes/store/js/top-assets.js HTTP/1.1" 200 876 "https://localhost:9443/store/" "Mozilla/5.0 (X11; Linux x86_64) AppleWebKit/537.36 (KHTML, like Gecko) Chrome/31.0.1650.57 Safari/537.36"
127.0.0.1 - - [07/Mar/2014:09:03:24 +0530] "GET /store/storage/mobileapp/e8fe84a0-20b5-4f9e-8707-9d4d3dbe84eb/a9e5b22e-47bc-4026-810e-3b393b5416e3/download.jpg HTTP/1.1" 200 6903 "https://localhost:9443/store/" "Mozilla/5.0 (X11; Linux x86_64) AppleWebKit/537.36 (KHTML, like Gecko) Chrome/31.0.1650.57 Safari/537.36"
127.0.0.1 - - [07/Mar/2014:09:03:24 +0530] "GET /store/themes/store/js/jquery.carouFredSel-6.2.1-packed.js HTTP/1.1" 200 13875 "https://localhost:9443/store/" "Mozilla/5.0 (X11; Linux x86_64) AppleWebKit/537.36 (KHTML, like Gecko) Chrome/31.0.1650.57 Safari/537.36"
127.0.0.1 - - [07/Mar/2014:09:03:24 +0530] "GET /store/themes/store/js/caramel.handlebars.client.js HTTP/1.1" 200 3284 "https://localhost:9443/store/" "Mozilla/5.0 (X11; Linux x86_64) AppleWebKit/537.36 (KHTML, like Gecko) Chrome/31.0.1650.57 Safari/537.36"
127.0.0.1 - - [07/Mar/2014:09:03:24 +0530] "GET /publisher/storage/mobileapp/e8fe84a0-20b5-4f9e-8707-9d4d3dbe84eb/eafb9784-b970-4fd0-aef7-f4faf357f57b/download.jpg HTTP/1.1" 200 6903 "https://localhost:9443/publisher/assets/mobileapp/" "Mozilla/5.0 (X11; Linux x86_64) AppleWebKit/537.36 (KHTML, like Gecko) Chrome/31.0.1650.57 Safari/537.36"
127.0.0.1 - - [07/Mar/2014:09:03:24 +0530] "GET /store/storage/ebook/b7fe7025-a25b-49ca-a147-a04794bdc605/439183d8-afe5-465f-82a1-1ebc4b8fbca1/banner.png HTTP/1.1" 200 330200 "https://localhost:9443/store/" "Mozilla/5.0 (X11; Linux x86_64) AppleWebKit/537.36 (KHTML, like Gecko) Chrome/31.0.1650.57 Safari/537.36"
127.0.0.1 - - [07/Mar/2014:09:03:25 +0530] "GET /store/storage/gadget/e8beeec5-d055-444e-9585-d99e3b28c8c6/f737e368-1a74-4b6a-b2b5-b4ad4d023049/thumbnail.jpg HTTP/1.1" 200 4978 "https://localhost:9443/store/" "Mozilla/5.0 (X11; Linux x86_64) AppleWebKit/537.36 (KHTML, like Gecko) Chrome/31.0.1650.57 Safari/537.36"
127.0.0.1 - - [07/Mar/2014:09:03:25 +0530] "GET /publisher/themes/default/font/Lato-Reg-webfont.woff HTTP/1.1" 200 19260 "https://localhost:9443/publisher/assets/mobileapp/" "Mozilla/5.0 (X11; Linux x86_64) AppleWebKit/537.36 (KHTML, like Gecko) Chrome/31.0.1650.57 Safari/537.36"
127.0.0.1 - - [07/Mar/2014:09:03:25 +0530] "GET /store/storage/gadget/1a186b68-3c59-4111-a3ed-cacaded7fbd0/f3c13799-0609-4cf8-b343-1bf3552bdbf3/thumbnail.jpg HTTP/1.1" 200 6030 "https://localhost:9443/store/" "Mozilla/5.0 (X11; Linux x86_64) AppleWebKit/537.36 (KHTML, like Gecko) Chrome/31.0.1650.57 Safari/537.36"
127.0.0.1 - - [07/Mar/2014:09:03:25 +0530] "GET /publisher/themes/default/font/Lato-Bol-webfont.woff HTTP/1.1" 200 19432 "https://localhost:9443/publisher/assets/mobileapp/" "Mozilla/5.0 (X11; Linux x86_64) AppleWebKit/537.36 (KHTML, like Gecko) Chrome/31.0.1650.57 Safari/537.36"
127.0.0.1 - - [07/Mar/2014:09:03:25 +0530] "GET /publisher/themes/default/font/fontawesome-webfont.woff?v=3.2.1 HTTP/1.1" 200 43572 "https://localhost:9443/publisher/assets/mobileapp/" "Mozilla/5.0 (X11; Linux x86_64) AppleWebKit/537.36 (KHTML, like Gecko) Chrome/31.0.1650.57 Safari/537.36"
127.0.0.1 - - [07/Mar/2014:09:03:25 +0530] "GET /publisher/themes/default/js//logic/recent-assets.js HTTP/1.1" 200 1283 "https://localhost:9443/publisher/assets/mobileapp/" "Mozilla/5.0 (X11; Linux x86_64) AppleWebKit/537.36 (KHTML, like Gecko) Chrome/31.0.1650.57 Safari/537.36"
127.0.0.1 - - [07/Mar/2014:09:03:25 +0530] "GET /publisher/themes/default/js/caramel.handlebars.client.js HTTP/1.1" 200 1201 "https://localhost:9443/publisher/assets/mobileapp/" "Mozilla/5.0 (X11; Linux x86_64) AppleWebKit/537.36 (KHTML, like Gecko) Chrome/31.0.1650.57 Safari/537.36"
127.0.0.1 - - [07/Mar/2014:09:03:25 +0530] "GET /store/themes/store/js/caramel-client.js HTTP/1.1" 200 768 "https://localhost:9443/store/" "Mozilla/5.0 (X11; Linux x86_64) AppleWebKit/537.36 (KHTML, like Gecko) Chrome/31.0.1650.57 Safari/537.36"
127.0.0.1 - - [07/Mar/2014:09:03:25 +0530] "GET /store/storage/gadget/33aced5e-51df-4488-9fd7-abbd464ba75b/07a17219-6c3d-4fe9-8c9b-cacddcf5d0c6/thumbnail.jpg HTTP/1.1" 200 3339 "https://localhost:9443/store/" "Mozilla/5.0 (X11; Linux x86_64) AppleWebKit/537.36 (KHTML, like Gecko) Chrome/31.0.1650.57 Safari/537.36"
127.0.0.1 - - [07/Mar/2014:09:03:25 +0530] "GET /store/themes/store/js/jquery.noty.packaged.min.js HTTP/1.1" 200 7825 "https://localhost:9443/store/" "Mozilla/5.0 (X11; Linux x86_64) AppleWebKit/537.36 (KHTML, like Gecko) Chrome/31.0.1650.57 Safari/537.36"
127.0.0.1 - - [07/Mar/2014:09:03:25 +0530] "GET /store/themes/store/js/notifications.js HTTP/1.1" 200 1772 "https://localhost:9443/store/" "Mozilla/5.0 (X11; Linux x86_64) AppleWebKit/537.36 (KHTML, like Gecko) Chrome/31.0.1650.57 Safari/537.36"
127.0.0.1 - - [07/Mar/2014:09:03:25 +0530] "GET /store/storage/gadget/2fc783ff-1b24-4582-9ec8-1fa41a0264b2/4b0718c0-b660-46e6-bd1a-4571febc02fe/thumbnail.jpg HTTP/1.1" 200 5768 "https://localhost:9443/store/" "Mozilla/5.0 (X11; Linux x86_64) AppleWebKit/537.36 (KHTML, like Gecko) Chrome/31.0.1650.57 Safari/537.36"
127.0.0.1 - - [07/Mar/2014:09:03:25 +0530] "GET /store/storage/mobileapp/e8fe84a0-20b5-4f9e-8707-9d4d3dbe84eb/eafb9784-b970-4fd0-aef7-f4faf357f57b/download.jpg HTTP/1.1" 200 6903 "https://localhost:9443/store/" "Mozilla/5.0 (X11; Linux x86_64) AppleWebKit/537.36 (KHTML, like Gecko) Chrome/31.0.1650.57 Safari/537.36"
127.0.0.1 - - [07/Mar/2014:09:03:25 +0530] "GET /store/storage/gadget/c21a2146-358c-4ba4-afc6-e6eed867a07e/99ff1d4a-877f-4b0e-9fdc-9e314f858daa/download.jpg HTTP/1.1" 200 6903 "https://localhost:9443/store/" "Mozilla/5.0 (X11; Linux x86_64) AppleWebKit/537.36 (KHTML, like Gecko) Chrome/31.0.1650.57 Safari/537.36"
127.0.0.1 - - [07/Mar/2014:09:03:25 +0530] "GET /store/storage/gadget/3fe1665c-576c-4670-9c12-b61998ac4e64/a8e62fa7-9111-4ce8-b2ab-92c5dbca4845/thumbnail.jpg HTTP/1.1" 200 6460 "https://localhost:9443/store/" "Mozilla/5.0 (X11; Linux x86_64) AppleWebKit/537.36 (KHTML, like Gecko) Chrome/31.0.1650.57 Safari/537.36"
127.0.0.1 - - [07/Mar/2014:09:03:25 +0530] "GET /store/storage/gadget/19e81c96-ddc5-44bb-a7d1-90e3a4db3505/0d7b4a75-acc7-409f-a052-c983b4efe3d1/thumbnail.jpg HTTP/1.1" 200 3264 "https://localhost:9443/store/" "Mozilla/5.0 (X11; Linux x86_64) AppleWebKit/537.36 (KHTML, like Gecko) Chrome/31.0.1650.57 Safari/537.36"
127.0.0.1 - - [07/Mar/2014:09:03:25 +0530] "GET /store/storage/site/9de6b817-def9-476d-8145-f00fe3d5d281/15b6fd67-118d-4fbf-ac69-6ecfd1c0ed21/thumbnail.png HTTP/1.1" 200 9670 "https://localhost:9443/store/" "Mozilla/5.0 (X11; Linux x86_64) AppleWebKit/537.36 (KHTML, like Gecko) Chrome/31.0.1650.57 Safari/537.36"
127.0.0.1 - - [07/Mar/2014:09:03:25 +0530] "GET /store/storage/site/2fad3824-14a6-4a7a-a554-a125de21410d/bbca655d-5f65-48d9-b441-19cf904dde4e/thumbnail.png HTTP/1.1" 200 10242 "https://localhost:9443/store/" "Mozilla/5.0 (X11; Linux x86_64) AppleWebKit/537.36 (KHTML, like Gecko) Chrome/31.0.1650.57 Safari/537.36"
127.0.0.1 - - [07/Mar/2014:09:03:25 +0530] "GET /store/storage/site/39201669-265f-49b6-b07a-44befeea3ffa/84c8b396-34a3-43db-adfd-0c9037732e23/thumbnail.png HTTP/1.1" 200 18627 "https://localhost:9443/store/" "Mozilla/5.0 (X11; Linux x86_64) AppleWebKit/537.36 (KHTML, like Gecko) Chrome/31.0.1650.57 Safari/537.36"
127.0.0.1 - - [07/Mar/2014:09:03:25 +0530] "GET /publisher/api/cache/mobileapp HTTP/1.1" 200 89 "https://localhost:9443/publisher/assets/mobileapp/" "Mozilla/5.0 (X11; Linux x86_64) AppleWebKit/537.36 (KHTML, like Gecko) Chrome/31.0.1650.57 Safari/537.36"
127.0.0.1 - - [07/Mar/2014:09:03:25 +0530] "GET /store/storage/site/ff705cb9-c8e5-4ff9-a2a9-bba9f7a48324/a6cbafbd-82cf-4137-a065-efd6717618ee/thumbnail.png HTTP/1.1" 200 12347 "https://localhost:9443/store/" "Mozilla/5.0 (X11; Linux x86_64) AppleWebKit/537.36 (KHTML, like Gecko) Chrome/31.0.1650.57 Safari/537.36"
127.0.0.1 - - [07/Mar/2014:09:03:25 +0530] "GET /store/storage/gadget/87507ece-ffed-4741-b3a0-1cee179ead2b/8e97c17f-9e97-4340-b4db-7e318cb70d0c/thumbnail.jpg HTTP/1.1" 200 7371 "https://localhost:9443/store/" "Mozilla/5.0 (X11; Linux x86_64) AppleWebKit/537.36 (KHTML, like Gecko) Chrome/31.0.1650.57 Safari/537.36"
127.0.0.1 - - [07/Mar/2014:09:03:25 +0530] "GET /store/storage/gadget/dc0b01e9-18e5-4a6c-b1d8-294848ea5af3/6ff682bd-4230-4dc9-9c5c-428004814cc5/thumbnail.jpg HTTP/1.1" 200 7204 "https://localhost:9443/store/" "Mozilla/5.0 (X11; Linux x86_64) AppleWebKit/537.36 (KHTML, like Gecko) Chrome/31.0.1650.57 Safari/537.36"
127.0.0.1 - - [07/Mar/2014:09:03:25 +0530] "GET /store/storage/site/cf27191b-a954-4742-846d-dcf83c32d5e8/164a4bdd-f1ee-46b7-b783-8aeaf8983e06/thumbnail.png HTTP/1.1" 200 2553 "https://localhost:9443/store/" "Mozilla/5.0 (X11; Linux x86_64) AppleWebKit/537.36 (KHTML, like Gecko) Chrome/31.0.1650.57 Safari/537.36"
127.0.0.1 - - [07/Mar/2014:09:03:25 +0530] "GET /store/storage/site/7d79fb14-1cd2-4f19-b724-4c9ca5f7d259/7c972812-b990-4aad-8132-362b69703136/thumbnail.png HTTP/1.1" 200 2007 "https://localhost:9443/store/" "Mozilla/5.0 (X11; Linux x86_64) AppleWebKit/537.36 (KHTML, like Gecko) Chrome/31.0.1650.57 Safari/537.36"
127.0.0.1 - - [07/Mar/2014:09:03:25 +0530] "GET /store/storage/site/6a43a450-41fd-47be-95ea-11a85ff8d0c8/a3479647-4906-4e44-968a-8047f3404d88/thumbnail.png HTTP/1.1" 200 11121 "https://localhost:9443/store/" "Mozilla/5.0 (X11; Linux x86_64) AppleWebKit/537.36 (KHTML, like Gecko) Chrome/31.0.1650.57 Safari/537.36"
127.0.0.1 - - [07/Mar/2014:09:03:25 +0530] "GET /store/storage/ebook/eed3ebf7-8929-41f3-9aa4-6b7aa26d309b/4f3e1405-558f-4ad9-ad1e-73b49e3d6352/thumbnail.png HTTP/1.1" 200 33215 "https://localhost:9443/store/" "Mozilla/5.0 (X11; Linux x86_64) AppleWebKit/537.36 (KHTML, like Gecko) Chrome/31.0.1650.57 Safari/537.36"
127.0.0.1 - - [07/Mar/2014:09:03:25 +0530] "GET /store/storage/site/1cf24af7-ee92-4f98-a422-8dd2ec460202/a76c6ca7-be3c-457f-ab9c-d7dc32e549cd/thumbnail.png HTTP/1.1" 200 4484 "https://localhost:9443/store/" "Mozilla/5.0 (X11; Linux x86_64) AppleWebKit/537.36 (KHTML, like Gecko) Chrome/31.0.1650.57 Safari/537.36"
127.0.0.1 - - [07/Mar/2014:09:03:25 +0530] "GET /store/storage/ebook/b8983ea1-b3e1-463a-adf0-7d2bde8a0f8b/f12835cc-97e4-4951-b496-e93f231b670e/thumbnail.jpg HTTP/1.1" 200 7269 "https://localhost:9443/store/" "Mozilla/5.0 (X11; Linux x86_64) AppleWebKit/537.36 (KHTML, like Gecko) Chrome/31.0.1650.57 Safari/537.36"
127.0.0.1 - - [07/Mar/2014:09:03:25 +0530] "GET /store/storage/ebook/d8c30f91-bbd0-405d-bc16-36e94c2f7c40/e4e941f5-fabf-439e-b20e-41ec9563652a/thumbnail.jpg HTTP/1.1" 200 23215 "https://localhost:9443/store/" "Mozilla/5.0 (X11; Linux x86_64) AppleWebKit/537.36 (KHTML, like Gecko) Chrome/31.0.1650.57 Safari/537.36"
127.0.0.1 - - [07/Mar/2014:09:03:25 +0530] "GET /store/storage/ebook/ca7fcca8-f3bc-49cb-8dd5-5c04062e126c/8b35365c-ea33-41b7-bea6-6049967f70f4/thumbnail.jpg HTTP/1.1" 200 15808 "https://localhost:9443/store/" "Mozilla/5.0 (X11; Linux x86_64) AppleWebKit/537.36 (KHTML, like Gecko) Chrome/31.0.1650.57 Safari/537.36"
127.0.0.1 - - [07/Mar/2014:09:03:25 +0530] "GET /store/storage/ebook/bc7602ca-ff48-43a9-83f0-c39185e839ac/74835dab-d20e-44a4-9af2-f10a4f91741d/thumbnail.jpg HTTP/1.1" 200 22550 "https://localhost:9443/store/" "Mozilla/5.0 (X11; Linux x86_64) AppleWebKit/537.36 (KHTML, like Gecko) Chrome/31.0.1650.57 Safari/537.36"
127.0.0.1 - - [07/Mar/2014:09:03:25 +0530] "GET /store/storage/ebook/5197fd92-70b4-47d9-a4d8-95ffbdef987d/45adc814-00c2-453b-bdf0-23d2323961b3/thumbnail.jpg HTTP/1.1" 200 19044 "https://localhost:9443/store/" "Mozilla/5.0 (X11; Linux x86_64) AppleWebKit/537.36 (KHTML, like Gecko) Chrome/31.0.1650.57 Safari/537.36"
127.0.0.1 - - [07/Mar/2014:09:03:25 +0530] "GET /store/storage/ebook/7516bdb8-fbf6-4737-966d-72d5cd1cc4a4/f5aeae2e-18c5-4bfc-a69d-47e4f9a7e3a1/thumbnail.jpg HTTP/1.1" 200 16690 "https://localhost:9443/store/" "Mozilla/5.0 (X11; Linux x86_64) AppleWebKit/537.36 (KHTML, like Gecko) Chrome/31.0.1650.57 Safari/537.36"
127.0.0.1 - - [07/Mar/2014:09:03:25 +0530] "GET /store/storage/ebook/b01d6d93-7572-451d-9fa1-ae6559671d40/12932117-6129-4e0f-845c-6649f6afa50c/thumbnail.jpg HTTP/1.1" 200 10871 "https://localhost:9443/store/" "Mozilla/5.0 (X11; Linux x86_64) AppleWebKit/537.36 (KHTML, like Gecko) Chrome/31.0.1650.57 Safari/537.36"
127.0.0.1 - - [07/Mar/2014:09:03:25 +0530] "GET /store/storage/ebook/b567ced6-194b-4e44-a061-9d5999f6d3c4/81bc6511-a7fd-45c3-b3cb-b4512a94bcc9/thumbnail.jpg HTTP/1.1" 200 34338 "https://localhost:9443/store/" "Mozilla/5.0 (X11; Linux x86_64) AppleWebKit/537.36 (KHTML, like Gecko) Chrome/31.0.1650.57 Safari/537.36"
127.0.0.1 - - [07/Mar/2014:09:03:25 +0530] "GET /store/themes/store/img/header-bg.gif HTTP/1.1" 200 1155 "https://localhost:9443/store/" "Mozilla/5.0 (X11; Linux x86_64) AppleWebKit/537.36 (KHTML, like Gecko) Chrome/31.0.1650.57 Safari/537.36"
127.0.0.1 - - [07/Mar/2014:09:03:25 +0530] "GET /store/themes/store/img/wso2-logo-small.png HTTP/1.1" 200 3000 "https://localhost:9443/store/" "Mozilla/5.0 (X11; Linux x86_64) AppleWebKit/537.36 (KHTML, like Gecko) Chrome/31.0.1650.57 Safari/537.36"
127.0.0.1 - - [07/Mar/2014:09:03:25 +0530] "GET /store/themes/store/img/icon-bar-default.png HTTP/1.1" 200 2075 "https://localhost:9443/store/" "Mozilla/5.0 (X11; Linux x86_64) AppleWebKit/537.36 (KHTML, like Gecko) Chrome/31.0.1650.57 Safari/537.36"
127.0.0.1 - - [07/Mar/2014:09:03:25 +0530] "GET /store/themes/store/img/store-stars.png HTTP/1.1" 200 5311 "https://localhost:9443/store/" "Mozilla/5.0 (X11; Linux x86_64) AppleWebKit/537.36 (KHTML, like Gecko) Chrome/31.0.1650.57 Safari/537.36"
127.0.0.1 - - [07/Mar/2014:09:03:25 +0530] "GET /store/extensions/assets/mobileapp/resources/icon-sprite.png HTTP/1.1" 200 1693 "https://localhost:9443/store/" "Mozilla/5.0 (X11; Linux x86_64) AppleWebKit/537.36 (KHTML, like Gecko) Chrome/31.0.1650.57 Safari/537.36"
127.0.0.1 - - [07/Mar/2014:09:03:25 +0530] "GET /store/extensions/assets/site/resources/icon-sprite.png HTTP/1.1" 200 1802 "https://localhost:9443/store/" "Mozilla/5.0 (X11; Linux x86_64) AppleWebKit/537.36 (KHTML, like Gecko) Chrome/31.0.1650.57 Safari/537.36"
127.0.0.1 - - [07/Mar/2014:09:03:25 +0530] "GET /store/extensions/assets/ebook/resources/icon-sprite.png HTTP/1.1" 200 1367 "https://localhost:9443/store/" "Mozilla/5.0 (X11; Linux x86_64) AppleWebKit/537.36 (KHTML, like Gecko) Chrome/31.0.1650.57 Safari/537.36"
127.0.0.1 - - [07/Mar/2014:09:03:25 +0530] "GET /store/extensions/assets/gadget/resources/icon-sprite.png HTTP/1.1" 200 1693 "https://localhost:9443/store/" "Mozilla/5.0 (X11; Linux x86_64) AppleWebKit/537.36 (KHTML, like Gecko) Chrome/31.0.1650.57 Safari/537.36"
127.0.0.1 - - [07/Mar/2014:09:03:25 +0530] "GET /store/themes/store/img/icon-bar-site.png HTTP/1.1" 200 1623 "https://localhost:9443/store/" "Mozilla/5.0 (X11; Linux x86_64) AppleWebKit/537.36 (KHTML, like Gecko) Chrome/31.0.1650.57 Safari/537.36"
127.0.0.1 - - [07/Mar/2014:09:03:25 +0530] "GET /store/themes/store/img/icon-bar-ebook.png HTTP/1.1" 200 1712 "https://localhost:9443/store/" "Mozilla/5.0 (X11; Linux x86_64) AppleWebKit/537.36 (KHTML, like Gecko) Chrome/31.0.1650.57 Safari/537.36"
127.0.0.1 - - [07/Mar/2014:09:03:25 +0530] "GET /store/themes/store/img/icon-bar-gadget.png HTTP/1.1" 200 1611 "https://localhost:9443/store/" "Mozilla/5.0 (X11; Linux x86_64) AppleWebKit/537.36 (KHTML, like Gecko) Chrome/31.0.1650.57 Safari/537.36"
127.0.0.1 - - [07/Mar/2014:09:03:25 +0530] "GET /store/themes/store/img/asset_slideshow_controls_left.png HTTP/1.1" 200 1916 "https://localhost:9443/store/" "Mozilla/5.0 (X11; Linux x86_64) AppleWebKit/537.36 (KHTML, like Gecko) Chrome/31.0.1650.57 Safari/537.36"
127.0.0.1 - - [07/Mar/2014:09:03:25 +0530] "GET /store/themes/store/img/asset_slideshow_controls_right.png HTTP/1.1" 200 1890 "https://localhost:9443/store/" "Mozilla/5.0 (X11; Linux x86_64) AppleWebKit/537.36 (KHTML, like Gecko) Chrome/31.0.1650.57 Safari/537.36"
127.0.0.1 - - [07/Mar/2014:09:03:25 +0530] "GET /store/themes/store/img/logo.png HTTP/1.1" 200 4513 "https://localhost:9443/store/" "Mozilla/5.0 (X11; Linux x86_64) AppleWebKit/537.36 (KHTML, like Gecko) Chrome/31.0.1650.57 Safari/537.36"
127.0.0.1 - - [07/Mar/2014:09:03:25 +0530] "GET /store/themes/store/img/asset-slideshow-pag.png HTTP/1.1" 200 1091 "https://localhost:9443/store/" "Mozilla/5.0 (X11; Linux x86_64) AppleWebKit/537.36 (KHTML, like Gecko) Chrome/31.0.1650.57 Safari/537.36"
10.100.4.52 - - [07/Mar/2014:09:03:26 +0530] "GET /admin/carbon/admin/jsp/session-validate.jsp HTTP/1.1" 200 3905 "https://10.100.4.52:9443/admin/carbon/admin/index.jsp?loginStatus=true" "Mozilla/5.0 (X11; Linux x86_64) AppleWebKit/537.36 (KHTML, like Gecko) Chrome/31.0.1650.57 Safari/537.36"
10.100.4.52 - - [07/Mar/2014:09:03:26 +0530] "GET /admin/carbon/server-admin/system_status_ajaxprocessor.jsp HTTP/1.1" 200 1245 "https://10.100.4.52:9443/admin/carbon/admin/index.jsp?loginStatus=true" "Mozilla/5.0 (X11; Linux x86_64) AppleWebKit/537.36 (KHTML, like Gecko) Chrome/31.0.1650.57 Safari/537.36"
127.0.0.1 - - [07/Mar/2014:09:03:29 +0530] "GET /publisher/api/cache/mobileapp HTTP/1.1" 200 89 "https://localhost:9443/publisher/assets/mobileapp/" "Mozilla/5.0 (X11; Linux x86_64) AppleWebKit/537.36 (KHTML, like Gecko) Chrome/31.0.1650.57 Safari/537.36"
10.100.4.52 - - [07/Mar/2014:09:03:32 +0530] "GET /admin/carbon/admin/jsp/session-validate.jsp HTTP/1.1" 200 3905 "https://10.100.4.52:9443/admin/carbon/admin/index.jsp?loginStatus=true" "Mozilla/5.0 (X11; Linux x86_64) AppleWebKit/537.36 (KHTML, like Gecko) Chrome/31.0.1650.57 Safari/537.36"
10.100.4.52 - - [07/Mar/2014:09:03:32 +0530] "GET /admin/carbon/server-admin/system_status_ajaxprocessor.jsp HTTP/1.1" 200 1244 "https://10.100.4.52:9443/admin/carbon/admin/index.jsp?loginStatus=true" "Mozilla/5.0 (X11; Linux x86_64) AppleWebKit/537.36 (KHTML, like Gecko) Chrome/31.0.1650.57 Safari/537.36"
127.0.0.1 - - [07/Mar/2014:09:03:33 +0530] "GET /publisher/api/cache/mobileapp HTTP/1.1" 200 89 "https://localhost:9443/publisher/assets/mobileapp/" "Mozilla/5.0 (X11; Linux x86_64) AppleWebKit/537.36 (KHTML, like Gecko) Chrome/31.0.1650.57 Safari/537.36"
127.0.0.1 - - [07/Mar/2014:09:03:37 +0530] "GET /publisher/api/cache/mobileapp HTTP/1.1" 200 89 "https://localhost:9443/publisher/assets/mobileapp/" "Mozilla/5.0 (X11; Linux x86_64) AppleWebKit/537.36 (KHTML, like Gecko) Chrome/31.0.1650.57 Safari/537.36"
10.100.4.52 - - [07/Mar/2014:09:03:38 +0530] "GET /admin/carbon/admin/jsp/session-validate.jsp HTTP/1.1" 200 3905 "https://10.100.4.52:9443/admin/carbon/admin/index.jsp?loginStatus=true" "Mozilla/5.0 (X11; Linux x86_64) AppleWebKit/537.36 (KHTML, like Gecko) Chrome/31.0.1650.57 Safari/537.36"
10.100.4.52 - - [07/Mar/2014:09:03:38 +0530] "GET /admin/carbon/server-admin/system_status_ajaxprocessor.jsp HTTP/1.1" 200 1243 "https://10.100.4.52:9443/admin/carbon/admin/index.jsp?loginStatus=true" "Mozilla/5.0 (X11; Linux x86_64) AppleWebKit/537.36 (KHTML, like Gecko) Chrome/31.0.1650.57 Safari/537.36"
127.0.0.1 - - [07/Mar/2014:09:03:41 +0530] "GET /publisher/api/cache/mobileapp HTTP/1.1" 200 89 "https://localhost:9443/publisher/assets/mobileapp/" "Mozilla/5.0 (X11; Linux x86_64) AppleWebKit/537.36 (KHTML, like Gecko) Chrome/31.0.1650.57 Safari/537.36"
10.100.4.52 - - [07/Mar/2014:09:03:44 +0530] "GET /admin/carbon/admin/jsp/session-validate.jsp HTTP/1.1" 200 3905 "https://10.100.4.52:9443/admin/carbon/admin/index.jsp?loginStatus=true" "Mozilla/5.0 (X11; Linux x86_64) AppleWebKit/537.36 (KHTML, like Gecko) Chrome/31.0.1650.57 Safari/537.36"
10.100.4.52 - - [07/Mar/2014:09:03:44 +0530] "GET /admin/carbon/server-admin/system_status_ajaxprocessor.jsp HTTP/1.1" 200 1243 "https://10.100.4.52:9443/admin/carbon/admin/index.jsp?loginStatus=true" "Mozilla/5.0 (X11; Linux x86_64) AppleWebKit/537.36 (KHTML, like Gecko) Chrome/31.0.1650.57 Safari/537.36"
127.0.0.1 - - [07/Mar/2014:09:03:45 +0530] "GET /publisher/api/cache/mobileapp HTTP/1.1" 200 89 "https://localhost:9443/publisher/assets/mobileapp/" "Mozilla/5.0 (X11; Linux x86_64) AppleWebKit/537.36 (KHTML, like Gecko) Chrome/31.0.1650.57 Safari/537.36"
127.0.0.1 - - [07/Mar/2014:09:03:49 +0530] "GET /publisher/api/cache/mobileapp HTTP/1.1" 200 89 "https://localhost:9443/publisher/assets/mobileapp/" "Mozilla/5.0 (X11; Linux x86_64) AppleWebKit/537.36 (KHTML, like Gecko) Chrome/31.0.1650.57 Safari/537.36"
10.100.4.52 - - [07/Mar/2014:09:03:50 +0530] "GET /admin/carbon/admin/jsp/session-validate.jsp HTTP/1.1" 200 3905 "https://10.100.4.52:9443/admin/carbon/admin/index.jsp?loginStatus=true" "Mozilla/5.0 (X11; Linux x86_64) AppleWebKit/537.36 (KHTML, like Gecko) Chrome/31.0.1650.57 Safari/537.36"
10.100.4.52 - - [07/Mar/2014:09:03:50 +0530] "GET /admin/carbon/server-admin/system_status_ajaxprocessor.jsp HTTP/1.1" 200 1244 "https://10.100.4.52:9443/admin/carbon/admin/index.jsp?loginStatus=true" "Mozilla/5.0 (X11; Linux x86_64) AppleWebKit/537.36 (KHTML, like Gecko) Chrome/31.0.1650.57 Safari/537.36"
127.0.0.1 - - [07/Mar/2014:09:03:53 +0530] "GET /publisher/api/cache/mobileapp HTTP/1.1" 200 89 "https://localhost:9443/publisher/assets/mobileapp/" "Mozilla/5.0 (X11; Linux x86_64) AppleWebKit/537.36 (KHTML, like Gecko) Chrome/31.0.1650.57 Safari/537.36"
10.100.4.52 - - [07/Mar/2014:09:03:56 +0530] "GET /admin/carbon/admin/jsp/session-validate.jsp HTTP/1.1" 200 3905 "https://10.100.4.52:9443/admin/carbon/admin/index.jsp?loginStatus=true" "Mozilla/5.0 (X11; Linux x86_64) AppleWebKit/537.36 (KHTML, like Gecko) Chrome/31.0.1650.57 Safari/537.36"
10.100.4.52 - - [07/Mar/2014:09:03:56 +0530] "GET /admin/carbon/server-admin/system_status_ajaxprocessor.jsp HTTP/1.1" 200 1244 "https://10.100.4.52:9443/admin/carbon/admin/index.jsp?loginStatus=true" "Mozilla/5.0 (X11; Linux x86_64) AppleWebKit/537.36 (KHTML, like Gecko) Chrome/31.0.1650.57 Safari/537.36"
127.0.0.1 - - [07/Mar/2014:09:03:57 +0530] "GET /publisher/api/cache/mobileapp HTTP/1.1" 200 89 "https://localhost:9443/publisher/assets/mobileapp/" "Mozilla/5.0 (X11; Linux x86_64) AppleWebKit/537.36 (KHTML, like Gecko) Chrome/31.0.1650.57 Safari/537.36"
127.0.0.1 - - [07/Mar/2014:09:04:01 +0530] "GET /publisher/api/cache/mobileapp HTTP/1.1" 200 89 "https://localhost:9443/publisher/assets/mobileapp/" "Mozilla/5.0 (X11; Linux x86_64) AppleWebKit/537.36 (KHTML, like Gecko) Chrome/31.0.1650.57 Safari/537.36"
10.100.4.52 - - [07/Mar/2014:09:04:02 +0530] "GET /admin/carbon/admin/jsp/session-validate.jsp HTTP/1.1" 200 3905 "https://10.100.4.52:9443/admin/carbon/admin/index.jsp?loginStatus=true" "Mozilla/5.0 (X11; Linux x86_64) AppleWebKit/537.36 (KHTML, like Gecko) Chrome/31.0.1650.57 Safari/537.36"
10.100.4.52 - - [07/Mar/2014:09:04:02 +0530] "GET /admin/carbon/server-admin/system_status_ajaxprocessor.jsp HTTP/1.1" 200 1243 "https://10.100.4.52:9443/admin/carbon/admin/index.jsp?loginStatus=true" "Mozilla/5.0 (X11; Linux x86_64) AppleWebKit/537.36 (KHTML, like Gecko) Chrome/31.0.1650.57 Safari/537.36"
127.0.0.1 - - [07/Mar/2014:09:04:05 +0530] "GET /publisher/api/cache/mobileapp HTTP/1.1" 200 89 "https://localhost:9443/publisher/assets/mobileapp/" "Mozilla/5.0 (X11; Linux x86_64) AppleWebKit/537.36 (KHTML, like Gecko) Chrome/31.0.1650.57 Safari/537.36"
10.100.4.52 - - [07/Mar/2014:09:04:08 +0530] "GET /admin/carbon/admin/jsp/session-validate.jsp HTTP/1.1" 200 3905 "https://10.100.4.52:9443/admin/carbon/admin/index.jsp?loginStatus=true" "Mozilla/5.0 (X11; Linux x86_64) AppleWebKit/537.36 (KHTML, like Gecko) Chrome/31.0.1650.57 Safari/537.36"
10.100.4.52 - - [07/Mar/2014:09:04:08 +0530] "GET /admin/carbon/server-admin/system_status_ajaxprocessor.jsp HTTP/1.1" 200 1244 "https://10.100.4.52:9443/admin/carbon/admin/index.jsp?loginStatus=true" "Mozilla/5.0 (X11; Linux x86_64) AppleWebKit/537.36 (KHTML, like Gecko) Chrome/31.0.1650.57 Safari/537.36"
127.0.0.1 - - [07/Mar/2014:09:04:09 +0530] "GET /publisher/api/cache/mobileapp HTTP/1.1" 200 89 "https://localhost:9443/publisher/assets/mobileapp/" "Mozilla/5.0 (X11; Linux x86_64) AppleWebKit/537.36 (KHTML, like Gecko) Chrome/31.0.1650.57 Safari/537.36"
127.0.0.1 - - [07/Mar/2014:09:04:13 +0530] "GET /publisher/api/cache/mobileapp HTTP/1.1" 200 89 "https://localhost:9443/publisher/assets/mobileapp/" "Mozilla/5.0 (X11; Linux x86_64) AppleWebKit/537.36 (KHTML, like Gecko) Chrome/31.0.1650.57 Safari/537.36"
10.100.4.52 - - [07/Mar/2014:09:04:14 +0530] "GET /admin/carbon/admin/jsp/session-validate.jsp HTTP/1.1" 200 3905 "https://10.100.4.52:9443/admin/carbon/admin/index.jsp?loginStatus=true" "Mozilla/5.0 (X11; Linux x86_64) AppleWebKit/537.36 (KHTML, like Gecko) Chrome/31.0.1650.57 Safari/537.36"
10.100.4.52 - - [07/Mar/2014:09:04:14 +0530] "GET /admin/carbon/server-admin/system_status_ajaxprocessor.jsp HTTP/1.1" 200 1244 "https://10.100.4.52:9443/admin/carbon/admin/index.jsp?loginStatus=true" "Mozilla/5.0 (X11; Linux x86_64) AppleWebKit/537.36 (KHTML, like Gecko) Chrome/31.0.1650.57 Safari/537.36"
127.0.0.1 - - [07/Mar/2014:09:04:17 +0530] "GET /publisher/api/cache/mobileapp HTTP/1.1" 200 89 "https://localhost:9443/publisher/assets/mobileapp/" "Mozilla/5.0 (X11; Linux x86_64) AppleWebKit/537.36 (KHTML, like Gecko) Chrome/31.0.1650.57 Safari/537.36"
10.100.4.52 - - [07/Mar/2014:09:04:20 +0530] "GET /admin/carbon/admin/jsp/session-validate.jsp HTTP/1.1" 200 3905 "https://10.100.4.52:9443/admin/carbon/admin/index.jsp?loginStatus=true" "Mozilla/5.0 (X11; Linux x86_64) AppleWebKit/537.36 (KHTML, like Gecko) Chrome/31.0.1650.57 Safari/537.36"
