127.0.0.1 - - [11/Mar/2014:09:37:39 +0530] "GET /publisher/api/cache/gadget HTTP/1.1" 200 89 "https://localhost:9443/publisher/assets/gadget/" "Mozilla/5.0 (X11; Linux x86_64) AppleWebKit/537.36 (KHTML, like Gecko) Chrome/31.0.1650.57 Safari/537.36"
127.0.0.1 - - [11/Mar/2014:09:37:43 +0530] "GET /publisher/api/cache/gadget HTTP/1.1" 200 89 "https://localhost:9443/publisher/assets/gadget/" "Mozilla/5.0 (X11; Linux x86_64) AppleWebKit/537.36 (KHTML, like Gecko) Chrome/31.0.1650.57 Safari/537.36"
127.0.0.1 - - [11/Mar/2014:09:37:47 +0530] "GET /publisher/api/cache/gadget HTTP/1.1" 200 89 "https://localhost:9443/publisher/assets/gadget/" "Mozilla/5.0 (X11; Linux x86_64) AppleWebKit/537.36 (KHTML, like Gecko) Chrome/31.0.1650.57 Safari/537.36"
127.0.0.1 - - [11/Mar/2014:09:37:51 +0530] "GET /publisher/api/cache/gadget HTTP/1.1" 200 89 "https://localhost:9443/publisher/assets/gadget/" "Mozilla/5.0 (X11; Linux x86_64) AppleWebKit/537.36 (KHTML, like Gecko) Chrome/31.0.1650.57 Safari/537.36"
127.0.0.1 - - [11/Mar/2014:09:37:55 +0530] "GET /publisher/api/cache/gadget HTTP/1.1" 200 89 "https://localhost:9443/publisher/assets/gadget/" "Mozilla/5.0 (X11; Linux x86_64) AppleWebKit/537.36 (KHTML, like Gecko) Chrome/31.0.1650.57 Safari/537.36"
127.0.0.1 - - [11/Mar/2014:09:37:59 +0530] "GET /publisher/api/cache/gadget HTTP/1.1" 200 89 "https://localhost:9443/publisher/assets/gadget/" "Mozilla/5.0 (X11; Linux x86_64) AppleWebKit/537.36 (KHTML, like Gecko) Chrome/31.0.1650.57 Safari/537.36"
127.0.0.1 - - [11/Mar/2014:09:38:03 +0530] "GET /publisher/api/cache/gadget HTTP/1.1" 200 89 "https://localhost:9443/publisher/assets/gadget/" "Mozilla/5.0 (X11; Linux x86_64) AppleWebKit/537.36 (KHTML, like Gecko) Chrome/31.0.1650.57 Safari/537.36"
127.0.0.1 - - [11/Mar/2014:09:38:07 +0530] "GET /publisher/api/cache/gadget HTTP/1.1" 200 89 "https://localhost:9443/publisher/assets/gadget/" "Mozilla/5.0 (X11; Linux x86_64) AppleWebKit/537.36 (KHTML, like Gecko) Chrome/31.0.1650.57 Safari/537.36"
127.0.0.1 - - [11/Mar/2014:09:38:11 +0530] "GET /publisher/api/cache/gadget HTTP/1.1" 200 89 "https://localhost:9443/publisher/assets/gadget/" "Mozilla/5.0 (X11; Linux x86_64) AppleWebKit/537.36 (KHTML, like Gecko) Chrome/31.0.1650.57 Safari/537.36"
127.0.0.1 - - [11/Mar/2014:09:38:15 +0530] "GET /publisher/api/cache/gadget HTTP/1.1" 200 89 "https://localhost:9443/publisher/assets/gadget/" "Mozilla/5.0 (X11; Linux x86_64) AppleWebKit/537.36 (KHTML, like Gecko) Chrome/31.0.1650.57 Safari/537.36"
127.0.0.1 - - [11/Mar/2014:09:38:19 +0530] "GET /publisher/api/cache/gadget HTTP/1.1" 200 89 "https://localhost:9443/publisher/assets/gadget/" "Mozilla/5.0 (X11; Linux x86_64) AppleWebKit/537.36 (KHTML, like Gecko) Chrome/31.0.1650.57 Safari/537.36"
127.0.0.1 - - [11/Mar/2014:09:38:23 +0530] "GET /publisher/api/cache/gadget HTTP/1.1" 200 89 "https://localhost:9443/publisher/assets/gadget/" "Mozilla/5.0 (X11; Linux x86_64) AppleWebKit/537.36 (KHTML, like Gecko) Chrome/31.0.1650.57 Safari/537.36"
127.0.0.1 - - [11/Mar/2014:09:38:27 +0530] "GET /publisher/api/cache/gadget HTTP/1.1" 200 89 "https://localhost:9443/publisher/assets/gadget/" "Mozilla/5.0 (X11; Linux x86_64) AppleWebKit/537.36 (KHTML, like Gecko) Chrome/31.0.1650.57 Safari/537.36"
127.0.0.1 - - [11/Mar/2014:09:38:31 +0530] "GET /publisher/api/cache/gadget HTTP/1.1" 200 89 "https://localhost:9443/publisher/assets/gadget/" "Mozilla/5.0 (X11; Linux x86_64) AppleWebKit/537.36 (KHTML, like Gecko) Chrome/31.0.1650.57 Safari/537.36"
10.100.4.52 - - [11/Mar/2014:09:38:32 +0530] "GET /admin/carbon/role/add-step1.jsp?roleType=Internal HTTP/1.1" 200 5992 "https://10.100.4.52:9443/admin/carbon/role/role-mgt.jsp" "Mozilla/5.0 (X11; Linux x86_64) AppleWebKit/537.36 (KHTML, like Gecko) Chrome/31.0.1650.57 Safari/537.36"
10.100.4.52 - - [11/Mar/2014:09:38:32 +0530] "GET /admin/carbon/admin/jsp/registry_styles_ajaxprocessor.jsp HTTP/1.1" 200 123 "https://10.100.4.52:9443/admin/carbon/role/add-step1.jsp?roleType=Internal" "Mozilla/5.0 (X11; Linux x86_64) AppleWebKit/537.36 (KHTML, like Gecko) Chrome/31.0.1650.57 Safari/537.36"
127.0.0.1 - - [11/Mar/2014:09:38:35 +0530] "GET /publisher/api/cache/gadget HTTP/1.1" 200 89 "https://localhost:9443/publisher/assets/gadget/" "Mozilla/5.0 (X11; Linux x86_64) AppleWebKit/537.36 (KHTML, like Gecko) Chrome/31.0.1650.57 Safari/537.36"
127.0.0.1 - - [11/Mar/2014:09:38:39 +0530] "GET /publisher/api/cache/gadget HTTP/1.1" 200 89 "https://localhost:9443/publisher/assets/gadget/" "Mozilla/5.0 (X11; Linux x86_64) AppleWebKit/537.36 (KHTML, like Gecko) Chrome/31.0.1650.57 Safari/537.36"
127.0.0.1 - - [11/Mar/2014:09:38:43 +0530] "GET /publisher/api/cache/gadget HTTP/1.1" 200 89 "https://localhost:9443/publisher/assets/gadget/" "Mozilla/5.0 (X11; Linux x86_64) AppleWebKit/537.36 (KHTML, like Gecko) Chrome/31.0.1650.57 Safari/537.36"
127.0.0.1 - - [11/Mar/2014:09:38:47 +0530] "GET /publisher/api/cache/gadget HTTP/1.1" 200 89 "https://localhost:9443/publisher/assets/gadget/" "Mozilla/5.0 (X11; Linux x86_64) AppleWebKit/537.36 (KHTML, like Gecko) Chrome/31.0.1650.57 Safari/537.36"
127.0.0.1 - - [11/Mar/2014:09:38:51 +0530] "GET /publisher/api/cache/gadget HTTP/1.1" 200 89 "https://localhost:9443/publisher/assets/gadget/" "Mozilla/5.0 (X11; Linux x86_64) AppleWebKit/537.36 (KHTML, like Gecko) Chrome/31.0.1650.57 Safari/537.36"
127.0.0.1 - - [11/Mar/2014:09:38:55 +0530] "GET /publisher/api/cache/gadget HTTP/1.1" 200 89 "https://localhost:9443/publisher/assets/gadget/" "Mozilla/5.0 (X11; Linux x86_64) AppleWebKit/537.36 (KHTML, like Gecko) Chrome/31.0.1650.57 Safari/537.36"
127.0.0.1 - - [11/Mar/2014:09:38:59 +0530] "GET /publisher/api/cache/gadget HTTP/1.1" 200 89 "https://localhost:9443/publisher/assets/gadget/" "Mozilla/5.0 (X11; Linux x86_64) AppleWebKit/537.36 (KHTML, like Gecko) Chrome/31.0.1650.57 Safari/537.36"
127.0.0.1 - - [11/Mar/2014:09:39:03 +0530] "GET /publisher/api/cache/gadget HTTP/1.1" 200 89 "https://localhost:9443/publisher/assets/gadget/" "Mozilla/5.0 (X11; Linux x86_64) AppleWebKit/537.36 (KHTML, like Gecko) Chrome/31.0.1650.57 Safari/537.36"
127.0.0.1 - - [11/Mar/2014:09:39:07 +0530] "GET /publisher/api/cache/gadget HTTP/1.1" 200 89 "https://localhost:9443/publisher/assets/gadget/" "Mozilla/5.0 (X11; Linux x86_64) AppleWebKit/537.36 (KHTML, like Gecko) Chrome/31.0.1650.57 Safari/537.36"
10.100.4.52 - - [11/Mar/2014:09:39:07 +0530] "GET /admin/carbon/userstore_config/index.jsp?region=region1&item=userstores_mgt_menu HTTP/1.1" 200 5702 "https://10.100.4.52:9443/admin/carbon/role/add-step1.jsp?roleType=Internal" "Mozilla/5.0 (X11; Linux x86_64) AppleWebKit/537.36 (KHTML, like Gecko) Chrome/31.0.1650.57 Safari/537.36"
10.100.4.52 - - [11/Mar/2014:09:39:07 +0530] "GET /admin/carbon/admin/jsp/registry_styles_ajaxprocessor.jsp HTTP/1.1" 200 123 "https://10.100.4.52:9443/admin/carbon/userstore_config/index.jsp?region=region1&item=userstores_mgt_menu" "Mozilla/5.0 (X11; Linux x86_64) AppleWebKit/537.36 (KHTML, like Gecko) Chrome/31.0.1650.57 Safari/537.36"
10.100.4.52 - - [11/Mar/2014:09:39:08 +0530] "GET /admin/carbon/carbon/admin/js/breadcrumbs.js HTTP/1.1" 404 1065 "https://10.100.4.52:9443/admin/carbon/userstore_config/index.jsp?region=region1&item=userstores_mgt_menu" "Mozilla/5.0 (X11; Linux x86_64) AppleWebKit/537.36 (KHTML, like Gecko) Chrome/31.0.1650.57 Safari/537.36"
10.100.4.52 - - [11/Mar/2014:09:39:08 +0530] "GET /admin/carbon/carbon/admin/js/cookies.js HTTP/1.1" 404 1057 "https://10.100.4.52:9443/admin/carbon/userstore_config/index.jsp?region=region1&item=userstores_mgt_menu" "Mozilla/5.0 (X11; Linux x86_64) AppleWebKit/537.36 (KHTML, like Gecko) Chrome/31.0.1650.57 Safari/537.36"
10.100.4.52 - - [11/Mar/2014:09:39:08 +0530] "GET /admin/carbon/carbon/admin/js/main.js HTTP/1.1" 404 1051 "https://10.100.4.52:9443/admin/carbon/userstore_config/index.jsp?region=region1&item=userstores_mgt_menu" "Mozilla/5.0 (X11; Linux x86_64) AppleWebKit/537.36 (KHTML, like Gecko) Chrome/31.0.1650.57 Safari/537.36"
10.100.4.52 - - [11/Mar/2014:09:39:08 +0530] "GET /admin/carbon/userstore_config/images/add.gif HTTP/1.1" 200 407 "https://10.100.4.52:9443/admin/carbon/userstore_config/index.jsp?region=region1&item=userstores_mgt_menu" "Mozilla/5.0 (X11; Linux x86_64) AppleWebKit/537.36 (KHTML, like Gecko) Chrome/31.0.1650.57 Safari/537.36"
10.100.4.52 - - [11/Mar/2014:09:39:08 +0530] "GET /admin/carbon/userstore_config/images/delete.gif HTTP/1.1" 200 555 "https://10.100.4.52:9443/admin/carbon/userstore_config/index.jsp?region=region1&item=userstores_mgt_menu" "Mozilla/5.0 (X11; Linux x86_64) AppleWebKit/537.36 (KHTML, like Gecko) Chrome/31.0.1650.57 Safari/537.36"
127.0.0.1 - - [11/Mar/2014:09:39:11 +0530] "GET /publisher/api/cache/gadget HTTP/1.1" 200 89 "https://localhost:9443/publisher/assets/gadget/" "Mozilla/5.0 (X11; Linux x86_64) AppleWebKit/537.36 (KHTML, like Gecko) Chrome/31.0.1650.57 Safari/537.36"
10.100.4.52 - - [11/Mar/2014:09:39:13 +0530] "GET /admin/carbon/userstore/index.jsp?region=region1&item=userstores_menu HTTP/1.1" 200 5199 "https://10.100.4.52:9443/admin/carbon/userstore_config/index.jsp?region=region1&item=userstores_mgt_menu" "Mozilla/5.0 (X11; Linux x86_64) AppleWebKit/537.36 (KHTML, like Gecko) Chrome/31.0.1650.57 Safari/537.36"
10.100.4.52 - - [11/Mar/2014:09:39:13 +0530] "GET /admin/carbon/admin/jsp/registry_styles_ajaxprocessor.jsp HTTP/1.1" 200 123 "https://10.100.4.52:9443/admin/carbon/userstore/index.jsp?region=region1&item=userstores_menu" "Mozilla/5.0 (X11; Linux x86_64) AppleWebKit/537.36 (KHTML, like Gecko) Chrome/31.0.1650.57 Safari/537.36"
10.100.4.52 - - [11/Mar/2014:09:39:14 +0530] "GET /admin/carbon/userstore/extensions/core/js/vui.js HTTP/1.1" 404 1075 "https://10.100.4.52:9443/admin/carbon/userstore/index.jsp?region=region1&item=userstores_menu" "Mozilla/5.0 (X11; Linux x86_64) AppleWebKit/537.36 (KHTML, like Gecko) Chrome/31.0.1650.57 Safari/537.36"
10.100.4.52 - - [11/Mar/2014:09:39:15 +0530] "GET /admin/carbon/role/role-mgt.jsp HTTP/1.1" 200 5792 "https://10.100.4.52:9443/admin/carbon/userstore/index.jsp?region=region1&item=userstores_menu" "Mozilla/5.0 (X11; Linux x86_64) AppleWebKit/537.36 (KHTML, like Gecko) Chrome/31.0.1650.57 Safari/537.36"
127.0.0.1 - - [11/Mar/2014:09:39:15 +0530] "GET /publisher/api/cache/gadget HTTP/1.1" 200 89 "https://localhost:9443/publisher/assets/gadget/" "Mozilla/5.0 (X11; Linux x86_64) AppleWebKit/537.36 (KHTML, like Gecko) Chrome/31.0.1650.57 Safari/537.36"
10.100.4.52 - - [11/Mar/2014:09:39:15 +0530] "GET /admin/carbon/admin/jsp/registry_styles_ajaxprocessor.jsp HTTP/1.1" 200 123 "https://10.100.4.52:9443/admin/carbon/role/role-mgt.jsp" "Mozilla/5.0 (X11; Linux x86_64) AppleWebKit/537.36 (KHTML, like Gecko) Chrome/31.0.1650.57 Safari/537.36"
127.0.0.1 - - [11/Mar/2014:09:39:19 +0530] "GET /publisher/api/cache/gadget HTTP/1.1" 200 89 "https://localhost:9443/publisher/assets/gadget/" "Mozilla/5.0 (X11; Linux x86_64) AppleWebKit/537.36 (KHTML, like Gecko) Chrome/31.0.1650.57 Safari/537.36"
127.0.0.1 - - [11/Mar/2014:09:39:23 +0530] "GET /publisher/api/cache/gadget HTTP/1.1" 200 89 "https://localhost:9443/publisher/assets/gadget/" "Mozilla/5.0 (X11; Linux x86_64) AppleWebKit/537.36 (KHTML, like Gecko) Chrome/31.0.1650.57 Safari/537.36"
127.0.0.1 - - [11/Mar/2014:09:39:27 +0530] "GET /publisher/api/cache/gadget HTTP/1.1" 200 89 "https://localhost:9443/publisher/assets/gadget/" "Mozilla/5.0 (X11; Linux x86_64) AppleWebKit/537.36 (KHTML, like Gecko) Chrome/31.0.1650.57 Safari/537.36"
127.0.0.1 - - [11/Mar/2014:09:39:31 +0530] "GET /publisher/api/cache/gadget HTTP/1.1" 200 89 "https://localhost:9443/publisher/assets/gadget/" "Mozilla/5.0 (X11; Linux x86_64) AppleWebKit/537.36 (KHTML, like Gecko) Chrome/31.0.1650.57 Safari/537.36"
127.0.0.1 - - [11/Mar/2014:09:39:35 +0530] "GET /publisher/api/cache/gadget HTTP/1.1" 200 89 "https://localhost:9443/publisher/assets/gadget/" "Mozilla/5.0 (X11; Linux x86_64) AppleWebKit/537.36 (KHTML, like Gecko) Chrome/31.0.1650.57 Safari/537.36"
127.0.0.1 - - [11/Mar/2014:09:39:39 +0530] "GET /publisher/api/cache/gadget HTTP/1.1" 200 89 "https://localhost:9443/publisher/assets/gadget/" "Mozilla/5.0 (X11; Linux x86_64) AppleWebKit/537.36 (KHTML, like Gecko) Chrome/31.0.1650.57 Safari/537.36"
127.0.0.1 - - [11/Mar/2014:09:39:43 +0530] "GET /publisher/api/cache/gadget HTTP/1.1" 200 89 "https://localhost:9443/publisher/assets/gadget/" "Mozilla/5.0 (X11; Linux x86_64) AppleWebKit/537.36 (KHTML, like Gecko) Chrome/31.0.1650.57 Safari/537.36"
127.0.0.1 - - [11/Mar/2014:09:39:47 +0530] "GET /publisher/api/cache/gadget HTTP/1.1" 200 89 "https://localhost:9443/publisher/assets/gadget/" "Mozilla/5.0 (X11; Linux x86_64) AppleWebKit/537.36 (KHTML, like Gecko) Chrome/31.0.1650.57 Safari/537.36"
127.0.0.1 - - [11/Mar/2014:09:39:51 +0530] "GET /publisher/api/cache/gadget HTTP/1.1" 200 89 "https://localhost:9443/publisher/assets/gadget/" "Mozilla/5.0 (X11; Linux x86_64) AppleWebKit/537.36 (KHTML, like Gecko) Chrome/31.0.1650.57 Safari/537.36"
127.0.0.1 - - [11/Mar/2014:09:39:55 +0530] "GET /publisher/api/cache/gadget HTTP/1.1" 200 89 "https://localhost:9443/publisher/assets/gadget/" "Mozilla/5.0 (X11; Linux x86_64) AppleWebKit/537.36 (KHTML, like Gecko) Chrome/31.0.1650.57 Safari/537.36"
10.100.4.52 - - [11/Mar/2014:09:39:58 +0530] "GET /admin/carbon/role/add-step1.jsp?roleType=Internal HTTP/1.1" 200 5993 "https://10.100.4.52:9443/admin/carbon/role/role-mgt.jsp" "Mozilla/5.0 (X11; Linux x86_64) AppleWebKit/537.36 (KHTML, like Gecko) Chrome/31.0.1650.57 Safari/537.36"
10.100.4.52 - - [11/Mar/2014:09:39:58 +0530] "GET /admin/carbon/admin/jsp/registry_styles_ajaxprocessor.jsp HTTP/1.1" 200 123 "https://10.100.4.52:9443/admin/carbon/role/add-step1.jsp?roleType=Internal" "Mozilla/5.0 (X11; Linux x86_64) AppleWebKit/537.36 (KHTML, like Gecko) Chrome/31.0.1650.57 Safari/537.36"
127.0.0.1 - - [11/Mar/2014:09:39:59 +0530] "GET /publisher/api/cache/gadget HTTP/1.1" 200 89 "https://localhost:9443/publisher/assets/gadget/" "Mozilla/5.0 (X11; Linux x86_64) AppleWebKit/537.36 (KHTML, like Gecko) Chrome/31.0.1650.57 Safari/537.36"
127.0.0.1 - - [11/Mar/2014:09:40:03 +0530] "GET /publisher/api/cache/gadget HTTP/1.1" 200 89 "https://localhost:9443/publisher/assets/gadget/" "Mozilla/5.0 (X11; Linux x86_64) AppleWebKit/537.36 (KHTML, like Gecko) Chrome/31.0.1650.57 Safari/537.36"
127.0.0.1 - - [11/Mar/2014:09:40:07 +0530] "GET /publisher/api/cache/gadget HTTP/1.1" 200 89 "https://localhost:9443/publisher/assets/gadget/" "Mozilla/5.0 (X11; Linux x86_64) AppleWebKit/537.36 (KHTML, like Gecko) Chrome/31.0.1650.57 Safari/537.36"
127.0.0.1 - - [11/Mar/2014:09:40:11 +0530] "GET /publisher/api/cache/gadget HTTP/1.1" 200 89 "https://localhost:9443/publisher/assets/gadget/" "Mozilla/5.0 (X11; Linux x86_64) AppleWebKit/537.36 (KHTML, like Gecko) Chrome/31.0.1650.57 Safari/537.36"
127.0.0.1 - - [11/Mar/2014:09:40:15 +0530] "GET /publisher/api/cache/gadget HTTP/1.1" 200 89 "https://localhost:9443/publisher/assets/gadget/" "Mozilla/5.0 (X11; Linux x86_64) AppleWebKit/537.36 (KHTML, like Gecko) Chrome/31.0.1650.57 Safari/537.36"
127.0.0.1 - - [11/Mar/2014:09:40:19 +0530] "GET /publisher/api/cache/gadget HTTP/1.1" 200 89 "https://localhost:9443/publisher/assets/gadget/" "Mozilla/5.0 (X11; Linux x86_64) AppleWebKit/537.36 (KHTML, like Gecko) Chrome/31.0.1650.57 Safari/537.36"
127.0.0.1 - - [11/Mar/2014:09:40:23 +0530] "GET /publisher/api/cache/gadget HTTP/1.1" 200 89 "https://localhost:9443/publisher/assets/gadget/" "Mozilla/5.0 (X11; Linux x86_64) AppleWebKit/537.36 (KHTML, like Gecko) Chrome/31.0.1650.57 Safari/537.36"
127.0.0.1 - - [11/Mar/2014:09:40:27 +0530] "GET /publisher/api/cache/gadget HTTP/1.1" 200 89 "https://localhost:9443/publisher/assets/gadget/" "Mozilla/5.0 (X11; Linux x86_64) AppleWebKit/537.36 (KHTML, like Gecko) Chrome/31.0.1650.57 Safari/537.36"
127.0.0.1 - - [11/Mar/2014:09:40:31 +0530] "GET /publisher/api/cache/gadget HTTP/1.1" 200 89 "https://localhost:9443/publisher/assets/gadget/" "Mozilla/5.0 (X11; Linux x86_64) AppleWebKit/537.36 (KHTML, like Gecko) Chrome/31.0.1650.57 Safari/537.36"
127.0.0.1 - - [11/Mar/2014:09:40:35 +0530] "GET /publisher/api/cache/gadget HTTP/1.1" 200 89 "https://localhost:9443/publisher/assets/gadget/" "Mozilla/5.0 (X11; Linux x86_64) AppleWebKit/537.36 (KHTML, like Gecko) Chrome/31.0.1650.57 Safari/537.36"
127.0.0.1 - - [11/Mar/2014:09:40:39 +0530] "GET /publisher/api/cache/gadget HTTP/1.1" 200 89 "https://localhost:9443/publisher/assets/gadget/" "Mozilla/5.0 (X11; Linux x86_64) AppleWebKit/537.36 (KHTML, like Gecko) Chrome/31.0.1650.57 Safari/537.36"
127.0.0.1 - - [11/Mar/2014:09:40:43 +0530] "GET /publisher/api/cache/gadget HTTP/1.1" 200 89 "https://localhost:9443/publisher/assets/gadget/" "Mozilla/5.0 (X11; Linux x86_64) AppleWebKit/537.36 (KHTML, like Gecko) Chrome/31.0.1650.57 Safari/537.36"
127.0.0.1 - - [11/Mar/2014:09:40:47 +0530] "GET /publisher/api/cache/gadget HTTP/1.1" 200 89 "https://localhost:9443/publisher/assets/gadget/" "Mozilla/5.0 (X11; Linux x86_64) AppleWebKit/537.36 (KHTML, like Gecko) Chrome/31.0.1650.57 Safari/537.36"
127.0.0.1 - - [11/Mar/2014:09:40:51 +0530] "GET /publisher/api/cache/gadget HTTP/1.1" 200 89 "https://localhost:9443/publisher/assets/gadget/" "Mozilla/5.0 (X11; Linux x86_64) AppleWebKit/537.36 (KHTML, like Gecko) Chrome/31.0.1650.57 Safari/537.36"
127.0.0.1 - - [11/Mar/2014:09:40:55 +0530] "GET /publisher/api/cache/gadget HTTP/1.1" 200 89 "https://localhost:9443/publisher/assets/gadget/" "Mozilla/5.0 (X11; Linux x86_64) AppleWebKit/537.36 (KHTML, like Gecko) Chrome/31.0.1650.57 Safari/537.36"
127.0.0.1 - - [11/Mar/2014:09:40:59 +0530] "GET /publisher/api/cache/gadget HTTP/1.1" 200 89 "https://localhost:9443/publisher/assets/gadget/" "Mozilla/5.0 (X11; Linux x86_64) AppleWebKit/537.36 (KHTML, like Gecko) Chrome/31.0.1650.57 Safari/537.36"
127.0.0.1 - - [11/Mar/2014:09:41:03 +0530] "GET /publisher/api/cache/gadget HTTP/1.1" 200 89 "https://localhost:9443/publisher/assets/gadget/" "Mozilla/5.0 (X11; Linux x86_64) AppleWebKit/537.36 (KHTML, like Gecko) Chrome/31.0.1650.57 Safari/537.36"
127.0.0.1 - - [11/Mar/2014:09:41:07 +0530] "GET /publisher/api/cache/gadget HTTP/1.1" 200 89 "https://localhost:9443/publisher/assets/gadget/" "Mozilla/5.0 (X11; Linux x86_64) AppleWebKit/537.36 (KHTML, like Gecko) Chrome/31.0.1650.57 Safari/537.36"
127.0.0.1 - - [11/Mar/2014:09:41:11 +0530] "GET /publisher/api/cache/gadget HTTP/1.1" 200 89 "https://localhost:9443/publisher/assets/gadget/" "Mozilla/5.0 (X11; Linux x86_64) AppleWebKit/537.36 (KHTML, like Gecko) Chrome/31.0.1650.57 Safari/537.36"
127.0.0.1 - - [11/Mar/2014:09:41:15 +0530] "GET /publisher/api/cache/gadget HTTP/1.1" 200 89 "https://localhost:9443/publisher/assets/gadget/" "Mozilla/5.0 (X11; Linux x86_64) AppleWebKit/537.36 (KHTML, like Gecko) Chrome/31.0.1650.57 Safari/537.36"
127.0.0.1 - - [11/Mar/2014:09:41:19 +0530] "GET /publisher/api/cache/gadget HTTP/1.1" 200 89 "https://localhost:9443/publisher/assets/gadget/" "Mozilla/5.0 (X11; Linux x86_64) AppleWebKit/537.36 (KHTML, like Gecko) Chrome/31.0.1650.57 Safari/537.36"
127.0.0.1 - - [11/Mar/2014:09:41:23 +0530] "GET /publisher/api/cache/gadget HTTP/1.1" 200 89 "https://localhost:9443/publisher/assets/gadget/" "Mozilla/5.0 (X11; Linux x86_64) AppleWebKit/537.36 (KHTML, like Gecko) Chrome/31.0.1650.57 Safari/537.36"
127.0.0.1 - - [11/Mar/2014:09:41:27 +0530] "GET /publisher/api/cache/gadget HTTP/1.1" 200 89 "https://localhost:9443/publisher/assets/gadget/" "Mozilla/5.0 (X11; Linux x86_64) AppleWebKit/537.36 (KHTML, like Gecko) Chrome/31.0.1650.57 Safari/537.36"
127.0.0.1 - - [11/Mar/2014:09:41:31 +0530] "GET /publisher/api/cache/gadget HTTP/1.1" 200 89 "https://localhost:9443/publisher/assets/gadget/" "Mozilla/5.0 (X11; Linux x86_64) AppleWebKit/537.36 (KHTML, like Gecko) Chrome/31.0.1650.57 Safari/537.36"
127.0.0.1 - - [11/Mar/2014:09:41:35 +0530] "GET /publisher/api/cache/gadget HTTP/1.1" 200 89 "https://localhost:9443/publisher/assets/gadget/" "Mozilla/5.0 (X11; Linux x86_64) AppleWebKit/537.36 (KHTML, like Gecko) Chrome/31.0.1650.57 Safari/537.36"
127.0.0.1 - - [11/Mar/2014:09:41:39 +0530] "GET /publisher/api/cache/gadget HTTP/1.1" 200 89 "https://localhost:9443/publisher/assets/gadget/" "Mozilla/5.0 (X11; Linux x86_64) AppleWebKit/537.36 (KHTML, like Gecko) Chrome/31.0.1650.57 Safari/537.36"
127.0.0.1 - - [11/Mar/2014:09:41:43 +0530] "GET /publisher/api/cache/gadget HTTP/1.1" 200 89 "https://localhost:9443/publisher/assets/gadget/" "Mozilla/5.0 (X11; Linux x86_64) AppleWebKit/537.36 (KHTML, like Gecko) Chrome/31.0.1650.57 Safari/537.36"
127.0.0.1 - - [11/Mar/2014:09:41:47 +0530] "GET /publisher/api/cache/gadget HTTP/1.1" 200 89 "https://localhost:9443/publisher/assets/gadget/" "Mozilla/5.0 (X11; Linux x86_64) AppleWebKit/537.36 (KHTML, like Gecko) Chrome/31.0.1650.57 Safari/537.36"
10.100.4.52 - - [11/Mar/2014:09:41:49 +0530] "GET /admin/carbon/userstore/index.jsp?region=region1&item=userstores_menu HTTP/1.1" 200 5197 "https://10.100.4.52:9443/admin/carbon/role/add-step1.jsp?roleType=Internal" "Mozilla/5.0 (X11; Linux x86_64) AppleWebKit/537.36 (KHTML, like Gecko) Chrome/31.0.1650.57 Safari/537.36"
10.100.4.52 - - [11/Mar/2014:09:41:49 +0530] "GET /admin/carbon/admin/jsp/registry_styles_ajaxprocessor.jsp HTTP/1.1" 200 123 "https://10.100.4.52:9443/admin/carbon/userstore/index.jsp?region=region1&item=userstores_menu" "Mozilla/5.0 (X11; Linux x86_64) AppleWebKit/537.36 (KHTML, like Gecko) Chrome/31.0.1650.57 Safari/537.36"
10.100.4.52 - - [11/Mar/2014:09:41:49 +0530] "GET /admin/carbon/userstore/extensions/core/js/vui.js HTTP/1.1" 404 1075 "https://10.100.4.52:9443/admin/carbon/userstore/index.jsp?region=region1&item=userstores_menu" "Mozilla/5.0 (X11; Linux x86_64) AppleWebKit/537.36 (KHTML, like Gecko) Chrome/31.0.1650.57 Safari/537.36"
127.0.0.1 - - [11/Mar/2014:09:41:51 +0530] "GET /publisher/api/cache/gadget HTTP/1.1" 200 89 "https://localhost:9443/publisher/assets/gadget/" "Mozilla/5.0 (X11; Linux x86_64) AppleWebKit/537.36 (KHTML, like Gecko) Chrome/31.0.1650.57 Safari/537.36"
10.100.4.52 - - [11/Mar/2014:09:41:52 +0530] "GET /admin/carbon/role/role-mgt.jsp HTTP/1.1" 200 5791 "https://10.100.4.52:9443/admin/carbon/userstore/index.jsp?region=region1&item=userstores_menu" "Mozilla/5.0 (X11; Linux x86_64) AppleWebKit/537.36 (KHTML, like Gecko) Chrome/31.0.1650.57 Safari/537.36"
10.100.4.52 - - [11/Mar/2014:09:41:52 +0530] "GET /admin/carbon/admin/jsp/registry_styles_ajaxprocessor.jsp HTTP/1.1" 200 123 "https://10.100.4.52:9443/admin/carbon/role/role-mgt.jsp" "Mozilla/5.0 (X11; Linux x86_64) AppleWebKit/537.36 (KHTML, like Gecko) Chrome/31.0.1650.57 Safari/537.36"
127.0.0.1 - - [11/Mar/2014:09:41:55 +0530] "GET /publisher/api/cache/gadget HTTP/1.1" 200 89 "https://localhost:9443/publisher/assets/gadget/" "Mozilla/5.0 (X11; Linux x86_64) AppleWebKit/537.36 (KHTML, like Gecko) Chrome/31.0.1650.57 Safari/537.36"
127.0.0.1 - - [11/Mar/2014:09:41:59 +0530] "GET /publisher/api/cache/gadget HTTP/1.1" 200 89 "https://localhost:9443/publisher/assets/gadget/" "Mozilla/5.0 (X11; Linux x86_64) AppleWebKit/537.36 (KHTML, like Gecko) Chrome/31.0.1650.57 Safari/537.36"
127.0.0.1 - - [11/Mar/2014:09:42:03 +0530] "GET /publisher/api/cache/gadget HTTP/1.1" 200 89 "https://localhost:9443/publisher/assets/gadget/" "Mozilla/5.0 (X11; Linux x86_64) AppleWebKit/537.36 (KHTML, like Gecko) Chrome/31.0.1650.57 Safari/537.36"
127.0.0.1 - - [11/Mar/2014:09:42:07 +0530] "GET /publisher/api/cache/gadget HTTP/1.1" 200 89 "https://localhost:9443/publisher/assets/gadget/" "Mozilla/5.0 (X11; Linux x86_64) AppleWebKit/537.36 (KHTML, like Gecko) Chrome/31.0.1650.57 Safari/537.36"
10.100.4.52 - - [11/Mar/2014:09:42:08 +0530] "GET /admin/carbon/role/edit-permissions.jsp?roleName=Internal/reviewer HTTP/1.1" 200 7619 "https://10.100.4.52:9443/admin/carbon/role/role-mgt.jsp" "Mozilla/5.0 (X11; Linux x86_64) AppleWebKit/537.36 (KHTML, like Gecko) Chrome/31.0.1650.57 Safari/537.36"
10.100.4.52 - - [11/Mar/2014:09:42:09 +0530] "GET /admin/carbon/admin/jsp/registry_styles_ajaxprocessor.jsp HTTP/1.1" 200 123 "https://10.100.4.52:9443/admin/carbon/role/edit-permissions.jsp?roleName=Internal/reviewer" "Mozilla/5.0 (X11; Linux x86_64) AppleWebKit/537.36 (KHTML, like Gecko) Chrome/31.0.1650.57 Safari/537.36"
10.100.4.52 - - [11/Mar/2014:09:42:09 +0530] "GET /admin/carbon/yui/build/treeview/assets/skins/sam/treeview.css HTTP/1.1" 200 765 "https://10.100.4.52:9443/admin/carbon/role/edit-permissions.jsp?roleName=Internal/reviewer" "Mozilla/5.0 (X11; Linux x86_64) AppleWebKit/537.36 (KHTML, like Gecko) Chrome/31.0.1650.57 Safari/537.36"
10.100.4.52 - - [11/Mar/2014:09:42:09 +0530] "GET /admin/carbon/role/js/event-min.js HTTP/1.1" 200 5398 "https://10.100.4.52:9443/admin/carbon/role/edit-permissions.jsp?roleName=Internal/reviewer" "Mozilla/5.0 (X11; Linux x86_64) AppleWebKit/537.36 (KHTML, like Gecko) Chrome/31.0.1650.57 Safari/537.36"
10.100.4.52 - - [11/Mar/2014:09:42:09 +0530] "GET /admin/carbon/role/js/yuiloader-min.js HTTP/1.1" 200 9087 "https://10.100.4.52:9443/admin/carbon/role/edit-permissions.jsp?roleName=Internal/reviewer" "Mozilla/5.0 (X11; Linux x86_64) AppleWebKit/537.36 (KHTML, like Gecko) Chrome/31.0.1650.57 Safari/537.36"
10.100.4.52 - - [11/Mar/2014:09:42:09 +0530] "GET /admin/carbon/role/js/dom-min.js HTTP/1.1" 200 5880 "https://10.100.4.52:9443/admin/carbon/role/edit-permissions.jsp?roleName=Internal/reviewer" "Mozilla/5.0 (X11; Linux x86_64) AppleWebKit/537.36 (KHTML, like Gecko) Chrome/31.0.1650.57 Safari/537.36"
10.100.4.52 - - [11/Mar/2014:09:42:09 +0530] "GET /admin/carbon/role/js/logger-min.js HTTP/1.1" 200 4557 "https://10.100.4.52:9443/admin/carbon/role/edit-permissions.jsp?roleName=Internal/reviewer" "Mozilla/5.0 (X11; Linux x86_64) AppleWebKit/537.36 (KHTML, like Gecko) Chrome/31.0.1650.57 Safari/537.36"
10.100.4.52 - - [11/Mar/2014:09:42:09 +0530] "GET /admin/carbon/role/js/element-min.js HTTP/1.1" 200 2629 "https://10.100.4.52:9443/admin/carbon/role/edit-permissions.jsp?roleName=Internal/reviewer" "Mozilla/5.0 (X11; Linux x86_64) AppleWebKit/537.36 (KHTML, like Gecko) Chrome/31.0.1650.57 Safari/537.36"
10.100.4.52 - - [11/Mar/2014:09:42:09 +0530] "GET /admin/carbon/role/js/treeview-debug.js HTTP/1.1" 200 27751 "https://10.100.4.52:9443/admin/carbon/role/edit-permissions.jsp?roleName=Internal/reviewer" "Mozilla/5.0 (X11; Linux x86_64) AppleWebKit/537.36 (KHTML, like Gecko) Chrome/31.0.1650.57 Safari/537.36"
10.100.4.52 - - [11/Mar/2014:09:42:09 +0530] "GET /admin/carbon/role/images/expandall.gif HTTP/1.1" 200 983 "https://10.100.4.52:9443/admin/carbon/role/edit-permissions.jsp?roleName=Internal/reviewer" "Mozilla/5.0 (X11; Linux x86_64) AppleWebKit/537.36 (KHTML, like Gecko) Chrome/31.0.1650.57 Safari/537.36"
10.100.4.52 - - [11/Mar/2014:09:42:09 +0530] "GET /admin/carbon/role/images/contractall.gif HTTP/1.1" 200 987 "https://10.100.4.52:9443/admin/carbon/role/edit-permissions.jsp?roleName=Internal/reviewer" "Mozilla/5.0 (X11; Linux x86_64) AppleWebKit/537.36 (KHTML, like Gecko) Chrome/31.0.1650.57 Safari/537.36"
10.100.4.52 - - [11/Mar/2014:09:42:09 +0530] "GET /admin/carbon/role/js/TaskNode.js HTTP/1.1" 200 2374 "https://10.100.4.52:9443/admin/carbon/role/edit-permissions.jsp?roleName=Internal/reviewer" "Mozilla/5.0 (X11; Linux x86_64) AppleWebKit/537.36 (KHTML, like Gecko) Chrome/31.0.1650.57 Safari/537.36"
10.100.4.52 - - [11/Mar/2014:09:42:09 +0530] "GET /admin/carbon/role/images/check0.gif HTTP/1.1" 200 608 "https://10.100.4.52:9443/admin/carbon/role/edit-permissions.jsp?roleName=Internal/reviewer" "Mozilla/5.0 (X11; Linux x86_64) AppleWebKit/537.36 (KHTML, like Gecko) Chrome/31.0.1650.57 Safari/537.36"
10.100.4.52 - - [11/Mar/2014:09:42:09 +0530] "GET /admin/carbon/yui/build/treeview/assets/skins/sam/treeview-sprite.gif HTTP/1.1" 200 4421 "https://10.100.4.52:9443/admin/carbon/role/edit-permissions.jsp?roleName=Internal/reviewer" "Mozilla/5.0 (X11; Linux x86_64) AppleWebKit/537.36 (KHTML, like Gecko) Chrome/31.0.1650.57 Safari/537.36"
10.100.4.52 - - [11/Mar/2014:09:42:09 +0530] "GET /admin/carbon/role/images/check2.gif HTTP/1.1" 200 622 "https://10.100.4.52:9443/admin/carbon/role/edit-permissions.jsp?roleName=Internal/reviewer" "Mozilla/5.0 (X11; Linux x86_64) AppleWebKit/537.36 (KHTML, like Gecko) Chrome/31.0.1650.57 Safari/537.36"
10.100.4.52 - - [11/Mar/2014:09:42:09 +0530] "GET /admin/carbon/yui/build/treeview/assets/skins/sam/treeview-loading.gif HTTP/1.1" 200 2534 "https://10.100.4.52:9443/admin/carbon/role/edit-permissions.jsp?roleName=Internal/reviewer" "Mozilla/5.0 (X11; Linux x86_64) AppleWebKit/537.36 (KHTML, like Gecko) Chrome/31.0.1650.57 Safari/537.36"
127.0.0.1 - - [11/Mar/2014:09:42:11 +0530] "GET /publisher/api/cache/gadget HTTP/1.1" 200 89 "https://localhost:9443/publisher/assets/gadget/" "Mozilla/5.0 (X11; Linux x86_64) AppleWebKit/537.36 (KHTML, like Gecko) Chrome/31.0.1650.57 Safari/537.36"
10.100.4.52 - - [11/Mar/2014:09:42:15 +0530] "GET /admin/carbon/role/role-mgt.jsp HTTP/1.1" 200 5832 "https://10.100.4.52:9443/admin/carbon/userstore/index.jsp?region=region1&item=userstores_menu" "Mozilla/5.0 (X11; Linux x86_64) AppleWebKit/537.36 (KHTML, like Gecko) Chrome/31.0.1650.57 Safari/537.36"
127.0.0.1 - - [11/Mar/2014:09:42:15 +0530] "GET /publisher/api/cache/gadget HTTP/1.1" 200 89 "https://localhost:9443/publisher/assets/gadget/" "Mozilla/5.0 (X11; Linux x86_64) AppleWebKit/537.36 (KHTML, like Gecko) Chrome/31.0.1650.57 Safari/537.36"
10.100.4.52 - - [11/Mar/2014:09:42:17 +0530] "GET /admin/carbon/role/add-step1.jsp?roleType=Internal HTTP/1.1" 200 6039 "https://10.100.4.52:9443/admin/carbon/role/role-mgt.jsp" "Mozilla/5.0 (X11; Linux x86_64) AppleWebKit/537.36 (KHTML, like Gecko) Chrome/31.0.1650.57 Safari/537.36"
10.100.4.52 - - [11/Mar/2014:09:42:17 +0530] "GET /admin/carbon/admin/jsp/registry_styles_ajaxprocessor.jsp HTTP/1.1" 200 123 "https://10.100.4.52:9443/admin/carbon/role/add-step1.jsp?roleType=Internal" "Mozilla/5.0 (X11; Linux x86_64) AppleWebKit/537.36 (KHTML, like Gecko) Chrome/31.0.1650.57 Safari/537.36"
127.0.0.1 - - [11/Mar/2014:09:42:19 +0530] "GET /publisher/api/cache/gadget HTTP/1.1" 200 89 "https://localhost:9443/publisher/assets/gadget/" "Mozilla/5.0 (X11; Linux x86_64) AppleWebKit/537.36 (KHTML, like Gecko) Chrome/31.0.1650.57 Safari/537.36"
127.0.0.1 - - [11/Mar/2014:09:42:23 +0530] "GET /publisher/api/cache/gadget HTTP/1.1" 200 89 "https://localhost:9443/publisher/assets/gadget/" "Mozilla/5.0 (X11; Linux x86_64) AppleWebKit/537.36 (KHTML, like Gecko) Chrome/31.0.1650.57 Safari/537.36"
127.0.0.1 - - [11/Mar/2014:09:42:27 +0530] "GET /publisher/api/cache/gadget HTTP/1.1" 200 89 "https://localhost:9443/publisher/assets/gadget/" "Mozilla/5.0 (X11; Linux x86_64) AppleWebKit/537.36 (KHTML, like Gecko) Chrome/31.0.1650.57 Safari/537.36"
127.0.0.1 - - [11/Mar/2014:09:42:31 +0530] "GET /publisher/api/cache/gadget HTTP/1.1" 200 89 "https://localhost:9443/publisher/assets/gadget/" "Mozilla/5.0 (X11; Linux x86_64) AppleWebKit/537.36 (KHTML, like Gecko) Chrome/31.0.1650.57 Safari/537.36"
127.0.0.1 - - [11/Mar/2014:09:42:35 +0530] "GET /publisher/api/cache/gadget HTTP/1.1" 200 89 "https://localhost:9443/publisher/assets/gadget/" "Mozilla/5.0 (X11; Linux x86_64) AppleWebKit/537.36 (KHTML, like Gecko) Chrome/31.0.1650.57 Safari/537.36"
127.0.0.1 - - [11/Mar/2014:09:42:39 +0530] "GET /publisher/api/cache/gadget HTTP/1.1" 200 89 "https://localhost:9443/publisher/assets/gadget/" "Mozilla/5.0 (X11; Linux x86_64) AppleWebKit/537.36 (KHTML, like Gecko) Chrome/31.0.1650.57 Safari/537.36"
127.0.0.1 - - [11/Mar/2014:09:42:43 +0530] "GET /publisher/api/cache/gadget HTTP/1.1" 200 89 "https://localhost:9443/publisher/assets/gadget/" "Mozilla/5.0 (X11; Linux x86_64) AppleWebKit/537.36 (KHTML, like Gecko) Chrome/31.0.1650.57 Safari/537.36"
127.0.0.1 - - [11/Mar/2014:09:42:47 +0530] "GET /publisher/api/cache/gadget HTTP/1.1" 200 89 "https://localhost:9443/publisher/assets/gadget/" "Mozilla/5.0 (X11; Linux x86_64) AppleWebKit/537.36 (KHTML, like Gecko) Chrome/31.0.1650.57 Safari/537.36"
127.0.0.1 - - [11/Mar/2014:09:42:51 +0530] "GET /publisher/api/cache/gadget HTTP/1.1" 200 89 "https://localhost:9443/publisher/assets/gadget/" "Mozilla/5.0 (X11; Linux x86_64) AppleWebKit/537.36 (KHTML, like Gecko) Chrome/31.0.1650.57 Safari/537.36"
127.0.0.1 - - [11/Mar/2014:09:42:55 +0530] "GET /publisher/api/cache/gadget HTTP/1.1" 200 89 "https://localhost:9443/publisher/assets/gadget/" "Mozilla/5.0 (X11; Linux x86_64) AppleWebKit/537.36 (KHTML, like Gecko) Chrome/31.0.1650.57 Safari/537.36"
127.0.0.1 - - [11/Mar/2014:09:42:59 +0530] "GET /publisher/api/cache/gadget HTTP/1.1" 200 89 "https://localhost:9443/publisher/assets/gadget/" "Mozilla/5.0 (X11; Linux x86_64) AppleWebKit/537.36 (KHTML, like Gecko) Chrome/31.0.1650.57 Safari/537.36"
10.100.4.52 - - [11/Mar/2014:09:43:03 +0530] "GET /admin/carbon/role/role-mgt.jsp?ordinal=1 HTTP/1.1" 200 5792 "https://10.100.4.52:9443/admin/carbon/role/add-step1.jsp?roleType=Internal" "Mozilla/5.0 (X11; Linux x86_64) AppleWebKit/537.36 (KHTML, like Gecko) Chrome/31.0.1650.57 Safari/537.36"
127.0.0.1 - - [11/Mar/2014:09:43:03 +0530] "GET /publisher/api/cache/gadget HTTP/1.1" 200 89 "https://localhost:9443/publisher/assets/gadget/" "Mozilla/5.0 (X11; Linux x86_64) AppleWebKit/537.36 (KHTML, like Gecko) Chrome/31.0.1650.57 Safari/537.36"
10.100.4.52 - - [11/Mar/2014:09:43:03 +0530] "GET /admin/carbon/admin/jsp/registry_styles_ajaxprocessor.jsp HTTP/1.1" 200 123 "https://10.100.4.52:9443/admin/carbon/role/role-mgt.jsp?ordinal=1" "Mozilla/5.0 (X11; Linux x86_64) AppleWebKit/537.36 (KHTML, like Gecko) Chrome/31.0.1650.57 Safari/537.36"
127.0.0.1 - - [11/Mar/2014:09:43:07 +0530] "GET /publisher/api/cache/gadget HTTP/1.1" 200 89 "https://localhost:9443/publisher/assets/gadget/" "Mozilla/5.0 (X11; Linux x86_64) AppleWebKit/537.36 (KHTML, like Gecko) Chrome/31.0.1650.57 Safari/537.36"
127.0.0.1 - - [11/Mar/2014:09:43:11 +0530] "GET /publisher/api/cache/gadget HTTP/1.1" 200 89 "https://localhost:9443/publisher/assets/gadget/" "Mozilla/5.0 (X11; Linux x86_64) AppleWebKit/537.36 (KHTML, like Gecko) Chrome/31.0.1650.57 Safari/537.36"
10.100.4.52 - - [11/Mar/2014:09:43:12 +0530] "GET /admin/carbon/role/add-step1.jsp?roleType=Internal HTTP/1.1" 200 6000 "https://10.100.4.52:9443/admin/carbon/role/role-mgt.jsp?ordinal=1" "Mozilla/5.0 (X11; Linux x86_64) AppleWebKit/537.36 (KHTML, like Gecko) Chrome/31.0.1650.57 Safari/537.36"
10.100.4.52 - - [11/Mar/2014:09:43:13 +0530] "GET /admin/carbon/admin/jsp/registry_styles_ajaxprocessor.jsp HTTP/1.1" 200 123 "https://10.100.4.52:9443/admin/carbon/role/add-step1.jsp?roleType=Internal" "Mozilla/5.0 (X11; Linux x86_64) AppleWebKit/537.36 (KHTML, like Gecko) Chrome/31.0.1650.57 Safari/537.36"
127.0.0.1 - - [11/Mar/2014:09:43:15 +0530] "GET /publisher/api/cache/gadget HTTP/1.1" 200 89 "https://localhost:9443/publisher/assets/gadget/" "Mozilla/5.0 (X11; Linux x86_64) AppleWebKit/537.36 (KHTML, like Gecko) Chrome/31.0.1650.57 Safari/537.36"
127.0.0.1 - - [11/Mar/2014:09:43:19 +0530] "GET /publisher/api/cache/gadget HTTP/1.1" 200 89 "https://localhost:9443/publisher/assets/gadget/" "Mozilla/5.0 (X11; Linux x86_64) AppleWebKit/537.36 (KHTML, like Gecko) Chrome/31.0.1650.57 Safari/537.36"
10.100.4.52 - - [11/Mar/2014:09:43:20 +0530] "GET /admin/carbon/role/role-mgt.jsp?ordinal=1 HTTP/1.1" 200 5789 "https://10.100.4.52:9443/admin/carbon/role/add-step1.jsp?roleType=Internal" "Mozilla/5.0 (X11; Linux x86_64) AppleWebKit/537.36 (KHTML, like Gecko) Chrome/31.0.1650.57 Safari/537.36"
10.100.4.52 - - [11/Mar/2014:09:43:20 +0530] "GET /admin/carbon/admin/jsp/registry_styles_ajaxprocessor.jsp HTTP/1.1" 200 123 "https://10.100.4.52:9443/admin/carbon/role/role-mgt.jsp?ordinal=1" "Mozilla/5.0 (X11; Linux x86_64) AppleWebKit/537.36 (KHTML, like Gecko) Chrome/31.0.1650.57 Safari/537.36"
127.0.0.1 - - [11/Mar/2014:09:43:23 +0530] "GET /publisher/api/cache/gadget HTTP/1.1" 200 89 "https://localhost:9443/publisher/assets/gadget/" "Mozilla/5.0 (X11; Linux x86_64) AppleWebKit/537.36 (KHTML, like Gecko) Chrome/31.0.1650.57 Safari/537.36"
127.0.0.1 - - [11/Mar/2014:09:43:27 +0530] "GET /publisher/api/cache/gadget HTTP/1.1" 200 89 "https://localhost:9443/publisher/assets/gadget/" "Mozilla/5.0 (X11; Linux x86_64) AppleWebKit/537.36 (KHTML, like Gecko) Chrome/31.0.1650.57 Safari/537.36"
127.0.0.1 - - [11/Mar/2014:09:43:31 +0530] "GET /publisher/api/cache/gadget HTTP/1.1" 200 89 "https://localhost:9443/publisher/assets/gadget/" "Mozilla/5.0 (X11; Linux x86_64) AppleWebKit/537.36 (KHTML, like Gecko) Chrome/31.0.1650.57 Safari/537.36"
127.0.0.1 - - [11/Mar/2014:09:43:35 +0530] "GET /publisher/api/cache/gadget HTTP/1.1" 200 89 "https://localhost:9443/publisher/assets/gadget/" "Mozilla/5.0 (X11; Linux x86_64) AppleWebKit/537.36 (KHTML, like Gecko) Chrome/31.0.1650.57 Safari/537.36"
127.0.0.1 - - [11/Mar/2014:09:43:39 +0530] "GET /publisher/api/cache/gadget HTTP/1.1" 200 89 "https://localhost:9443/publisher/assets/gadget/" "Mozilla/5.0 (X11; Linux x86_64) AppleWebKit/537.36 (KHTML, like Gecko) Chrome/31.0.1650.57 Safari/537.36"
127.0.0.1 - - [11/Mar/2014:09:43:43 +0530] "GET /publisher/api/cache/gadget HTTP/1.1" 200 89 "https://localhost:9443/publisher/assets/gadget/" "Mozilla/5.0 (X11; Linux x86_64) AppleWebKit/537.36 (KHTML, like Gecko) Chrome/31.0.1650.57 Safari/537.36"
127.0.0.1 - - [11/Mar/2014:09:43:47 +0530] "GET /publisher/api/cache/gadget HTTP/1.1" 200 89 "https://localhost:9443/publisher/assets/gadget/" "Mozilla/5.0 (X11; Linux x86_64) AppleWebKit/537.36 (KHTML, like Gecko) Chrome/31.0.1650.57 Safari/537.36"
127.0.0.1 - - [11/Mar/2014:09:43:51 +0530] "GET /publisher/api/cache/gadget HTTP/1.1" 200 89 "https://localhost:9443/publisher/assets/gadget/" "Mozilla/5.0 (X11; Linux x86_64) AppleWebKit/537.36 (KHTML, like Gecko) Chrome/31.0.1650.57 Safari/537.36"
127.0.0.1 - - [11/Mar/2014:09:43:55 +0530] "GET /publisher/api/cache/gadget HTTP/1.1" 200 89 "https://localhost:9443/publisher/assets/gadget/" "Mozilla/5.0 (X11; Linux x86_64) AppleWebKit/537.36 (KHTML, like Gecko) Chrome/31.0.1650.57 Safari/537.36"
127.0.0.1 - - [11/Mar/2014:09:43:59 +0530] "GET /publisher/api/cache/gadget HTTP/1.1" 200 89 "https://localhost:9443/publisher/assets/gadget/" "Mozilla/5.0 (X11; Linux x86_64) AppleWebKit/537.36 (KHTML, like Gecko) Chrome/31.0.1650.57 Safari/537.36"
127.0.0.1 - - [11/Mar/2014:09:44:03 +0530] "GET /publisher/api/cache/gadget HTTP/1.1" 200 89 "https://localhost:9443/publisher/assets/gadget/" "Mozilla/5.0 (X11; Linux x86_64) AppleWebKit/537.36 (KHTML, like Gecko) Chrome/31.0.1650.57 Safari/537.36"
127.0.0.1 - - [11/Mar/2014:09:44:07 +0530] "GET /publisher/api/cache/gadget HTTP/1.1" 200 89 "https://localhost:9443/publisher/assets/gadget/" "Mozilla/5.0 (X11; Linux x86_64) AppleWebKit/537.36 (KHTML, like Gecko) Chrome/31.0.1650.57 Safari/537.36"
127.0.0.1 - - [11/Mar/2014:09:44:11 +0530] "GET /publisher/api/cache/gadget HTTP/1.1" 200 89 "https://localhost:9443/publisher/assets/gadget/" "Mozilla/5.0 (X11; Linux x86_64) AppleWebKit/537.36 (KHTML, like Gecko) Chrome/31.0.1650.57 Safari/537.36"
127.0.0.1 - - [11/Mar/2014:09:44:15 +0530] "GET /publisher/api/cache/gadget HTTP/1.1" 200 89 "https://localhost:9443/publisher/assets/gadget/" "Mozilla/5.0 (X11; Linux x86_64) AppleWebKit/537.36 (KHTML, like Gecko) Chrome/31.0.1650.57 Safari/537.36"
127.0.0.1 - - [11/Mar/2014:09:44:19 +0530] "GET /publisher/api/cache/gadget HTTP/1.1" 200 89 "https://localhost:9443/publisher/assets/gadget/" "Mozilla/5.0 (X11; Linux x86_64) AppleWebKit/537.36 (KHTML, like Gecko) Chrome/31.0.1650.57 Safari/537.36"
127.0.0.1 - - [11/Mar/2014:09:44:23 +0530] "GET /publisher/api/cache/gadget HTTP/1.1" 200 89 "https://localhost:9443/publisher/assets/gadget/" "Mozilla/5.0 (X11; Linux x86_64) AppleWebKit/537.36 (KHTML, like Gecko) Chrome/31.0.1650.57 Safari/537.36"
10.100.4.52 - - [11/Mar/2014:09:44:25 +0530] "GET /admin/carbon/userstore_config/index.jsp?region=region1&item=userstores_mgt_menu HTTP/1.1" 200 5702 "https://10.100.4.52:9443/admin/carbon/role/role-mgt.jsp?ordinal=1" "Mozilla/5.0 (X11; Linux x86_64) AppleWebKit/537.36 (KHTML, like Gecko) Chrome/31.0.1650.57 Safari/537.36"
10.100.4.52 - - [11/Mar/2014:09:44:25 +0530] "GET /admin/carbon/admin/jsp/registry_styles_ajaxprocessor.jsp HTTP/1.1" 200 123 "https://10.100.4.52:9443/admin/carbon/userstore_config/index.jsp?region=region1&item=userstores_mgt_menu" "Mozilla/5.0 (X11; Linux x86_64) AppleWebKit/537.36 (KHTML, like Gecko) Chrome/31.0.1650.57 Safari/537.36"
10.100.4.52 - - [11/Mar/2014:09:44:25 +0530] "GET /admin/carbon/carbon/admin/js/breadcrumbs.js HTTP/1.1" 404 1065 "https://10.100.4.52:9443/admin/carbon/userstore_config/index.jsp?region=region1&item=userstores_mgt_menu" "Mozilla/5.0 (X11; Linux x86_64) AppleWebKit/537.36 (KHTML, like Gecko) Chrome/31.0.1650.57 Safari/537.36"
10.100.4.52 - - [11/Mar/2014:09:44:25 +0530] "GET /admin/carbon/carbon/admin/js/cookies.js HTTP/1.1" 404 1057 "https://10.100.4.52:9443/admin/carbon/userstore_config/index.jsp?region=region1&item=userstores_mgt_menu" "Mozilla/5.0 (X11; Linux x86_64) AppleWebKit/537.36 (KHTML, like Gecko) Chrome/31.0.1650.57 Safari/537.36"
10.100.4.52 - - [11/Mar/2014:09:44:25 +0530] "GET /admin/carbon/carbon/admin/js/main.js HTTP/1.1" 404 1051 "https://10.100.4.52:9443/admin/carbon/userstore_config/index.jsp?region=region1&item=userstores_mgt_menu" "Mozilla/5.0 (X11; Linux x86_64) AppleWebKit/537.36 (KHTML, like Gecko) Chrome/31.0.1650.57 Safari/537.36"
127.0.0.1 - - [11/Mar/2014:09:44:27 +0530] "GET /publisher/api/cache/gadget HTTP/1.1" 200 89 "https://localhost:9443/publisher/assets/gadget/" "Mozilla/5.0 (X11; Linux x86_64) AppleWebKit/537.36 (KHTML, like Gecko) Chrome/31.0.1650.57 Safari/537.36"
10.100.4.52 - - [11/Mar/2014:09:44:29 +0530] "POST /admin/carbon/userstore_config/userstore-config.jsp?domain=%200&className=%200 HTTP/1.1" 200 8962 "https://10.100.4.52:9443/admin/carbon/userstore_config/index.jsp?region=region1&item=userstores_mgt_menu" "Mozilla/5.0 (X11; Linux x86_64) AppleWebKit/537.36 (KHTML, like Gecko) Chrome/31.0.1650.57 Safari/537.36"
10.100.4.52 - - [11/Mar/2014:09:44:29 +0530] "GET /admin/carbon/admin/jsp/registry_styles_ajaxprocessor.jsp HTTP/1.1" 200 123 "https://10.100.4.52:9443/admin/carbon/userstore_config/userstore-config.jsp?domain=%200&className=%200" "Mozilla/5.0 (X11; Linux x86_64) AppleWebKit/537.36 (KHTML, like Gecko) Chrome/31.0.1650.57 Safari/537.36"
10.100.4.52 - - [11/Mar/2014:09:44:29 +0530] "GET /admin/carbon/carbon/admin/js/breadcrumbs.js HTTP/1.1" 404 1065 "https://10.100.4.52:9443/admin/carbon/userstore_config/userstore-config.jsp?domain=%200&className=%200" "Mozilla/5.0 (X11; Linux x86_64) AppleWebKit/537.36 (KHTML, like Gecko) Chrome/31.0.1650.57 Safari/537.36"
10.100.4.52 - - [11/Mar/2014:09:44:29 +0530] "GET /admin/carbon/carbon/admin/js/cookies.js HTTP/1.1" 404 1057 "https://10.100.4.52:9443/admin/carbon/userstore_config/userstore-config.jsp?domain=%200&className=%200" "Mozilla/5.0 (X11; Linux x86_64) AppleWebKit/537.36 (KHTML, like Gecko) Chrome/31.0.1650.57 Safari/537.36"
10.100.4.52 - - [11/Mar/2014:09:44:29 +0530] "GET /admin/carbon/userstore_config/resources/js/main.js HTTP/1.1" 404 1079 "https://10.100.4.52:9443/admin/carbon/userstore_config/userstore-config.jsp?domain=%200&className=%200" "Mozilla/5.0 (X11; Linux x86_64) AppleWebKit/537.36 (KHTML, like Gecko) Chrome/31.0.1650.57 Safari/537.36"
10.100.4.52 - - [11/Mar/2014:09:44:29 +0530] "GET /admin/carbon/entitlement/css/entitlement.css HTTP/1.1" 404 1067 "https://10.100.4.52:9443/admin/carbon/userstore_config/userstore-config.jsp?domain=%200&className=%200" "Mozilla/5.0 (X11; Linux x86_64) AppleWebKit/537.36 (KHTML, like Gecko) Chrome/31.0.1650.57 Safari/537.36"
10.100.4.52 - - [11/Mar/2014:09:44:29 +0530] "GET /admin/carbon/admin/images/help-small-icon.png HTTP/1.1" 200 631 "https://10.100.4.52:9443/admin/carbon/userstore_config/userstore-config.jsp?domain=%200&className=%200" "Mozilla/5.0 (X11; Linux x86_64) AppleWebKit/537.36 (KHTML, like Gecko) Chrome/31.0.1650.57 Safari/537.36"
10.100.4.52 - - [11/Mar/2014:09:44:29 +0530] "GET /admin/carbon/admin/images/down-arrow.png HTTP/1.1" 200 791 "https://10.100.4.52:9443/admin/carbon/userstore_config/userstore-config.jsp?domain=%200&className=%200" "Mozilla/5.0 (X11; Linux x86_64) AppleWebKit/537.36 (KHTML, like Gecko) Chrome/31.0.1650.57 Safari/537.36"
127.0.0.1 - - [11/Mar/2014:09:44:31 +0530] "GET /publisher/api/cache/gadget HTTP/1.1" 200 89 "https://localhost:9443/publisher/assets/gadget/" "Mozilla/5.0 (X11; Linux x86_64) AppleWebKit/537.36 (KHTML, like Gecko) Chrome/31.0.1650.57 Safari/537.36"
10.100.4.52 - - [11/Mar/2014:09:44:34 +0530] "GET /admin/carbon/userstore/index.jsp?region=region1&item=userstores_menu HTTP/1.1" 200 5199 "https://10.100.4.52:9443/admin/carbon/userstore_config/userstore-config.jsp?domain=%200&className=%200" "Mozilla/5.0 (X11; Linux x86_64) AppleWebKit/537.36 (KHTML, like Gecko) Chrome/31.0.1650.57 Safari/537.36"
10.100.4.52 - - [11/Mar/2014:09:44:34 +0530] "GET /admin/carbon/admin/jsp/registry_styles_ajaxprocessor.jsp HTTP/1.1" 200 123 "https://10.100.4.52:9443/admin/carbon/userstore/index.jsp?region=region1&item=userstores_menu" "Mozilla/5.0 (X11; Linux x86_64) AppleWebKit/537.36 (KHTML, like Gecko) Chrome/31.0.1650.57 Safari/537.36"
10.100.4.52 - - [11/Mar/2014:09:44:34 +0530] "GET /admin/carbon/userstore/extensions/core/js/vui.js HTTP/1.1" 404 1075 "https://10.100.4.52:9443/admin/carbon/userstore/index.jsp?region=region1&item=userstores_menu" "Mozilla/5.0 (X11; Linux x86_64) AppleWebKit/537.36 (KHTML, like Gecko) Chrome/31.0.1650.57 Safari/537.36"
127.0.0.1 - - [11/Mar/2014:09:44:35 +0530] "GET /publisher/api/cache/gadget HTTP/1.1" 200 89 "https://localhost:9443/publisher/assets/gadget/" "Mozilla/5.0 (X11; Linux x86_64) AppleWebKit/537.36 (KHTML, like Gecko) Chrome/31.0.1650.57 Safari/537.36"
127.0.0.1 - - [11/Mar/2014:09:44:39 +0530] "GET /publisher/api/cache/gadget HTTP/1.1" 200 89 "https://localhost:9443/publisher/assets/gadget/" "Mozilla/5.0 (X11; Linux x86_64) AppleWebKit/537.36 (KHTML, like Gecko) Chrome/31.0.1650.57 Safari/537.36"
127.0.0.1 - - [11/Mar/2014:09:44:43 +0530] "GET /publisher/api/cache/gadget HTTP/1.1" 200 89 "https://localhost:9443/publisher/assets/gadget/" "Mozilla/5.0 (X11; Linux x86_64) AppleWebKit/537.36 (KHTML, like Gecko) Chrome/31.0.1650.57 Safari/537.36"
127.0.0.1 - - [11/Mar/2014:09:44:47 +0530] "GET /publisher/api/cache/gadget HTTP/1.1" 200 89 "https://localhost:9443/publisher/assets/gadget/" "Mozilla/5.0 (X11; Linux x86_64) AppleWebKit/537.36 (KHTML, like Gecko) Chrome/31.0.1650.57 Safari/537.36"
127.0.0.1 - - [11/Mar/2014:09:44:51 +0530] "GET /publisher/api/cache/gadget HTTP/1.1" 200 89 "https://localhost:9443/publisher/assets/gadget/" "Mozilla/5.0 (X11; Linux x86_64) AppleWebKit/537.36 (KHTML, like Gecko) Chrome/31.0.1650.57 Safari/537.36"
127.0.0.1 - - [11/Mar/2014:09:44:55 +0530] "GET /publisher/api/cache/gadget HTTP/1.1" 200 89 "https://localhost:9443/publisher/assets/gadget/" "Mozilla/5.0 (X11; Linux x86_64) AppleWebKit/537.36 (KHTML, like Gecko) Chrome/31.0.1650.57 Safari/537.36"
127.0.0.1 - - [11/Mar/2014:09:44:59 +0530] "GET /publisher/api/cache/gadget HTTP/1.1" 200 89 "https://localhost:9443/publisher/assets/gadget/" "Mozilla/5.0 (X11; Linux x86_64) AppleWebKit/537.36 (KHTML, like Gecko) Chrome/31.0.1650.57 Safari/537.36"
127.0.0.1 - - [11/Mar/2014:09:45:03 +0530] "GET /publisher/api/cache/gadget HTTP/1.1" 200 89 "https://localhost:9443/publisher/assets/gadget/" "Mozilla/5.0 (X11; Linux x86_64) AppleWebKit/537.36 (KHTML, like Gecko) Chrome/31.0.1650.57 Safari/537.36"
127.0.0.1 - - [11/Mar/2014:09:45:07 +0530] "GET /publisher/api/cache/gadget HTTP/1.1" 200 89 "https://localhost:9443/publisher/assets/gadget/" "Mozilla/5.0 (X11; Linux x86_64) AppleWebKit/537.36 (KHTML, like Gecko) Chrome/31.0.1650.57 Safari/537.36"
10.100.4.52 - - [11/Mar/2014:09:45:10 +0530] "GET /admin/carbon/user/user-mgt.jsp HTTP/1.1" 200 5884 "https://10.100.4.52:9443/admin/carbon/userstore/index.jsp?region=region1&item=userstores_menu" "Mozilla/5.0 (X11; Linux x86_64) AppleWebKit/537.36 (KHTML, like Gecko) Chrome/31.0.1650.57 Safari/537.36"
10.100.4.52 - - [11/Mar/2014:09:45:10 +0530] "GET /admin/carbon/admin/jsp/registry_styles_ajaxprocessor.jsp HTTP/1.1" 200 123 "https://10.100.4.52:9443/admin/carbon/user/user-mgt.jsp" "Mozilla/5.0 (X11; Linux x86_64) AppleWebKit/537.36 (KHTML, like Gecko) Chrome/31.0.1650.57 Safari/537.36"
127.0.0.1 - - [11/Mar/2014:09:45:11 +0530] "GET /publisher/api/cache/gadget HTTP/1.1" 200 89 "https://localhost:9443/publisher/assets/gadget/" "Mozilla/5.0 (X11; Linux x86_64) AppleWebKit/537.36 (KHTML, like Gecko) Chrome/31.0.1650.57 Safari/537.36"
127.0.0.1 - - [11/Mar/2014:09:45:15 +0530] "GET /publisher/api/cache/gadget HTTP/1.1" 200 89 "https://localhost:9443/publisher/assets/gadget/" "Mozilla/5.0 (X11; Linux x86_64) AppleWebKit/537.36 (KHTML, like Gecko) Chrome/31.0.1650.57 Safari/537.36"
127.0.0.1 - - [11/Mar/2014:09:45:19 +0530] "GET /publisher/api/cache/gadget HTTP/1.1" 200 89 "https://localhost:9443/publisher/assets/gadget/" "Mozilla/5.0 (X11; Linux x86_64) AppleWebKit/537.36 (KHTML, like Gecko) Chrome/31.0.1650.57 Safari/537.36"
127.0.0.1 - - [11/Mar/2014:09:45:23 +0530] "GET /publisher/api/cache/gadget HTTP/1.1" 200 89 "https://localhost:9443/publisher/assets/gadget/" "Mozilla/5.0 (X11; Linux x86_64) AppleWebKit/537.36 (KHTML, like Gecko) Chrome/31.0.1650.57 Safari/537.36"
127.0.0.1 - - [11/Mar/2014:09:45:27 +0530] "GET /publisher/api/cache/gadget HTTP/1.1" 200 89 "https://localhost:9443/publisher/assets/gadget/" "Mozilla/5.0 (X11; Linux x86_64) AppleWebKit/537.36 (KHTML, like Gecko) Chrome/31.0.1650.57 Safari/537.36"
