10.100.4.52 - - [11/Mar/2014:09:45:27 +0530] "GET /admin/carbon/userstore/index.jsp?region=region1&item=userstores_menu HTTP/1.1" 200 5201 "https://10.100.4.52:9443/admin/carbon/user/user-mgt.jsp" "Mozilla/5.0 (X11; Linux x86_64) AppleWebKit/537.36 (KHTML, like Gecko) Chrome/31.0.1650.57 Safari/537.36"
10.100.4.52 - - [11/Mar/2014:09:45:27 +0530] "GET /admin/carbon/admin/jsp/registry_styles_ajaxprocessor.jsp HTTP/1.1" 200 123 "https://10.100.4.52:9443/admin/carbon/userstore/index.jsp?region=region1&item=userstores_menu" "Mozilla/5.0 (X11; Linux x86_64) AppleWebKit/537.36 (KHTML, like Gecko) Chrome/31.0.1650.57 Safari/537.36"
10.100.4.52 - - [11/Mar/2014:09:45:28 +0530] "GET /admin/carbon/userstore/extensions/core/js/vui.js HTTP/1.1" 404 1075 "https://10.100.4.52:9443/admin/carbon/userstore/index.jsp?region=region1&item=userstores_menu" "Mozilla/5.0 (X11; Linux x86_64) AppleWebKit/537.36 (KHTML, like Gecko) Chrome/31.0.1650.57 Safari/537.36"
10.100.4.52 - - [11/Mar/2014:09:45:29 +0530] "GET /admin/carbon/role/role-mgt.jsp HTTP/1.1" 200 5793 "https://10.100.4.52:9443/admin/carbon/userstore/index.jsp?region=region1&item=userstores_menu" "Mozilla/5.0 (X11; Linux x86_64) AppleWebKit/537.36 (KHTML, like Gecko) Chrome/31.0.1650.57 Safari/537.36"
10.100.4.52 - - [11/Mar/2014:09:45:29 +0530] "GET /admin/carbon/admin/jsp/registry_styles_ajaxprocessor.jsp HTTP/1.1" 200 123 "https://10.100.4.52:9443/admin/carbon/role/role-mgt.jsp" "Mozilla/5.0 (X11; Linux x86_64) AppleWebKit/537.36 (KHTML, like Gecko) Chrome/31.0.1650.57 Safari/537.36"
127.0.0.1 - - [11/Mar/2014:09:45:32 +0530] "GET /publisher/api/cache/gadget HTTP/1.1" 200 89 "https://localhost:9443/publisher/assets/gadget/" "Mozilla/5.0 (X11; Linux x86_64) AppleWebKit/537.36 (KHTML, like Gecko) Chrome/31.0.1650.57 Safari/537.36"
10.100.4.52 - - [11/Mar/2014:09:45:35 +0530] "GET /admin/carbon/role/view-users.jsp?roleName=Internal/reviewer&org.wso2.carbon.role.read.only=false HTTP/1.1" 200 5721 "https://10.100.4.52:9443/admin/carbon/role/role-mgt.jsp" "Mozilla/5.0 (X11; Linux x86_64) AppleWebKit/537.36 (KHTML, like Gecko) Chrome/31.0.1650.57 Safari/537.36"
10.100.4.52 - - [11/Mar/2014:09:45:35 +0530] "GET /admin/carbon/admin/jsp/registry_styles_ajaxprocessor.jsp HTTP/1.1" 200 123 "https://10.100.4.52:9443/admin/carbon/role/view-users.jsp?roleName=Internal/reviewer&org.wso2.carbon.role.read.only=false" "Mozilla/5.0 (X11; Linux x86_64) AppleWebKit/537.36 (KHTML, like Gecko) Chrome/31.0.1650.57 Safari/537.36"
10.100.4.52 - - [11/Mar/2014:09:45:35 +0530] "GET /admin/carbon/dialog/img/info.gif HTTP/1.1" 200 2417 "https://10.100.4.52:9443/admin/carbon/role/view-users.jsp?roleName=Internal/reviewer&org.wso2.carbon.role.read.only=false" "Mozilla/5.0 (X11; Linux x86_64) AppleWebKit/537.36 (KHTML, like Gecko) Chrome/31.0.1650.57 Safari/537.36"
127.0.0.1 - - [11/Mar/2014:09:45:35 +0530] "GET /publisher/api/cache/gadget HTTP/1.1" 200 89 "https://localhost:9443/publisher/assets/gadget/" "Mozilla/5.0 (X11; Linux x86_64) AppleWebKit/537.36 (KHTML, like Gecko) Chrome/31.0.1650.57 Safari/537.36"
127.0.0.1 - - [11/Mar/2014:09:45:39 +0530] "GET /publisher/api/cache/gadget HTTP/1.1" 200 89 "https://localhost:9443/publisher/assets/gadget/" "Mozilla/5.0 (X11; Linux x86_64) AppleWebKit/537.36 (KHTML, like Gecko) Chrome/31.0.1650.57 Safari/537.36"
10.100.4.52 - - [11/Mar/2014:09:45:41 +0530] "GET /admin/carbon/role/role-mgt.jsp HTTP/1.1" 200 5808 "https://10.100.4.52:9443/admin/carbon/role/view-users.jsp?roleName=Internal/reviewer&org.wso2.carbon.role.read.only=false" "Mozilla/5.0 (X11; Linux x86_64) AppleWebKit/537.36 (KHTML, like Gecko) Chrome/31.0.1650.57 Safari/537.36"
10.100.4.52 - - [11/Mar/2014:09:45:41 +0530] "GET /admin/carbon/admin/jsp/registry_styles_ajaxprocessor.jsp HTTP/1.1" 200 123 "https://10.100.4.52:9443/admin/carbon/role/role-mgt.jsp" "Mozilla/5.0 (X11; Linux x86_64) AppleWebKit/537.36 (KHTML, like Gecko) Chrome/31.0.1650.57 Safari/537.36"
127.0.0.1 - - [11/Mar/2014:09:45:43 +0530] "GET /publisher/api/cache/gadget HTTP/1.1" 200 89 "https://localhost:9443/publisher/assets/gadget/" "Mozilla/5.0 (X11; Linux x86_64) AppleWebKit/537.36 (KHTML, like Gecko) Chrome/31.0.1650.57 Safari/537.36"
10.100.4.52 - - [11/Mar/2014:09:45:45 +0530] "GET /admin/carbon/role/rename-role.jsp?roleName=Internal/reviewer HTTP/1.1" 200 5642 "https://10.100.4.52:9443/admin/carbon/role/role-mgt.jsp" "Mozilla/5.0 (X11; Linux x86_64) AppleWebKit/537.36 (KHTML, like Gecko) Chrome/31.0.1650.57 Safari/537.36"
10.100.4.52 - - [11/Mar/2014:09:45:45 +0530] "GET /admin/carbon/admin/jsp/registry_styles_ajaxprocessor.jsp HTTP/1.1" 200 123 "https://10.100.4.52:9443/admin/carbon/role/rename-role.jsp?roleName=Internal/reviewer" "Mozilla/5.0 (X11; Linux x86_64) AppleWebKit/537.36 (KHTML, like Gecko) Chrome/31.0.1650.57 Safari/537.36"
127.0.0.1 - - [11/Mar/2014:09:45:47 +0530] "GET /publisher/api/cache/gadget HTTP/1.1" 200 89 "https://localhost:9443/publisher/assets/gadget/" "Mozilla/5.0 (X11; Linux x86_64) AppleWebKit/537.36 (KHTML, like Gecko) Chrome/31.0.1650.57 Safari/537.36"
127.0.0.1 - - [11/Mar/2014:09:45:51 +0530] "GET /publisher/api/cache/gadget HTTP/1.1" 200 89 "https://localhost:9443/publisher/assets/gadget/" "Mozilla/5.0 (X11; Linux x86_64) AppleWebKit/537.36 (KHTML, like Gecko) Chrome/31.0.1650.57 Safari/537.36"
127.0.0.1 - - [11/Mar/2014:09:45:55 +0530] "GET /publisher/api/cache/gadget HTTP/1.1" 200 89 "https://localhost:9443/publisher/assets/gadget/" "Mozilla/5.0 (X11; Linux x86_64) AppleWebKit/537.36 (KHTML, like Gecko) Chrome/31.0.1650.57 Safari/537.36"
127.0.0.1 - - [11/Mar/2014:09:45:59 +0530] "GET /publisher/api/cache/gadget HTTP/1.1" 200 89 "https://localhost:9443/publisher/assets/gadget/" "Mozilla/5.0 (X11; Linux x86_64) AppleWebKit/537.36 (KHTML, like Gecko) Chrome/31.0.1650.57 Safari/537.36"
10.100.4.52 - - [11/Mar/2014:09:46:01 +0530] "GET /admin/carbon/role/role-mgt.jsp?ordinal=1 HTTP/1.1" 200 5793 "https://10.100.4.52:9443/admin/carbon/role/rename-role.jsp?roleName=Internal/reviewer" "Mozilla/5.0 (X11; Linux x86_64) AppleWebKit/537.36 (KHTML, like Gecko) Chrome/31.0.1650.57 Safari/537.36"
10.100.4.52 - - [11/Mar/2014:09:46:01 +0530] "GET /admin/carbon/admin/jsp/registry_styles_ajaxprocessor.jsp HTTP/1.1" 200 123 "https://10.100.4.52:9443/admin/carbon/role/role-mgt.jsp?ordinal=1" "Mozilla/5.0 (X11; Linux x86_64) AppleWebKit/537.36 (KHTML, like Gecko) Chrome/31.0.1650.57 Safari/537.36"
127.0.0.1 - - [11/Mar/2014:09:46:03 +0530] "GET /publisher/api/cache/gadget HTTP/1.1" 200 89 "https://localhost:9443/publisher/assets/gadget/" "Mozilla/5.0 (X11; Linux x86_64) AppleWebKit/537.36 (KHTML, like Gecko) Chrome/31.0.1650.57 Safari/537.36"
127.0.0.1 - - [11/Mar/2014:09:46:07 +0530] "GET /publisher/api/cache/gadget HTTP/1.1" 200 89 "https://localhost:9443/publisher/assets/gadget/" "Mozilla/5.0 (X11; Linux x86_64) AppleWebKit/537.36 (KHTML, like Gecko) Chrome/31.0.1650.57 Safari/537.36"
127.0.0.1 - - [11/Mar/2014:09:46:11 +0530] "GET /publisher/api/cache/gadget HTTP/1.1" 200 89 "https://localhost:9443/publisher/assets/gadget/" "Mozilla/5.0 (X11; Linux x86_64) AppleWebKit/537.36 (KHTML, like Gecko) Chrome/31.0.1650.57 Safari/537.36"
127.0.0.1 - - [11/Mar/2014:09:46:15 +0530] "GET /publisher/api/cache/gadget HTTP/1.1" 200 89 "https://localhost:9443/publisher/assets/gadget/" "Mozilla/5.0 (X11; Linux x86_64) AppleWebKit/537.36 (KHTML, like Gecko) Chrome/31.0.1650.57 Safari/537.36"
127.0.0.1 - - [11/Mar/2014:09:46:19 +0530] "GET /publisher/api/cache/gadget HTTP/1.1" 200 89 "https://localhost:9443/publisher/assets/gadget/" "Mozilla/5.0 (X11; Linux x86_64) AppleWebKit/537.36 (KHTML, like Gecko) Chrome/31.0.1650.57 Safari/537.36"
10.100.4.52 - - [11/Mar/2014:09:46:23 +0530] "GET /admin/carbon/role/rename-role.jsp?roleName=Internal/reviewer HTTP/1.1" 200 5640 "https://10.100.4.52:9443/admin/carbon/role/role-mgt.jsp?ordinal=1" "Mozilla/5.0 (X11; Linux x86_64) AppleWebKit/537.36 (KHTML, like Gecko) Chrome/31.0.1650.57 Safari/537.36"
10.100.4.52 - - [11/Mar/2014:09:46:23 +0530] "GET /admin/carbon/admin/jsp/registry_styles_ajaxprocessor.jsp HTTP/1.1" 200 123 "https://10.100.4.52:9443/admin/carbon/role/rename-role.jsp?roleName=Internal/reviewer" "Mozilla/5.0 (X11; Linux x86_64) AppleWebKit/537.36 (KHTML, like Gecko) Chrome/31.0.1650.57 Safari/537.36"
127.0.0.1 - - [11/Mar/2014:09:46:23 +0530] "GET /publisher/api/cache/gadget HTTP/1.1" 200 89 "https://localhost:9443/publisher/assets/gadget/" "Mozilla/5.0 (X11; Linux x86_64) AppleWebKit/537.36 (KHTML, like Gecko) Chrome/31.0.1650.57 Safari/537.36"
127.0.0.1 - - [11/Mar/2014:09:46:27 +0530] "GET /publisher/api/cache/gadget HTTP/1.1" 200 89 "https://localhost:9443/publisher/assets/gadget/" "Mozilla/5.0 (X11; Linux x86_64) AppleWebKit/537.36 (KHTML, like Gecko) Chrome/31.0.1650.57 Safari/537.36"
10.100.4.52 - - [11/Mar/2014:09:46:28 +0530] "GET /admin/carbon/role/role-mgt.jsp?ordinal=1 HTTP/1.1" 200 5794 "https://10.100.4.52:9443/admin/carbon/role/rename-role.jsp?roleName=Internal/reviewer" "Mozilla/5.0 (X11; Linux x86_64) AppleWebKit/537.36 (KHTML, like Gecko) Chrome/31.0.1650.57 Safari/537.36"
10.100.4.52 - - [11/Mar/2014:09:46:28 +0530] "GET /admin/carbon/admin/jsp/registry_styles_ajaxprocessor.jsp HTTP/1.1" 200 123 "https://10.100.4.52:9443/admin/carbon/role/role-mgt.jsp?ordinal=1" "Mozilla/5.0 (X11; Linux x86_64) AppleWebKit/537.36 (KHTML, like Gecko) Chrome/31.0.1650.57 Safari/537.36"
127.0.0.1 - - [11/Mar/2014:09:46:31 +0530] "GET /publisher/api/cache/gadget HTTP/1.1" 200 89 "https://localhost:9443/publisher/assets/gadget/" "Mozilla/5.0 (X11; Linux x86_64) AppleWebKit/537.36 (KHTML, like Gecko) Chrome/31.0.1650.57 Safari/537.36"
127.0.0.1 - - [11/Mar/2014:09:46:35 +0530] "GET /publisher/api/cache/gadget HTTP/1.1" 200 89 "https://localhost:9443/publisher/assets/gadget/" "Mozilla/5.0 (X11; Linux x86_64) AppleWebKit/537.36 (KHTML, like Gecko) Chrome/31.0.1650.57 Safari/537.36"
10.100.4.52 - - [11/Mar/2014:09:46:36 +0530] "GET /admin/carbon/role/edit-permissions.jsp?roleName=Internal/reviewer HTTP/1.1" 200 7622 "https://10.100.4.52:9443/admin/carbon/role/role-mgt.jsp?ordinal=1" "Mozilla/5.0 (X11; Linux x86_64) AppleWebKit/537.36 (KHTML, like Gecko) Chrome/31.0.1650.57 Safari/537.36"
10.100.4.52 - - [11/Mar/2014:09:46:36 +0530] "GET /admin/carbon/admin/jsp/registry_styles_ajaxprocessor.jsp HTTP/1.1" 200 123 "https://10.100.4.52:9443/admin/carbon/role/edit-permissions.jsp?roleName=Internal/reviewer" "Mozilla/5.0 (X11; Linux x86_64) AppleWebKit/537.36 (KHTML, like Gecko) Chrome/31.0.1650.57 Safari/537.36"
127.0.0.1 - - [11/Mar/2014:09:46:39 +0530] "GET /publisher/api/cache/gadget HTTP/1.1" 200 89 "https://localhost:9443/publisher/assets/gadget/" "Mozilla/5.0 (X11; Linux x86_64) AppleWebKit/537.36 (KHTML, like Gecko) Chrome/31.0.1650.57 Safari/537.36"
127.0.0.1 - - [11/Mar/2014:09:46:43 +0530] "GET /publisher/api/cache/gadget HTTP/1.1" 200 89 "https://localhost:9443/publisher/assets/gadget/" "Mozilla/5.0 (X11; Linux x86_64) AppleWebKit/537.36 (KHTML, like Gecko) Chrome/31.0.1650.57 Safari/537.36"
127.0.0.1 - - [11/Mar/2014:09:46:47 +0530] "GET /publisher/api/cache/gadget HTTP/1.1" 200 89 "https://localhost:9443/publisher/assets/gadget/" "Mozilla/5.0 (X11; Linux x86_64) AppleWebKit/537.36 (KHTML, like Gecko) Chrome/31.0.1650.57 Safari/537.36"
127.0.0.1 - - [11/Mar/2014:09:46:51 +0530] "GET /publisher/api/cache/gadget HTTP/1.1" 200 89 "https://localhost:9443/publisher/assets/gadget/" "Mozilla/5.0 (X11; Linux x86_64) AppleWebKit/537.36 (KHTML, like Gecko) Chrome/31.0.1650.57 Safari/537.36"
127.0.0.1 - - [11/Mar/2014:09:46:55 +0530] "GET /publisher/api/cache/gadget HTTP/1.1" 200 89 "https://localhost:9443/publisher/assets/gadget/" "Mozilla/5.0 (X11; Linux x86_64) AppleWebKit/537.36 (KHTML, like Gecko) Chrome/31.0.1650.57 Safari/537.36"
127.0.0.1 - - [11/Mar/2014:09:46:59 +0530] "GET /publisher/api/cache/gadget HTTP/1.1" 200 89 "https://localhost:9443/publisher/assets/gadget/" "Mozilla/5.0 (X11; Linux x86_64) AppleWebKit/537.36 (KHTML, like Gecko) Chrome/31.0.1650.57 Safari/537.36"
127.0.0.1 - - [11/Mar/2014:09:47:03 +0530] "GET /publisher/api/cache/gadget HTTP/1.1" 200 89 "https://localhost:9443/publisher/assets/gadget/" "Mozilla/5.0 (X11; Linux x86_64) AppleWebKit/537.36 (KHTML, like Gecko) Chrome/31.0.1650.57 Safari/537.36"
10.100.4.52 - - [11/Mar/2014:09:47:06 +0530] "GET /admin/carbon/userstore/index.jsp?region=region1&item=userstores_menu HTTP/1.1" 200 5197 "https://10.100.4.52:9443/admin/carbon/role/edit-permissions.jsp?roleName=Internal/reviewer" "Mozilla/5.0 (X11; Linux x86_64) AppleWebKit/537.36 (KHTML, like Gecko) Chrome/31.0.1650.57 Safari/537.36"
10.100.4.52 - - [11/Mar/2014:09:47:06 +0530] "GET /admin/carbon/admin/jsp/registry_styles_ajaxprocessor.jsp HTTP/1.1" 200 123 "https://10.100.4.52:9443/admin/carbon/userstore/index.jsp?region=region1&item=userstores_menu" "Mozilla/5.0 (X11; Linux x86_64) AppleWebKit/537.36 (KHTML, like Gecko) Chrome/31.0.1650.57 Safari/537.36"
10.100.4.52 - - [11/Mar/2014:09:47:06 +0530] "GET /admin/carbon/userstore/extensions/core/js/vui.js HTTP/1.1" 404 1075 "https://10.100.4.52:9443/admin/carbon/userstore/index.jsp?region=region1&item=userstores_menu" "Mozilla/5.0 (X11; Linux x86_64) AppleWebKit/537.36 (KHTML, like Gecko) Chrome/31.0.1650.57 Safari/537.36"
127.0.0.1 - - [11/Mar/2014:09:47:07 +0530] "GET /publisher/api/cache/gadget HTTP/1.1" 200 89 "https://localhost:9443/publisher/assets/gadget/" "Mozilla/5.0 (X11; Linux x86_64) AppleWebKit/537.36 (KHTML, like Gecko) Chrome/31.0.1650.57 Safari/537.36"
10.100.4.52 - - [11/Mar/2014:09:47:08 +0530] "GET /admin/carbon/role/role-mgt.jsp HTTP/1.1" 200 5790 "https://10.100.4.52:9443/admin/carbon/userstore/index.jsp?region=region1&item=userstores_menu" "Mozilla/5.0 (X11; Linux x86_64) AppleWebKit/537.36 (KHTML, like Gecko) Chrome/31.0.1650.57 Safari/537.36"
10.100.4.52 - - [11/Mar/2014:09:47:08 +0530] "GET /admin/carbon/admin/jsp/registry_styles_ajaxprocessor.jsp HTTP/1.1" 200 123 "https://10.100.4.52:9443/admin/carbon/role/role-mgt.jsp" "Mozilla/5.0 (X11; Linux x86_64) AppleWebKit/537.36 (KHTML, like Gecko) Chrome/31.0.1650.57 Safari/537.36"
127.0.0.1 - - [11/Mar/2014:09:47:11 +0530] "GET /publisher/api/cache/gadget HTTP/1.1" 200 89 "https://localhost:9443/publisher/assets/gadget/" "Mozilla/5.0 (X11; Linux x86_64) AppleWebKit/537.36 (KHTML, like Gecko) Chrome/31.0.1650.57 Safari/537.36"
127.0.0.1 - - [11/Mar/2014:09:47:15 +0530] "GET /publisher/api/cache/gadget HTTP/1.1" 200 89 "https://localhost:9443/publisher/assets/gadget/" "Mozilla/5.0 (X11; Linux x86_64) AppleWebKit/537.36 (KHTML, like Gecko) Chrome/31.0.1650.57 Safari/537.36"
127.0.0.1 - - [11/Mar/2014:09:47:19 +0530] "GET /publisher/api/cache/gadget HTTP/1.1" 200 89 "https://localhost:9443/publisher/assets/gadget/" "Mozilla/5.0 (X11; Linux x86_64) AppleWebKit/537.36 (KHTML, like Gecko) Chrome/31.0.1650.57 Safari/537.36"
127.0.0.1 - - [11/Mar/2014:09:47:23 +0530] "GET /publisher/api/cache/gadget HTTP/1.1" 200 89 "https://localhost:9443/publisher/assets/gadget/" "Mozilla/5.0 (X11; Linux x86_64) AppleWebKit/537.36 (KHTML, like Gecko) Chrome/31.0.1650.57 Safari/537.36"
127.0.0.1 - - [11/Mar/2014:09:47:27 +0530] "GET /publisher/api/cache/gadget HTTP/1.1" 200 89 "https://localhost:9443/publisher/assets/gadget/" "Mozilla/5.0 (X11; Linux x86_64) AppleWebKit/537.36 (KHTML, like Gecko) Chrome/31.0.1650.57 Safari/537.36"
127.0.0.1 - - [11/Mar/2014:09:47:31 +0530] "GET /publisher/api/cache/gadget HTTP/1.1" 200 89 "https://localhost:9443/publisher/assets/gadget/" "Mozilla/5.0 (X11; Linux x86_64) AppleWebKit/537.36 (KHTML, like Gecko) Chrome/31.0.1650.57 Safari/537.36"
127.0.0.1 - - [11/Mar/2014:09:47:35 +0530] "GET /publisher/api/cache/gadget HTTP/1.1" 200 89 "https://localhost:9443/publisher/assets/gadget/" "Mozilla/5.0 (X11; Linux x86_64) AppleWebKit/537.36 (KHTML, like Gecko) Chrome/31.0.1650.57 Safari/537.36"
127.0.0.1 - - [11/Mar/2014:09:47:39 +0530] "GET /publisher/api/cache/gadget HTTP/1.1" 200 89 "https://localhost:9443/publisher/assets/gadget/" "Mozilla/5.0 (X11; Linux x86_64) AppleWebKit/537.36 (KHTML, like Gecko) Chrome/31.0.1650.57 Safari/537.36"
127.0.0.1 - - [11/Mar/2014:09:47:43 +0530] "GET /publisher/api/cache/gadget HTTP/1.1" 200 89 "https://localhost:9443/publisher/assets/gadget/" "Mozilla/5.0 (X11; Linux x86_64) AppleWebKit/537.36 (KHTML, like Gecko) Chrome/31.0.1650.57 Safari/537.36"
127.0.0.1 - - [11/Mar/2014:09:47:47 +0530] "GET /publisher/api/cache/gadget HTTP/1.1" 200 89 "https://localhost:9443/publisher/assets/gadget/" "Mozilla/5.0 (X11; Linux x86_64) AppleWebKit/537.36 (KHTML, like Gecko) Chrome/31.0.1650.57 Safari/537.36"
127.0.0.1 - - [11/Mar/2014:09:47:51 +0530] "GET /publisher/api/cache/gadget HTTP/1.1" 200 89 "https://localhost:9443/publisher/assets/gadget/" "Mozilla/5.0 (X11; Linux x86_64) AppleWebKit/537.36 (KHTML, like Gecko) Chrome/31.0.1650.57 Safari/537.36"
127.0.0.1 - - [11/Mar/2014:09:47:55 +0530] "GET /publisher/api/cache/gadget HTTP/1.1" 200 89 "https://localhost:9443/publisher/assets/gadget/" "Mozilla/5.0 (X11; Linux x86_64) AppleWebKit/537.36 (KHTML, like Gecko) Chrome/31.0.1650.57 Safari/537.36"
127.0.0.1 - - [11/Mar/2014:09:47:59 +0530] "GET /publisher/api/cache/gadget HTTP/1.1" 200 89 "https://localhost:9443/publisher/assets/gadget/" "Mozilla/5.0 (X11; Linux x86_64) AppleWebKit/537.36 (KHTML, like Gecko) Chrome/31.0.1650.57 Safari/537.36"
127.0.0.1 - - [11/Mar/2014:09:48:03 +0530] "GET /publisher/api/cache/gadget HTTP/1.1" 200 89 "https://localhost:9443/publisher/assets/gadget/" "Mozilla/5.0 (X11; Linux x86_64) AppleWebKit/537.36 (KHTML, like Gecko) Chrome/31.0.1650.57 Safari/537.36"
127.0.0.1 - - [11/Mar/2014:09:48:07 +0530] "GET /publisher/api/cache/gadget HTTP/1.1" 200 89 "https://localhost:9443/publisher/assets/gadget/" "Mozilla/5.0 (X11; Linux x86_64) AppleWebKit/537.36 (KHTML, like Gecko) Chrome/31.0.1650.57 Safari/537.36"
127.0.0.1 - - [11/Mar/2014:09:48:11 +0530] "GET /publisher/api/cache/gadget HTTP/1.1" 200 89 "https://localhost:9443/publisher/assets/gadget/" "Mozilla/5.0 (X11; Linux x86_64) AppleWebKit/537.36 (KHTML, like Gecko) Chrome/31.0.1650.57 Safari/537.36"
127.0.0.1 - - [11/Mar/2014:09:48:15 +0530] "GET /publisher/api/cache/gadget HTTP/1.1" 200 89 "https://localhost:9443/publisher/assets/gadget/" "Mozilla/5.0 (X11; Linux x86_64) AppleWebKit/537.36 (KHTML, like Gecko) Chrome/31.0.1650.57 Safari/537.36"
127.0.0.1 - - [11/Mar/2014:09:48:19 +0530] "GET /publisher/api/cache/gadget HTTP/1.1" 200 89 "https://localhost:9443/publisher/assets/gadget/" "Mozilla/5.0 (X11; Linux x86_64) AppleWebKit/537.36 (KHTML, like Gecko) Chrome/31.0.1650.57 Safari/537.36"
127.0.0.1 - - [11/Mar/2014:09:48:23 +0530] "GET /publisher/api/cache/gadget HTTP/1.1" 200 89 "https://localhost:9443/publisher/assets/gadget/" "Mozilla/5.0 (X11; Linux x86_64) AppleWebKit/537.36 (KHTML, like Gecko) Chrome/31.0.1650.57 Safari/537.36"
127.0.0.1 - - [11/Mar/2014:09:48:27 +0530] "GET /publisher/api/cache/gadget HTTP/1.1" 200 89 "https://localhost:9443/publisher/assets/gadget/" "Mozilla/5.0 (X11; Linux x86_64) AppleWebKit/537.36 (KHTML, like Gecko) Chrome/31.0.1650.57 Safari/537.36"
127.0.0.1 - - [11/Mar/2014:09:48:31 +0530] "GET /publisher/api/cache/gadget HTTP/1.1" 200 89 "https://localhost:9443/publisher/assets/gadget/" "Mozilla/5.0 (X11; Linux x86_64) AppleWebKit/537.36 (KHTML, like Gecko) Chrome/31.0.1650.57 Safari/537.36"
127.0.0.1 - - [11/Mar/2014:09:48:35 +0530] "GET /publisher/api/cache/gadget HTTP/1.1" 200 89 "https://localhost:9443/publisher/assets/gadget/" "Mozilla/5.0 (X11; Linux x86_64) AppleWebKit/537.36 (KHTML, like Gecko) Chrome/31.0.1650.57 Safari/537.36"
127.0.0.1 - - [11/Mar/2014:09:48:39 +0530] "GET /publisher/api/cache/gadget HTTP/1.1" 200 89 "https://localhost:9443/publisher/assets/gadget/" "Mozilla/5.0 (X11; Linux x86_64) AppleWebKit/537.36 (KHTML, like Gecko) Chrome/31.0.1650.57 Safari/537.36"
127.0.0.1 - - [11/Mar/2014:09:48:43 +0530] "GET /publisher/api/cache/gadget HTTP/1.1" 200 89 "https://localhost:9443/publisher/assets/gadget/" "Mozilla/5.0 (X11; Linux x86_64) AppleWebKit/537.36 (KHTML, like Gecko) Chrome/31.0.1650.57 Safari/537.36"
127.0.0.1 - - [11/Mar/2014:09:48:47 +0530] "GET /publisher/api/cache/gadget HTTP/1.1" 200 89 "https://localhost:9443/publisher/assets/gadget/" "Mozilla/5.0 (X11; Linux x86_64) AppleWebKit/537.36 (KHTML, like Gecko) Chrome/31.0.1650.57 Safari/537.36"
127.0.0.1 - - [11/Mar/2014:09:48:51 +0530] "GET /publisher/api/cache/gadget HTTP/1.1" 200 89 "https://localhost:9443/publisher/assets/gadget/" "Mozilla/5.0 (X11; Linux x86_64) AppleWebKit/537.36 (KHTML, like Gecko) Chrome/31.0.1650.57 Safari/537.36"
127.0.0.1 - - [11/Mar/2014:09:48:55 +0530] "GET /publisher/api/cache/gadget HTTP/1.1" 200 89 "https://localhost:9443/publisher/assets/gadget/" "Mozilla/5.0 (X11; Linux x86_64) AppleWebKit/537.36 (KHTML, like Gecko) Chrome/31.0.1650.57 Safari/537.36"
127.0.0.1 - - [11/Mar/2014:09:48:59 +0530] "GET /publisher/api/cache/gadget HTTP/1.1" 200 89 "https://localhost:9443/publisher/assets/gadget/" "Mozilla/5.0 (X11; Linux x86_64) AppleWebKit/537.36 (KHTML, like Gecko) Chrome/31.0.1650.57 Safari/537.36"
127.0.0.1 - - [11/Mar/2014:09:49:04 +0530] "GET /publisher/api/cache/gadget HTTP/1.1" 200 89 "https://localhost:9443/publisher/assets/gadget/" "Mozilla/5.0 (X11; Linux x86_64) AppleWebKit/537.36 (KHTML, like Gecko) Chrome/31.0.1650.57 Safari/537.36"
127.0.0.1 - - [11/Mar/2014:09:49:08 +0530] "GET /publisher/api/cache/gadget HTTP/1.1" 200 89 "https://localhost:9443/publisher/assets/gadget/" "Mozilla/5.0 (X11; Linux x86_64) AppleWebKit/537.36 (KHTML, like Gecko) Chrome/31.0.1650.57 Safari/537.36"
127.0.0.1 - - [11/Mar/2014:09:49:12 +0530] "GET /publisher/api/cache/gadget HTTP/1.1" 200 89 "https://localhost:9443/publisher/assets/gadget/" "Mozilla/5.0 (X11; Linux x86_64) AppleWebKit/537.36 (KHTML, like Gecko) Chrome/31.0.1650.57 Safari/537.36"
127.0.0.1 - - [11/Mar/2014:09:55:10 +0530] "GET /publisher/api/cache/gadget HTTP/1.1" 401 975 "https://localhost:9443/publisher/assets/gadget/" "Mozilla/5.0 (X11; Linux x86_64) AppleWebKit/537.36 (KHTML, like Gecko) Chrome/31.0.1650.57 Safari/537.36"
127.0.0.1 - - [11/Mar/2014:09:55:13 +0530] "GET /publisher/api/cache/gadget HTTP/1.1" 401 975 "https://localhost:9443/publisher/assets/gadget/" "Mozilla/5.0 (X11; Linux x86_64) AppleWebKit/537.36 (KHTML, like Gecko) Chrome/31.0.1650.57 Safari/537.36"
10.100.4.52 - - [11/Mar/2014:09:55:16 +0530] "POST /admin/carbon/role/add-step2.jsp HTTP/1.1" 302 - "https://10.100.4.52:9443/admin/carbon/role/add-step1.jsp?roleType=Internal" "Mozilla/5.0 (X11; Linux x86_64) AppleWebKit/537.36 (KHTML, like Gecko) Chrome/31.0.1650.57 Safari/537.36"
127.0.0.1 - - [11/Mar/2014:09:55:17 +0530] "GET /publisher/api/cache/gadget HTTP/1.1" 401 975 "https://localhost:9443/publisher/assets/gadget/" "Mozilla/5.0 (X11; Linux x86_64) AppleWebKit/537.36 (KHTML, like Gecko) Chrome/31.0.1650.57 Safari/537.36"
10.100.4.52 - - [11/Mar/2014:09:55:18 +0530] "GET /admin/carbon/admin/login.jsp HTTP/1.1" 200 3387 "https://10.100.4.52:9443/admin/carbon/role/add-step1.jsp?roleType=Internal" "Mozilla/5.0 (X11; Linux x86_64) AppleWebKit/537.36 (KHTML, like Gecko) Chrome/31.0.1650.57 Safari/537.36"
10.100.4.52 - - [11/Mar/2014:09:55:18 +0530] "GET /admin/carbon/admin/css/global.css HTTP/1.1" 200 5309 "https://10.100.4.52:9443/admin/carbon/admin/login.jsp" "Mozilla/5.0 (X11; Linux x86_64) AppleWebKit/537.36 (KHTML, like Gecko) Chrome/31.0.1650.57 Safari/537.36"
10.100.4.52 - - [11/Mar/2014:09:55:18 +0530] "GET /admin/carbon/styles/css/main.css HTTP/1.1" 200 1405 "https://10.100.4.52:9443/admin/carbon/admin/login.jsp" "Mozilla/5.0 (X11; Linux x86_64) AppleWebKit/537.36 (KHTML, like Gecko) Chrome/31.0.1650.57 Safari/537.36"
10.100.4.52 - - [11/Mar/2014:09:55:18 +0530] "GET /admin/carbon/dialog/css/jqueryui/jqueryui-themeroller.css HTTP/1.1" 200 4020 "https://10.100.4.52:9443/admin/carbon/admin/login.jsp" "Mozilla/5.0 (X11; Linux x86_64) AppleWebKit/537.36 (KHTML, like Gecko) Chrome/31.0.1650.57 Safari/537.36"
10.100.4.52 - - [11/Mar/2014:09:55:18 +0530] "GET /admin/carbon/dialog/css/dialog.css HTTP/1.1" 200 556 "https://10.100.4.52:9443/admin/carbon/admin/login.jsp" "Mozilla/5.0 (X11; Linux x86_64) AppleWebKit/537.36 (KHTML, like Gecko) Chrome/31.0.1650.57 Safari/537.36"
10.100.4.52 - - [11/Mar/2014:09:55:18 +0530] "GET /admin/carbon/admin/css/carbonFormStyles.css HTTP/1.1" 200 2050 "https://10.100.4.52:9443/admin/carbon/admin/login.jsp" "Mozilla/5.0 (X11; Linux x86_64) AppleWebKit/537.36 (KHTML, like Gecko) Chrome/31.0.1650.57 Safari/537.36"
10.100.4.52 - - [11/Mar/2014:09:55:18 +0530] "GET /admin/carbon/admin/js/jquery.cookie.js HTTP/1.1" 200 1529 "https://10.100.4.52:9443/admin/carbon/admin/login.jsp" "Mozilla/5.0 (X11; Linux x86_64) AppleWebKit/537.36 (KHTML, like Gecko) Chrome/31.0.1650.57 Safari/537.36"
10.100.4.52 - - [11/Mar/2014:09:55:18 +0530] "GET /admin/carbon/admin/js/jquery.validate.js HTTP/1.1" 200 10290 "https://10.100.4.52:9443/admin/carbon/admin/login.jsp" "Mozilla/5.0 (X11; Linux x86_64) AppleWebKit/537.36 (KHTML, like Gecko) Chrome/31.0.1650.57 Safari/537.36"
10.100.4.52 - - [11/Mar/2014:09:55:18 +0530] "GET /admin/carbon/admin/js/jquery.ui.widget.min.js HTTP/1.1" 200 1344 "https://10.100.4.52:9443/admin/carbon/admin/login.jsp" "Mozilla/5.0 (X11; Linux x86_64) AppleWebKit/537.36 (KHTML, like Gecko) Chrome/31.0.1650.57 Safari/537.36"
10.100.4.52 - - [11/Mar/2014:09:55:18 +0530] "GET /admin/carbon/admin/js/jquery.ui.core.min.js HTTP/1.1" 200 1996 "https://10.100.4.52:9443/admin/carbon/admin/login.jsp" "Mozilla/5.0 (X11; Linux x86_64) AppleWebKit/537.36 (KHTML, like Gecko) Chrome/31.0.1650.57 Safari/537.36"
10.100.4.52 - - [11/Mar/2014:09:55:18 +0530] "GET /admin/carbon/dialog/js/jqueryui/jquery-ui.min.js HTTP/1.1" 200 25705 "https://10.100.4.52:9443/admin/carbon/admin/login.jsp" "Mozilla/5.0 (X11; Linux x86_64) AppleWebKit/537.36 (KHTML, like Gecko) Chrome/31.0.1650.57 Safari/537.36"
10.100.4.52 - - [11/Mar/2014:09:55:18 +0530] "GET /admin/carbon/admin/js/cookies.js HTTP/1.1" 200 1136 "https://10.100.4.52:9443/admin/carbon/admin/login.jsp" "Mozilla/5.0 (X11; Linux x86_64) AppleWebKit/537.36 (KHTML, like Gecko) Chrome/31.0.1650.57 Safari/537.36"
10.100.4.52 - - [11/Mar/2014:09:55:18 +0530] "GET /admin/carbon/admin/js/jquery.form.js HTTP/1.1" 200 6750 "https://10.100.4.52:9443/admin/carbon/admin/login.jsp" "Mozilla/5.0 (X11; Linux x86_64) AppleWebKit/537.36 (KHTML, like Gecko) Chrome/31.0.1650.57 Safari/537.36"
10.100.4.52 - - [11/Mar/2014:09:55:18 +0530] "GET /admin/carbon/admin/js/jquery.ui.tabs.min.js HTTP/1.1" 200 3594 "https://10.100.4.52:9443/admin/carbon/admin/login.jsp" "Mozilla/5.0 (X11; Linux x86_64) AppleWebKit/537.36 (KHTML, like Gecko) Chrome/31.0.1650.57 Safari/537.36"
10.100.4.52 - - [11/Mar/2014:09:55:18 +0530] "GET /admin/carbon/admin/js/main.js HTTP/1.1" 200 15361 "https://10.100.4.52:9443/admin/carbon/admin/login.jsp" "Mozilla/5.0 (X11; Linux x86_64) AppleWebKit/537.36 (KHTML, like Gecko) Chrome/31.0.1650.57 Safari/537.36"
10.100.4.52 - - [11/Mar/2014:09:55:18 +0530] "GET /admin/carbon/admin/js/WSRequest.js HTTP/1.1" 200 12981 "https://10.100.4.52:9443/admin/carbon/admin/login.jsp" "Mozilla/5.0 (X11; Linux x86_64) AppleWebKit/537.36 (KHTML, like Gecko) Chrome/31.0.1650.57 Safari/537.36"
10.100.4.52 - - [11/Mar/2014:09:55:18 +0530] "GET /admin/carbon/admin/js/jquery-1.5.2.min.js HTTP/1.1" 200 30375 "https://10.100.4.52:9443/admin/carbon/admin/login.jsp" "Mozilla/5.0 (X11; Linux x86_64) AppleWebKit/537.36 (KHTML, like Gecko) Chrome/31.0.1650.57 Safari/537.36"
10.100.4.52 - - [11/Mar/2014:09:55:18 +0530] "GET /admin/carbon/dialog/js/dialog.js HTTP/1.1" 200 2127 "https://10.100.4.52:9443/admin/carbon/admin/login.jsp" "Mozilla/5.0 (X11; Linux x86_64) AppleWebKit/537.36 (KHTML, like Gecko) Chrome/31.0.1650.57 Safari/537.36"
10.100.4.52 - - [11/Mar/2014:09:55:18 +0530] "GET /admin/carbon/admin/js/customControls.js HTTP/1.1" 200 1193 "https://10.100.4.52:9443/admin/carbon/admin/login.jsp" "Mozilla/5.0 (X11; Linux x86_64) AppleWebKit/537.36 (KHTML, like Gecko) Chrome/31.0.1650.57 Safari/537.36"
10.100.4.52 - - [11/Mar/2014:09:55:18 +0530] "GET /admin/carbon/yui/build/yahoo/yahoo-min.js HTTP/1.1" 200 2523 "https://10.100.4.52:9443/admin/carbon/admin/login.jsp" "Mozilla/5.0 (X11; Linux x86_64) AppleWebKit/537.36 (KHTML, like Gecko) Chrome/31.0.1650.57 Safari/537.36"
10.100.4.52 - - [11/Mar/2014:09:55:18 +0530] "GET /admin/carbon/admin/images/1px.gif HTTP/1.1" 200 43 "https://10.100.4.52:9443/admin/carbon/admin/login.jsp" "Mozilla/5.0 (X11; Linux x86_64) AppleWebKit/537.36 (KHTML, like Gecko) Chrome/31.0.1650.57 Safari/537.36"
10.100.4.52 - - [11/Mar/2014:09:55:18 +0530] "GET /admin/carbon/admin/js/template.js HTTP/1.1" 200 3390 "https://10.100.4.52:9443/admin/carbon/admin/login.jsp" "Mozilla/5.0 (X11; Linux x86_64) AppleWebKit/537.36 (KHTML, like Gecko) Chrome/31.0.1650.57 Safari/537.36"
10.100.4.52 - - [11/Mar/2014:09:55:18 +0530] "GET /admin/carbon/admin/images/user-guide.gif HTTP/1.1" 200 2228 "https://10.100.4.52:9443/admin/carbon/admin/login.jsp" "Mozilla/5.0 (X11; Linux x86_64) AppleWebKit/537.36 (KHTML, like Gecko) Chrome/31.0.1650.57 Safari/537.36"
10.100.4.52 - - [11/Mar/2014:09:55:18 +0530] "GET /admin/carbon/yui/build/animation/animation-min.js HTTP/1.1" 200 4768 "https://10.100.4.52:9443/admin/carbon/admin/login.jsp" "Mozilla/5.0 (X11; Linux x86_64) AppleWebKit/537.36 (KHTML, like Gecko) Chrome/31.0.1650.57 Safari/537.36"
10.100.4.52 - - [11/Mar/2014:09:55:18 +0530] "GET /admin/carbon/yui/build/yahoo-dom-event/yahoo-dom-event.js HTTP/1.1" 200 10684 "https://10.100.4.52:9443/admin/carbon/admin/login.jsp" "Mozilla/5.0 (X11; Linux x86_64) AppleWebKit/537.36 (KHTML, like Gecko) Chrome/31.0.1650.57 Safari/537.36"
10.100.4.52 - - [11/Mar/2014:09:55:18 +0530] "GET /admin/carbon/yui/build/selector/selector-min.js HTTP/1.1" 200 2895 "https://10.100.4.52:9443/admin/carbon/admin/login.jsp" "Mozilla/5.0 (X11; Linux x86_64) AppleWebKit/537.36 (KHTML, like Gecko) Chrome/31.0.1650.57 Safari/537.36"
10.100.4.52 - - [11/Mar/2014:09:55:18 +0530] "GET /admin/carbon/admin/images/forum.gif HTTP/1.1" 200 1977 "https://10.100.4.52:9443/admin/carbon/admin/login.jsp" "Mozilla/5.0 (X11; Linux x86_64) AppleWebKit/537.36 (KHTML, like Gecko) Chrome/31.0.1650.57 Safari/537.36"
10.100.4.52 - - [11/Mar/2014:09:55:18 +0530] "GET /admin/carbon/admin/images/issue-tracker.gif HTTP/1.1" 200 1821 "https://10.100.4.52:9443/admin/carbon/admin/login.jsp" "Mozilla/5.0 (X11; Linux x86_64) AppleWebKit/537.36 (KHTML, like Gecko) Chrome/31.0.1650.57 Safari/537.36"
10.100.4.52 - - [11/Mar/2014:09:55:18 +0530] "GET /admin/carbon/admin/images/mailing-list.gif HTTP/1.1" 200 2131 "https://10.100.4.52:9443/admin/carbon/admin/login.jsp" "Mozilla/5.0 (X11; Linux x86_64) AppleWebKit/537.36 (KHTML, like Gecko) Chrome/31.0.1650.57 Safari/537.36"
10.100.4.52 - - [11/Mar/2014:09:55:18 +0530] "GET /admin/carbon/styles/images/logo.png HTTP/1.1" 200 4141 "https://10.100.4.52:9443/admin/carbon/admin/login.jsp" "Mozilla/5.0 (X11; Linux x86_64) AppleWebKit/537.36 (KHTML, like Gecko) Chrome/31.0.1650.57 Safari/537.36"
10.100.4.52 - - [11/Mar/2014:09:55:18 +0530] "GET /admin/carbon/admin/images/help.gif HTTP/1.1" 200 411 "https://10.100.4.52:9443/admin/carbon/admin/login.jsp" "Mozilla/5.0 (X11; Linux x86_64) AppleWebKit/537.36 (KHTML, like Gecko) Chrome/31.0.1650.57 Safari/537.36"
10.100.4.52 - - [11/Mar/2014:09:55:19 +0530] "GET /admin/carbon/admin/images/favicon.ico HTTP/1.1" 200 9889 "-" "Mozilla/5.0 (X11; Linux x86_64) AppleWebKit/537.36 (KHTML, like Gecko) Chrome/31.0.1650.57 Safari/537.36"
10.100.4.52 - - [11/Mar/2014:09:55:21 +0530] "POST /admin/carbon/admin/login_action.jsp HTTP/1.1" 302 - "https://10.100.4.52:9443/admin/carbon/admin/login.jsp" "Mozilla/5.0 (X11; Linux x86_64) AppleWebKit/537.36 (KHTML, like Gecko) Chrome/31.0.1650.57 Safari/537.36"
10.100.4.52 - - [11/Mar/2014:09:55:21 +0530] "GET /admin/carbon/admin/index.jsp?loginStatus=true HTTP/1.1" 200 4554 "https://10.100.4.52:9443/admin/carbon/admin/login.jsp" "Mozilla/5.0 (X11; Linux x86_64) AppleWebKit/537.36 (KHTML, like Gecko) Chrome/31.0.1650.57 Safari/537.36"
10.100.4.52 - - [11/Mar/2014:09:55:21 +0530] "GET /admin/carbon/admin/jsp/registry_styles_ajaxprocessor.jsp HTTP/1.1" 200 123 "https://10.100.4.52:9443/admin/carbon/admin/index.jsp?loginStatus=true" "Mozilla/5.0 (X11; Linux x86_64) AppleWebKit/537.36 (KHTML, like Gecko) Chrome/31.0.1650.57 Safari/537.36"
10.100.4.52 - - [11/Mar/2014:09:55:21 +0530] "GET /admin/carbon/admin/images/up-arrow.gif HTTP/1.1" 200 615 "https://10.100.4.52:9443/admin/carbon/admin/index.jsp?loginStatus=true" "Mozilla/5.0 (X11; Linux x86_64) AppleWebKit/537.36 (KHTML, like Gecko) Chrome/31.0.1650.57 Safari/537.36"
10.100.4.52 - - [11/Mar/2014:09:55:21 +0530] "GET /admin/carbon/userstore/images/user-store.gif HTTP/1.1" 200 617 "https://10.100.4.52:9443/admin/carbon/admin/index.jsp?loginStatus=true" "Mozilla/5.0 (X11; Linux x86_64) AppleWebKit/537.36 (KHTML, like Gecko) Chrome/31.0.1650.57 Safari/537.36"
10.100.4.52 - - [11/Mar/2014:09:55:21 +0530] "GET /admin/carbon/userstore_config/images/multiple-user-stores.png HTTP/1.1" 200 783 "https://10.100.4.52:9443/admin/carbon/admin/index.jsp?loginStatus=true" "Mozilla/5.0 (X11; Linux x86_64) AppleWebKit/537.36 (KHTML, like Gecko) Chrome/31.0.1650.57 Safari/537.36"
10.100.4.52 - - [11/Mar/2014:09:55:21 +0530] "GET /admin/carbon/feature-mgt/images/comp-manager.gif HTTP/1.1" 200 580 "https://10.100.4.52:9443/admin/carbon/admin/index.jsp?loginStatus=true" "Mozilla/5.0 (X11; Linux x86_64) AppleWebKit/537.36 (KHTML, like Gecko) Chrome/31.0.1650.57 Safari/537.36"
10.100.4.52 - - [11/Mar/2014:09:55:21 +0530] "GET /admin/carbon/roles-mgt/images/server-role.gif HTTP/1.1" 200 1073 "https://10.100.4.52:9443/admin/carbon/admin/index.jsp?loginStatus=true" "Mozilla/5.0 (X11; Linux x86_64) AppleWebKit/537.36 (KHTML, like Gecko) Chrome/31.0.1650.57 Safari/537.36"
10.100.4.52 - - [11/Mar/2014:09:55:21 +0530] "GET /admin/carbon/tenant-mgt/images/services.gif HTTP/1.1" 200 604 "https://10.100.4.52:9443/admin/carbon/admin/index.jsp?loginStatus=true" "Mozilla/5.0 (X11; Linux x86_64) AppleWebKit/537.36 (KHTML, like Gecko) Chrome/31.0.1650.57 Safari/537.36"
10.100.4.52 - - [11/Mar/2014:09:55:21 +0530] "GET /admin/carbon/tenant-mgt/images/multi_tenancy.png HTTP/1.1" 200 768 "https://10.100.4.52:9443/admin/carbon/admin/index.jsp?loginStatus=true" "Mozilla/5.0 (X11; Linux x86_64) AppleWebKit/537.36 (KHTML, like Gecko) Chrome/31.0.1650.57 Safari/537.36"
10.100.4.52 - - [11/Mar/2014:09:55:21 +0530] "GET /admin/carbon/keystoremgt/images/keystore.gif HTTP/1.1" 200 604 "https://10.100.4.52:9443/admin/carbon/admin/index.jsp?loginStatus=true" "Mozilla/5.0 (X11; Linux x86_64) AppleWebKit/537.36 (KHTML, like Gecko) Chrome/31.0.1650.57 Safari/537.36"
10.100.4.52 - - [11/Mar/2014:09:55:21 +0530] "GET /admin/carbon/tenant-mgt/images/services1.gif HTTP/1.1" 200 608 "https://10.100.4.52:9443/admin/carbon/admin/index.jsp?loginStatus=true" "Mozilla/5.0 (X11; Linux x86_64) AppleWebKit/537.36 (KHTML, like Gecko) Chrome/31.0.1650.57 Safari/537.36"
10.100.4.52 - - [11/Mar/2014:09:55:21 +0530] "GET /admin/carbon/webapp-list/images/add.gif HTTP/1.1" 200 407 "https://10.100.4.52:9443/admin/carbon/admin/index.jsp?loginStatus=true" "Mozilla/5.0 (X11; Linux x86_64) AppleWebKit/537.36 (KHTML, like Gecko) Chrome/31.0.1650.57 Safari/537.36"
10.100.4.52 - - [11/Mar/2014:09:55:21 +0530] "GET /admin/carbon/webapp-list/images/application.png HTTP/1.1" 200 691 "https://10.100.4.52:9443/admin/carbon/admin/index.jsp?loginStatus=true" "Mozilla/5.0 (X11; Linux x86_64) AppleWebKit/537.36 (KHTML, like Gecko) Chrome/31.0.1650.57 Safari/537.36"
10.100.4.52 - - [11/Mar/2014:09:55:21 +0530] "GET /admin/carbon/webapp-list/images/list.gif HTTP/1.1" 200 216 "https://10.100.4.52:9443/admin/carbon/admin/index.jsp?loginStatus=true" "Mozilla/5.0 (X11; Linux x86_64) AppleWebKit/537.36 (KHTML, like Gecko) Chrome/31.0.1650.57 Safari/537.36"
10.100.4.52 - - [11/Mar/2014:09:55:21 +0530] "GET /admin/carbon/jax-webapp-mgt/images/jax_type.gif HTTP/1.1" 200 622 "https://10.100.4.52:9443/admin/carbon/admin/index.jsp?loginStatus=true" "Mozilla/5.0 (X11; Linux x86_64) AppleWebKit/537.36 (KHTML, like Gecko) Chrome/31.0.1650.57 Safari/537.36"
10.100.4.52 - - [11/Mar/2014:09:55:21 +0530] "GET /admin/carbon/jaggeryapp-mgt/images/webapps.gif HTTP/1.1" 200 809 "https://10.100.4.52:9443/admin/carbon/admin/index.jsp?loginStatus=true" "Mozilla/5.0 (X11; Linux x86_64) AppleWebKit/537.36 (KHTML, like Gecko) Chrome/31.0.1650.57 Safari/537.36"
10.100.4.52 - - [11/Mar/2014:09:55:21 +0530] "GET /admin/carbon/sso-saml/images/sso.gif HTTP/1.1" 200 394 "https://10.100.4.52:9443/admin/carbon/admin/index.jsp?loginStatus=true" "Mozilla/5.0 (X11; Linux x86_64) AppleWebKit/537.36 (KHTML, like Gecko) Chrome/31.0.1650.57 Safari/537.36"
10.100.4.52 - - [11/Mar/2014:09:55:21 +0530] "GET /admin/carbon/eventing/images/topics.gif HTTP/1.1" 200 147 "https://10.100.4.52:9443/admin/carbon/admin/index.jsp?loginStatus=true" "Mozilla/5.0 (X11; Linux x86_64) AppleWebKit/537.36 (KHTML, like Gecko) Chrome/31.0.1650.57 Safari/537.36"
10.100.4.52 - - [11/Mar/2014:09:55:21 +0530] "GET /admin/carbon/cassandramgt/images/cassandra-keyspace.png HTTP/1.1" 200 914 "https://10.100.4.52:9443/admin/carbon/admin/index.jsp?loginStatus=true" "Mozilla/5.0 (X11; Linux x86_64) AppleWebKit/537.36 (KHTML, like Gecko) Chrome/31.0.1650.57 Safari/537.36"
10.100.4.52 - - [11/Mar/2014:09:55:21 +0530] "GET /admin/carbon/eventing/images/add.gif HTTP/1.1" 200 407 "https://10.100.4.52:9443/admin/carbon/admin/index.jsp?loginStatus=true" "Mozilla/5.0 (X11; Linux x86_64) AppleWebKit/537.36 (KHTML, like Gecko) Chrome/31.0.1650.57 Safari/537.36"
10.100.4.52 - - [11/Mar/2014:09:55:21 +0530] "GET /admin/carbon/eventing/images/list.gif HTTP/1.1" 200 216 "https://10.100.4.52:9443/admin/carbon/admin/index.jsp?loginStatus=true" "Mozilla/5.0 (X11; Linux x86_64) AppleWebKit/537.36 (KHTML, like Gecko) Chrome/31.0.1650.57 Safari/537.36"
127.0.0.1 - - [11/Mar/2014:09:55:21 +0530] "GET /publisher/api/cache/gadget HTTP/1.1" 401 975 "https://localhost:9443/publisher/assets/gadget/" "Mozilla/5.0 (X11; Linux x86_64) AppleWebKit/537.36 (KHTML, like Gecko) Chrome/31.0.1650.57 Safari/537.36"
10.100.4.52 - - [11/Mar/2014:09:55:21 +0530] "GET /admin/carbon/cassandramgt/images/list.gif HTTP/1.1" 200 216 "https://10.100.4.52:9443/admin/carbon/admin/index.jsp?loginStatus=true" "Mozilla/5.0 (X11; Linux x86_64) AppleWebKit/537.36 (KHTML, like Gecko) Chrome/31.0.1650.57 Safari/537.36"
10.100.4.52 - - [11/Mar/2014:09:55:21 +0530] "GET /admin/carbon/images/add.gif HTTP/1.1" 200 622 "https://10.100.4.52:9443/admin/carbon/admin/index.jsp?loginStatus=true" "Mozilla/5.0 (X11; Linux x86_64) AppleWebKit/537.36 (KHTML, like Gecko) Chrome/31.0.1650.57 Safari/537.36"
10.100.4.52 - - [11/Mar/2014:09:55:21 +0530] "GET /admin/carbon/images/list.gif HTTP/1.1" 200 216 "https://10.100.4.52:9443/admin/carbon/admin/index.jsp?loginStatus=true" "Mozilla/5.0 (X11; Linux x86_64) AppleWebKit/537.36 (KHTML, like Gecko) Chrome/31.0.1650.57 Safari/537.36"
10.100.4.52 - - [11/Mar/2014:09:55:21 +0530] "GET /admin/carbon/cassandramgt/images/add.gif HTTP/1.1" 200 407 "https://10.100.4.52:9443/admin/carbon/admin/index.jsp?loginStatus=true" "Mozilla/5.0 (X11; Linux x86_64) AppleWebKit/537.36 (KHTML, like Gecko) Chrome/31.0.1650.57 Safari/537.36"
10.100.4.52 - - [11/Mar/2014:09:55:21 +0530] "GET /admin/carbon/server-admin/images/restart.gif HTTP/1.1" 200 631 "https://10.100.4.52:9443/admin/carbon/admin/index.jsp?loginStatus=true" "Mozilla/5.0 (X11; Linux x86_64) AppleWebKit/537.36 (KHTML, like Gecko) Chrome/31.0.1650.57 Safari/537.36"
10.100.4.52 - - [11/Mar/2014:09:55:21 +0530] "GET /admin/carbon/lcm/images/lcm.gif HTTP/1.1" 200 600 "https://10.100.4.52:9443/admin/carbon/admin/index.jsp?loginStatus=true" "Mozilla/5.0 (X11; Linux x86_64) AppleWebKit/537.36 (KHTML, like Gecko) Chrome/31.0.1650.57 Safari/537.36"
10.100.4.52 - - [11/Mar/2014:09:55:21 +0530] "GET /admin/carbon/generic/images/rxt.png HTTP/1.1" 200 889 "https://10.100.4.52:9443/admin/carbon/admin/index.jsp?loginStatus=true" "Mozilla/5.0 (X11; Linux x86_64) AppleWebKit/537.36 (KHTML, like Gecko) Chrome/31.0.1650.57 Safari/537.36"
10.100.4.52 - - [11/Mar/2014:09:55:21 +0530] "GET /admin/carbon/search/images/search-top.png HTTP/1.1" 200 785 "https://10.100.4.52:9443/admin/carbon/admin/index.jsp?loginStatus=true" "Mozilla/5.0 (X11; Linux x86_64) AppleWebKit/537.36 (KHTML, like Gecko) Chrome/31.0.1650.57 Safari/537.36"
10.100.4.52 - - [11/Mar/2014:09:55:21 +0530] "GET /admin/carbon/generic/images/list10.png HTTP/1.1" 200 916 "https://10.100.4.52:9443/admin/carbon/admin/index.jsp?loginStatus=true" "Mozilla/5.0 (X11; Linux x86_64) AppleWebKit/537.36 (KHTML, like Gecko) Chrome/31.0.1650.57 Safari/537.36"
10.100.4.52 - - [11/Mar/2014:09:55:21 +0530] "GET /admin/carbon/generic/images/list30.png HTTP/1.1" 200 501 "https://10.100.4.52:9443/admin/carbon/admin/index.jsp?loginStatus=true" "Mozilla/5.0 (X11; Linux x86_64) AppleWebKit/537.36 (KHTML, like Gecko) Chrome/31.0.1650.57 Safari/537.36"
10.100.4.52 - - [11/Mar/2014:09:55:21 +0530] "GET /admin/carbon/generic/images/list27.png HTTP/1.1" 200 612 "https://10.100.4.52:9443/admin/carbon/admin/index.jsp?loginStatus=true" "Mozilla/5.0 (X11; Linux x86_64) AppleWebKit/537.36 (KHTML, like Gecko) Chrome/31.0.1650.57 Safari/537.36"
10.100.4.52 - - [11/Mar/2014:09:55:21 +0530] "GET /admin/carbon/generic/images/list29.png HTTP/1.1" 200 409 "https://10.100.4.52:9443/admin/carbon/admin/index.jsp?loginStatus=true" "Mozilla/5.0 (X11; Linux x86_64) AppleWebKit/537.36 (KHTML, like Gecko) Chrome/31.0.1650.57 Safari/537.36"
10.100.4.52 - - [11/Mar/2014:09:55:21 +0530] "GET /admin/carbon/resources/images/resources.gif HTTP/1.1" 200 1028 "https://10.100.4.52:9443/admin/carbon/admin/index.jsp?loginStatus=true" "Mozilla/5.0 (X11; Linux x86_64) AppleWebKit/537.36 (KHTML, like Gecko) Chrome/31.0.1650.57 Safari/537.36"
10.100.4.52 - - [11/Mar/2014:09:55:21 +0530] "GET /admin/carbon/resources/images/config.gif HTTP/1.1" 200 1006 "https://10.100.4.52:9443/admin/carbon/admin/index.jsp?loginStatus=true" "Mozilla/5.0 (X11; Linux x86_64) AppleWebKit/537.36 (KHTML, like Gecko) Chrome/31.0.1650.57 Safari/537.36"
10.100.4.52 - - [11/Mar/2014:09:55:21 +0530] "GET /admin/carbon/admin/jsp/session-validate.jsp HTTP/1.1" 200 3952 "https://10.100.4.52:9443/admin/carbon/admin/index.jsp?loginStatus=true" "Mozilla/5.0 (X11; Linux x86_64) AppleWebKit/537.36 (KHTML, like Gecko) Chrome/31.0.1650.57 Safari/537.36"
10.100.4.52 - - [11/Mar/2014:09:55:21 +0530] "GET /admin/carbon/generic/images/list11.png HTTP/1.1" 200 679 "https://10.100.4.52:9443/admin/carbon/admin/index.jsp?loginStatus=true" "Mozilla/5.0 (X11; Linux x86_64) AppleWebKit/537.36 (KHTML, like Gecko) Chrome/31.0.1650.57 Safari/537.36"
10.100.4.52 - - [11/Mar/2014:09:55:21 +0530] "GET /admin/carbon/generic/images/list28.png HTTP/1.1" 200 622 "https://10.100.4.52:9443/admin/carbon/admin/index.jsp?loginStatus=true" "Mozilla/5.0 (X11; Linux x86_64) AppleWebKit/537.36 (KHTML, like Gecko) Chrome/31.0.1650.57 Safari/537.36"
10.100.4.52 - - [11/Mar/2014:09:55:21 +0530] "GET /admin/carbon/generic/images/add30.png HTTP/1.1" 200 586 "https://10.100.4.52:9443/admin/carbon/admin/index.jsp?loginStatus=true" "Mozilla/5.0 (X11; Linux x86_64) AppleWebKit/537.36 (KHTML, like Gecko) Chrome/31.0.1650.57 Safari/537.36"
10.100.4.52 - - [11/Mar/2014:09:55:21 +0530] "GET /admin/carbon/generic/images/add11.png HTTP/1.1" 200 759 "https://10.100.4.52:9443/admin/carbon/admin/index.jsp?loginStatus=true" "Mozilla/5.0 (X11; Linux x86_64) AppleWebKit/537.36 (KHTML, like Gecko) Chrome/31.0.1650.57 Safari/537.36"
10.100.4.52 - - [11/Mar/2014:09:55:21 +0530] "GET /admin/carbon/generic/images/add27.png HTTP/1.1" 200 604 "https://10.100.4.52:9443/admin/carbon/admin/index.jsp?loginStatus=true" "Mozilla/5.0 (X11; Linux x86_64) AppleWebKit/537.36 (KHTML, like Gecko) Chrome/31.0.1650.57 Safari/537.36"
10.100.4.52 - - [11/Mar/2014:09:55:21 +0530] "GET /admin/carbon/generic/images/add29.png HTTP/1.1" 200 540 "https://10.100.4.52:9443/admin/carbon/admin/index.jsp?loginStatus=true" "Mozilla/5.0 (X11; Linux x86_64) AppleWebKit/537.36 (KHTML, like Gecko) Chrome/31.0.1650.57 Safari/537.36"
10.100.4.52 - - [11/Mar/2014:09:55:21 +0530] "GET /admin/carbon/generic/images/add10.png HTTP/1.1" 200 906 "https://10.100.4.52:9443/admin/carbon/admin/index.jsp?loginStatus=true" "Mozilla/5.0 (X11; Linux x86_64) AppleWebKit/537.36 (KHTML, like Gecko) Chrome/31.0.1650.57 Safari/537.36"
10.100.4.52 - - [11/Mar/2014:09:55:21 +0530] "GET /admin/carbon/generic/images/add28.png HTTP/1.1" 200 726 "https://10.100.4.52:9443/admin/carbon/admin/index.jsp?loginStatus=true" "Mozilla/5.0 (X11; Linux x86_64) AppleWebKit/537.36 (KHTML, like Gecko) Chrome/31.0.1650.57 Safari/537.36"
10.100.4.52 - - [11/Mar/2014:09:55:21 +0530] "GET /admin/carbon/cassandraexplorer/images/explorer.png HTTP/1.1" 200 934 "https://10.100.4.52:9443/admin/carbon/admin/index.jsp?loginStatus=true" "Mozilla/5.0 (X11; Linux x86_64) AppleWebKit/537.36 (KHTML, like Gecko) Chrome/31.0.1650.57 Safari/537.36"
10.100.4.52 - - [11/Mar/2014:09:55:21 +0530] "GET /admin/carbon/cassandraexplorer/images/connect.png HTTP/1.1" 200 845 "https://10.100.4.52:9443/admin/carbon/admin/index.jsp?loginStatus=true" "Mozilla/5.0 (X11; Linux x86_64) AppleWebKit/537.36 (KHTML, like Gecko) Chrome/31.0.1650.57 Safari/537.36"
10.100.4.52 - - [11/Mar/2014:09:55:21 +0530] "GET /admin/carbon/cassandraexplorer/images/keyspaces_list.png HTTP/1.1" 200 593 "https://10.100.4.52:9443/admin/carbon/admin/index.jsp?loginStatus=true" "Mozilla/5.0 (X11; Linux x86_64) AppleWebKit/537.36 (KHTML, like Gecko) Chrome/31.0.1650.57 Safari/537.36"
10.100.4.52 - - [11/Mar/2014:09:55:21 +0530] "GET /admin/carbon/admin/images/leftRightSlider-dark.png HTTP/1.1" 200 1421 "https://10.100.4.52:9443/admin/carbon/admin/index.jsp?loginStatus=true" "Mozilla/5.0 (X11; Linux x86_64) AppleWebKit/537.36 (KHTML, like Gecko) Chrome/31.0.1650.57 Safari/537.36"
10.100.4.52 - - [11/Mar/2014:09:55:22 +0530] "GET /admin/carbon/server-admin/system_status_ajaxprocessor.jsp HTTP/1.1" 200 1242 "https://10.100.4.52:9443/admin/carbon/admin/index.jsp?loginStatus=true" "Mozilla/5.0 (X11; Linux x86_64) AppleWebKit/537.36 (KHTML, like Gecko) Chrome/31.0.1650.57 Safari/537.36"
10.100.4.52 - - [11/Mar/2014:09:55:24 +0530] "GET /admin/carbon/userstore/index.jsp?region=region1&item=userstores_menu HTTP/1.1" 200 5200 "https://10.100.4.52:9443/admin/carbon/admin/index.jsp?loginStatus=true" "Mozilla/5.0 (X11; Linux x86_64) AppleWebKit/537.36 (KHTML, like Gecko) Chrome/31.0.1650.57 Safari/537.36"
10.100.4.52 - - [11/Mar/2014:09:55:24 +0530] "GET /admin/carbon/admin/jsp/registry_styles_ajaxprocessor.jsp HTTP/1.1" 200 123 "https://10.100.4.52:9443/admin/carbon/userstore/index.jsp?region=region1&item=userstores_menu" "Mozilla/5.0 (X11; Linux x86_64) AppleWebKit/537.36 (KHTML, like Gecko) Chrome/31.0.1650.57 Safari/537.36"
10.100.4.52 - - [11/Mar/2014:09:55:24 +0530] "GET /admin/carbon/userstore/extensions/core/js/vui.js HTTP/1.1" 404 1075 "https://10.100.4.52:9443/admin/carbon/userstore/index.jsp?region=region1&item=userstores_menu" "Mozilla/5.0 (X11; Linux x86_64) AppleWebKit/537.36 (KHTML, like Gecko) Chrome/31.0.1650.57 Safari/537.36"
10.100.4.52 - - [11/Mar/2014:09:55:24 +0530] "GET /admin/carbon/userstore/images/users.gif HTTP/1.1" 200 1027 "https://10.100.4.52:9443/admin/carbon/userstore/index.jsp?region=region1&item=userstores_menu" "Mozilla/5.0 (X11; Linux x86_64) AppleWebKit/537.36 (KHTML, like Gecko) Chrome/31.0.1650.57 Safari/537.36"
10.100.4.52 - - [11/Mar/2014:09:55:24 +0530] "GET /admin/carbon/userstore/images/user-roles.gif HTTP/1.1" 200 1048 "https://10.100.4.52:9443/admin/carbon/userstore/index.jsp?region=region1&item=userstores_menu" "Mozilla/5.0 (X11; Linux x86_64) AppleWebKit/537.36 (KHTML, like Gecko) Chrome/31.0.1650.57 Safari/537.36"
127.0.0.1 - - [11/Mar/2014:09:55:25 +0530] "GET /publisher/api/cache/gadget HTTP/1.1" 401 975 "https://localhost:9443/publisher/assets/gadget/" "Mozilla/5.0 (X11; Linux x86_64) AppleWebKit/537.36 (KHTML, like Gecko) Chrome/31.0.1650.57 Safari/537.36"
10.100.4.52 - - [11/Mar/2014:09:55:27 +0530] "GET /admin/carbon/role/role-mgt.jsp HTTP/1.1" 200 5793 "https://10.100.4.52:9443/admin/carbon/userstore/index.jsp?region=region1&item=userstores_menu" "Mozilla/5.0 (X11; Linux x86_64) AppleWebKit/537.36 (KHTML, like Gecko) Chrome/31.0.1650.57 Safari/537.36"
10.100.4.52 - - [11/Mar/2014:09:55:27 +0530] "GET /admin/carbon/admin/jsp/registry_styles_ajaxprocessor.jsp HTTP/1.1" 200 123 "https://10.100.4.52:9443/admin/carbon/role/role-mgt.jsp" "Mozilla/5.0 (X11; Linux x86_64) AppleWebKit/537.36 (KHTML, like Gecko) Chrome/31.0.1650.57 Safari/537.36"
10.100.4.52 - - [11/Mar/2014:09:55:27 +0530] "GET /admin/carbon/userstore/extensions/js/vui.js HTTP/1.1" 200 673 "https://10.100.4.52:9443/admin/carbon/role/role-mgt.jsp" "Mozilla/5.0 (X11; Linux x86_64) AppleWebKit/537.36 (KHTML, like Gecko) Chrome/31.0.1650.57 Safari/537.36"
10.100.4.52 - - [11/Mar/2014:09:55:27 +0530] "GET /admin/carbon/role/images/edit.gif HTTP/1.1" 200 1036 "https://10.100.4.52:9443/admin/carbon/role/role-mgt.jsp" "Mozilla/5.0 (X11; Linux x86_64) AppleWebKit/537.36 (KHTML, like Gecko) Chrome/31.0.1650.57 Safari/537.36"
10.100.4.52 - - [11/Mar/2014:09:55:27 +0530] "GET /admin/carbon/role/images/view.gif HTTP/1.1" 200 596 "https://10.100.4.52:9443/admin/carbon/role/role-mgt.jsp" "Mozilla/5.0 (X11; Linux x86_64) AppleWebKit/537.36 (KHTML, like Gecko) Chrome/31.0.1650.57 Safari/537.36"
10.100.4.52 - - [11/Mar/2014:09:55:27 +0530] "GET /admin/carbon/role/images/delete.gif HTTP/1.1" 200 555 "https://10.100.4.52:9443/admin/carbon/role/role-mgt.jsp" "Mozilla/5.0 (X11; Linux x86_64) AppleWebKit/537.36 (KHTML, like Gecko) Chrome/31.0.1650.57 Safari/537.36"
