10.100.4.52 - - [11/Mar/2014:09:32:16 +0530] "GET /admin/carbon/dialog/img/warning.gif HTTP/1.1" 200 2356 "https://10.100.4.52:9443/admin/carbon/role/add-step1.jsp?roleType=Internal" "Mozilla/5.0 (X11; Linux x86_64) AppleWebKit/537.36 (KHTML, like Gecko) Chrome/31.0.1650.57 Safari/537.36"
10.100.4.52 - - [11/Mar/2014:09:32:17 +0530] "GET /admin/carbon/dialog/css/jqueryui/images/ffffff_40x100_textures_01_flat_0.png HTTP/1.1" 200 178 "https://10.100.4.52:9443/admin/carbon/role/add-step1.jsp?roleType=Internal" "Mozilla/5.0 (X11; Linux x86_64) AppleWebKit/537.36 (KHTML, like Gecko) Chrome/31.0.1650.57 Safari/537.36"
10.100.4.52 - - [11/Mar/2014:09:32:17 +0530] "GET /admin/carbon/dialog/css/jqueryui/images/222222_11x11_icon_resize_se.gif HTTP/1.1" 200 61 "https://10.100.4.52:9443/admin/carbon/role/add-step1.jsp?roleType=Internal" "Mozilla/5.0 (X11; Linux x86_64) AppleWebKit/537.36 (KHTML, like Gecko) Chrome/31.0.1650.57 Safari/537.36"
10.100.4.52 - - [11/Mar/2014:09:32:17 +0530] "GET /admin/carbon/dialog/img/overlay.png HTTP/1.1" 200 144 "https://10.100.4.52:9443/admin/carbon/role/add-step1.jsp?roleType=Internal" "Mozilla/5.0 (X11; Linux x86_64) AppleWebKit/537.36 (KHTML, like Gecko) Chrome/31.0.1650.57 Safari/537.36"
127.0.0.1 - - [11/Mar/2014:09:32:19 +0530] "GET /publisher/api/cache/gadget HTTP/1.1" 200 89 "https://localhost:9443/publisher/assets/gadget/" "Mozilla/5.0 (X11; Linux x86_64) AppleWebKit/537.36 (KHTML, like Gecko) Chrome/31.0.1650.57 Safari/537.36"
10.100.4.52 - - [11/Mar/2014:09:32:22 +0530] "GET /admin/carbon/dialog/css/jqueryui/images/454545_11x11_icon_close.gif HTTP/1.1" 200 62 "https://10.100.4.52:9443/admin/carbon/role/add-step1.jsp?roleType=Internal" "Mozilla/5.0 (X11; Linux x86_64) AppleWebKit/537.36 (KHTML, like Gecko) Chrome/31.0.1650.57 Safari/537.36"
127.0.0.1 - - [11/Mar/2014:09:32:23 +0530] "GET /publisher/api/cache/gadget HTTP/1.1" 200 89 "https://localhost:9443/publisher/assets/gadget/" "Mozilla/5.0 (X11; Linux x86_64) AppleWebKit/537.36 (KHTML, like Gecko) Chrome/31.0.1650.57 Safari/537.36"
10.100.4.52 - - [11/Mar/2014:09:32:24 +0530] "GET /admin/carbon/dialog/css/jqueryui/images/222222_11x11_icon_close.gif HTTP/1.1" 200 62 "https://10.100.4.52:9443/admin/carbon/role/add-step1.jsp?roleType=Internal" "Mozilla/5.0 (X11; Linux x86_64) AppleWebKit/537.36 (KHTML, like Gecko) Chrome/31.0.1650.57 Safari/537.36"
127.0.0.1 - - [11/Mar/2014:09:32:27 +0530] "GET /publisher/api/cache/gadget HTTP/1.1" 200 89 "https://localhost:9443/publisher/assets/gadget/" "Mozilla/5.0 (X11; Linux x86_64) AppleWebKit/537.36 (KHTML, like Gecko) Chrome/31.0.1650.57 Safari/537.36"
127.0.0.1 - - [11/Mar/2014:09:32:31 +0530] "GET /publisher/api/cache/gadget HTTP/1.1" 200 89 "https://localhost:9443/publisher/assets/gadget/" "Mozilla/5.0 (X11; Linux x86_64) AppleWebKit/537.36 (KHTML, like Gecko) Chrome/31.0.1650.57 Safari/537.36"
127.0.0.1 - - [11/Mar/2014:09:32:35 +0530] "GET /publisher/api/cache/gadget HTTP/1.1" 200 89 "https://localhost:9443/publisher/assets/gadget/" "Mozilla/5.0 (X11; Linux x86_64) AppleWebKit/537.36 (KHTML, like Gecko) Chrome/31.0.1650.57 Safari/537.36"
127.0.0.1 - - [11/Mar/2014:09:32:39 +0530] "GET /publisher/api/cache/gadget HTTP/1.1" 200 89 "https://localhost:9443/publisher/assets/gadget/" "Mozilla/5.0 (X11; Linux x86_64) AppleWebKit/537.36 (KHTML, like Gecko) Chrome/31.0.1650.57 Safari/537.36"
127.0.0.1 - - [11/Mar/2014:09:32:43 +0530] "GET /publisher/api/cache/gadget HTTP/1.1" 200 89 "https://localhost:9443/publisher/assets/gadget/" "Mozilla/5.0 (X11; Linux x86_64) AppleWebKit/537.36 (KHTML, like Gecko) Chrome/31.0.1650.57 Safari/537.36"
127.0.0.1 - - [11/Mar/2014:09:32:47 +0530] "GET /publisher/api/cache/gadget HTTP/1.1" 200 89 "https://localhost:9443/publisher/assets/gadget/" "Mozilla/5.0 (X11; Linux x86_64) AppleWebKit/537.36 (KHTML, like Gecko) Chrome/31.0.1650.57 Safari/537.36"
127.0.0.1 - - [11/Mar/2014:09:32:51 +0530] "GET /publisher/api/cache/gadget HTTP/1.1" 200 89 "https://localhost:9443/publisher/assets/gadget/" "Mozilla/5.0 (X11; Linux x86_64) AppleWebKit/537.36 (KHTML, like Gecko) Chrome/31.0.1650.57 Safari/537.36"
127.0.0.1 - - [11/Mar/2014:09:32:55 +0530] "GET /publisher/api/cache/gadget HTTP/1.1" 200 89 "https://localhost:9443/publisher/assets/gadget/" "Mozilla/5.0 (X11; Linux x86_64) AppleWebKit/537.36 (KHTML, like Gecko) Chrome/31.0.1650.57 Safari/537.36"
127.0.0.1 - - [11/Mar/2014:09:32:59 +0530] "GET /publisher/api/cache/gadget HTTP/1.1" 200 89 "https://localhost:9443/publisher/assets/gadget/" "Mozilla/5.0 (X11; Linux x86_64) AppleWebKit/537.36 (KHTML, like Gecko) Chrome/31.0.1650.57 Safari/537.36"
127.0.0.1 - - [11/Mar/2014:09:33:03 +0530] "GET /publisher/api/cache/gadget HTTP/1.1" 200 89 "https://localhost:9443/publisher/assets/gadget/" "Mozilla/5.0 (X11; Linux x86_64) AppleWebKit/537.36 (KHTML, like Gecko) Chrome/31.0.1650.57 Safari/537.36"
127.0.0.1 - - [11/Mar/2014:09:33:07 +0530] "GET /publisher/api/cache/gadget HTTP/1.1" 200 89 "https://localhost:9443/publisher/assets/gadget/" "Mozilla/5.0 (X11; Linux x86_64) AppleWebKit/537.36 (KHTML, like Gecko) Chrome/31.0.1650.57 Safari/537.36"
127.0.0.1 - - [11/Mar/2014:09:33:11 +0530] "GET /publisher/api/cache/gadget HTTP/1.1" 200 89 "https://localhost:9443/publisher/assets/gadget/" "Mozilla/5.0 (X11; Linux x86_64) AppleWebKit/537.36 (KHTML, like Gecko) Chrome/31.0.1650.57 Safari/537.36"
127.0.0.1 - - [11/Mar/2014:09:33:15 +0530] "GET /publisher/api/cache/gadget HTTP/1.1" 200 89 "https://localhost:9443/publisher/assets/gadget/" "Mozilla/5.0 (X11; Linux x86_64) AppleWebKit/537.36 (KHTML, like Gecko) Chrome/31.0.1650.57 Safari/537.36"
10.100.4.52 - - [11/Mar/2014:09:33:16 +0530] "GET /admin/carbon/role/role-mgt.jsp?ordinal=1 HTTP/1.1" 200 5794 "https://10.100.4.52:9443/admin/carbon/role/add-step1.jsp?roleType=Internal" "Mozilla/5.0 (X11; Linux x86_64) AppleWebKit/537.36 (KHTML, like Gecko) Chrome/31.0.1650.57 Safari/537.36"
10.100.4.52 - - [11/Mar/2014:09:33:16 +0530] "GET /admin/carbon/admin/jsp/registry_styles_ajaxprocessor.jsp HTTP/1.1" 200 123 "https://10.100.4.52:9443/admin/carbon/role/role-mgt.jsp?ordinal=1" "Mozilla/5.0 (X11; Linux x86_64) AppleWebKit/537.36 (KHTML, like Gecko) Chrome/31.0.1650.57 Safari/537.36"
127.0.0.1 - - [11/Mar/2014:09:33:19 +0530] "GET /publisher/api/cache/gadget HTTP/1.1" 200 89 "https://localhost:9443/publisher/assets/gadget/" "Mozilla/5.0 (X11; Linux x86_64) AppleWebKit/537.36 (KHTML, like Gecko) Chrome/31.0.1650.57 Safari/537.36"
10.100.4.52 - - [11/Mar/2014:09:33:22 +0530] "GET /admin/carbon/role/add-step1.jsp?roleType=Internal HTTP/1.1" 200 5999 "https://10.100.4.52:9443/admin/carbon/role/role-mgt.jsp?ordinal=1" "Mozilla/5.0 (X11; Linux x86_64) AppleWebKit/537.36 (KHTML, like Gecko) Chrome/31.0.1650.57 Safari/537.36"
10.100.4.52 - - [11/Mar/2014:09:33:22 +0530] "GET /admin/carbon/admin/jsp/registry_styles_ajaxprocessor.jsp HTTP/1.1" 200 123 "https://10.100.4.52:9443/admin/carbon/role/add-step1.jsp?roleType=Internal" "Mozilla/5.0 (X11; Linux x86_64) AppleWebKit/537.36 (KHTML, like Gecko) Chrome/31.0.1650.57 Safari/537.36"
127.0.0.1 - - [11/Mar/2014:09:33:23 +0530] "GET /publisher/api/cache/gadget HTTP/1.1" 200 89 "https://localhost:9443/publisher/assets/gadget/" "Mozilla/5.0 (X11; Linux x86_64) AppleWebKit/537.36 (KHTML, like Gecko) Chrome/31.0.1650.57 Safari/537.36"
127.0.0.1 - - [11/Mar/2014:09:33:27 +0530] "GET /publisher/api/cache/gadget HTTP/1.1" 200 89 "https://localhost:9443/publisher/assets/gadget/" "Mozilla/5.0 (X11; Linux x86_64) AppleWebKit/537.36 (KHTML, like Gecko) Chrome/31.0.1650.57 Safari/537.36"
127.0.0.1 - - [11/Mar/2014:09:33:31 +0530] "GET /publisher/api/cache/gadget HTTP/1.1" 200 89 "https://localhost:9443/publisher/assets/gadget/" "Mozilla/5.0 (X11; Linux x86_64) AppleWebKit/537.36 (KHTML, like Gecko) Chrome/31.0.1650.57 Safari/537.36"
127.0.0.1 - - [11/Mar/2014:09:33:35 +0530] "GET /publisher/api/cache/gadget HTTP/1.1" 200 89 "https://localhost:9443/publisher/assets/gadget/" "Mozilla/5.0 (X11; Linux x86_64) AppleWebKit/537.36 (KHTML, like Gecko) Chrome/31.0.1650.57 Safari/537.36"
127.0.0.1 - - [11/Mar/2014:09:33:39 +0530] "GET /publisher/api/cache/gadget HTTP/1.1" 200 89 "https://localhost:9443/publisher/assets/gadget/" "Mozilla/5.0 (X11; Linux x86_64) AppleWebKit/537.36 (KHTML, like Gecko) Chrome/31.0.1650.57 Safari/537.36"
10.100.4.52 - - [11/Mar/2014:09:33:41 +0530] "GET /admin/carbon/dialog/css/jqueryui/images/dadada_40x100_textures_02_glass_75.png HTTP/1.1" 200 214 "https://10.100.4.52:9443/admin/carbon/role/add-step1.jsp?roleType=Internal" "Mozilla/5.0 (X11; Linux x86_64) AppleWebKit/537.36 (KHTML, like Gecko) Chrome/31.0.1650.57 Safari/537.36"
10.100.4.52 - - [11/Mar/2014:09:33:42 +0530] "GET /admin/carbon/dialog/css/jqueryui/images/ffffff_40x100_textures_02_glass_65.png HTTP/1.1" 200 207 "https://10.100.4.52:9443/admin/carbon/role/add-step1.jsp?roleType=Internal" "Mozilla/5.0 (X11; Linux x86_64) AppleWebKit/537.36 (KHTML, like Gecko) Chrome/31.0.1650.57 Safari/537.36"
127.0.0.1 - - [11/Mar/2014:09:33:43 +0530] "GET /publisher/api/cache/gadget HTTP/1.1" 200 89 "https://localhost:9443/publisher/assets/gadget/" "Mozilla/5.0 (X11; Linux x86_64) AppleWebKit/537.36 (KHTML, like Gecko) Chrome/31.0.1650.57 Safari/537.36"
127.0.0.1 - - [11/Mar/2014:09:33:47 +0530] "GET /publisher/api/cache/gadget HTTP/1.1" 200 89 "https://localhost:9443/publisher/assets/gadget/" "Mozilla/5.0 (X11; Linux x86_64) AppleWebKit/537.36 (KHTML, like Gecko) Chrome/31.0.1650.57 Safari/537.36"
127.0.0.1 - - [11/Mar/2014:09:33:51 +0530] "GET /publisher/api/cache/gadget HTTP/1.1" 200 89 "https://localhost:9443/publisher/assets/gadget/" "Mozilla/5.0 (X11; Linux x86_64) AppleWebKit/537.36 (KHTML, like Gecko) Chrome/31.0.1650.57 Safari/537.36"
127.0.0.1 - - [11/Mar/2014:09:33:55 +0530] "GET /publisher/api/cache/gadget HTTP/1.1" 200 89 "https://localhost:9443/publisher/assets/gadget/" "Mozilla/5.0 (X11; Linux x86_64) AppleWebKit/537.36 (KHTML, like Gecko) Chrome/31.0.1650.57 Safari/537.36"
127.0.0.1 - - [11/Mar/2014:09:33:59 +0530] "GET /publisher/api/cache/gadget HTTP/1.1" 200 89 "https://localhost:9443/publisher/assets/gadget/" "Mozilla/5.0 (X11; Linux x86_64) AppleWebKit/537.36 (KHTML, like Gecko) Chrome/31.0.1650.57 Safari/537.36"
127.0.0.1 - - [11/Mar/2014:09:34:03 +0530] "GET /publisher/api/cache/gadget HTTP/1.1" 200 89 "https://localhost:9443/publisher/assets/gadget/" "Mozilla/5.0 (X11; Linux x86_64) AppleWebKit/537.36 (KHTML, like Gecko) Chrome/31.0.1650.57 Safari/537.36"
10.100.4.52 - - [11/Mar/2014:09:34:07 +0530] "GET /admin/carbon/role/add-step1.jsp?roleType=Internal HTTP/1.1" 200 6000 "https://10.100.4.52:9443/admin/carbon/role/role-mgt.jsp?ordinal=1" "Mozilla/5.0 (X11; Linux x86_64) AppleWebKit/537.36 (KHTML, like Gecko) Chrome/31.0.1650.57 Safari/537.36"
10.100.4.52 - - [11/Mar/2014:09:34:07 +0530] "GET /admin/carbon/admin/css/global.css HTTP/1.1" 304 - "https://10.100.4.52:9443/admin/carbon/admin/login.jsp" "Mozilla/5.0 (X11; Linux x86_64) AppleWebKit/537.36 (KHTML, like Gecko) Chrome/31.0.1650.57 Safari/537.36"
10.100.4.52 - - [11/Mar/2014:09:34:07 +0530] "GET /admin/carbon/admin/jsp/registry_styles_ajaxprocessor.jsp HTTP/1.1" 200 123 "https://10.100.4.52:9443/admin/carbon/role/add-step1.jsp?roleType=Internal" "Mozilla/5.0 (X11; Linux x86_64) AppleWebKit/537.36 (KHTML, like Gecko) Chrome/31.0.1650.57 Safari/537.36"
10.100.4.52 - - [11/Mar/2014:09:34:07 +0530] "GET /admin/carbon/admin/css/carbonFormStyles.css HTTP/1.1" 304 - "https://10.100.4.52:9443/admin/carbon/admin/login.jsp" "Mozilla/5.0 (X11; Linux x86_64) AppleWebKit/537.36 (KHTML, like Gecko) Chrome/31.0.1650.57 Safari/537.36"
10.100.4.52 - - [11/Mar/2014:09:34:07 +0530] "GET /admin/carbon/styles/css/main.css HTTP/1.1" 304 - "https://10.100.4.52:9443/admin/carbon/admin/login.jsp" "Mozilla/5.0 (X11; Linux x86_64) AppleWebKit/537.36 (KHTML, like Gecko) Chrome/31.0.1650.57 Safari/537.36"
10.100.4.52 - - [11/Mar/2014:09:34:07 +0530] "GET /admin/carbon/dialog/css/jqueryui/jqueryui-themeroller.css HTTP/1.1" 304 - "https://10.100.4.52:9443/admin/carbon/admin/login.jsp" "Mozilla/5.0 (X11; Linux x86_64) AppleWebKit/537.36 (KHTML, like Gecko) Chrome/31.0.1650.57 Safari/537.36"
10.100.4.52 - - [11/Mar/2014:09:34:07 +0530] "GET /admin/carbon/dialog/css/dialog.css HTTP/1.1" 304 - "https://10.100.4.52:9443/admin/carbon/admin/login.jsp" "Mozilla/5.0 (X11; Linux x86_64) AppleWebKit/537.36 (KHTML, like Gecko) Chrome/31.0.1650.57 Safari/537.36"
10.100.4.52 - - [11/Mar/2014:09:34:07 +0530] "GET /admin/carbon/admin/js/jquery.form.js HTTP/1.1" 304 - "https://10.100.4.52:9443/admin/carbon/admin/login.jsp" "Mozilla/5.0 (X11; Linux x86_64) AppleWebKit/537.36 (KHTML, like Gecko) Chrome/31.0.1650.57 Safari/537.36"
10.100.4.52 - - [11/Mar/2014:09:34:07 +0530] "GET /admin/carbon/admin/js/jquery.validate.js HTTP/1.1" 304 - "https://10.100.4.52:9443/admin/carbon/userstore/index.jsp?region=region1&item=userstores_menu" "Mozilla/5.0 (X11; Linux x86_64) AppleWebKit/537.36 (KHTML, like Gecko) Chrome/31.0.1650.57 Safari/537.36"
10.100.4.52 - - [11/Mar/2014:09:34:07 +0530] "GET /admin/carbon/admin/js/jquery.ui.core.min.js HTTP/1.1" 304 - "https://10.100.4.52:9443/admin/carbon/admin/login.jsp" "Mozilla/5.0 (X11; Linux x86_64) AppleWebKit/537.36 (KHTML, like Gecko) Chrome/31.0.1650.57 Safari/537.36"
10.100.4.52 - - [11/Mar/2014:09:34:07 +0530] "GET /admin/carbon/admin/js/WSRequest.js HTTP/1.1" 304 - "https://10.100.4.52:9443/admin/carbon/admin/login.jsp" "Mozilla/5.0 (X11; Linux x86_64) AppleWebKit/537.36 (KHTML, like Gecko) Chrome/31.0.1650.57 Safari/537.36"
10.100.4.52 - - [11/Mar/2014:09:34:07 +0530] "GET /admin/carbon/admin/js/cookies.js HTTP/1.1" 304 - "https://10.100.4.52:9443/admin/carbon/admin/login.jsp" "Mozilla/5.0 (X11; Linux x86_64) AppleWebKit/537.36 (KHTML, like Gecko) Chrome/31.0.1650.57 Safari/537.36"
10.100.4.52 - - [11/Mar/2014:09:34:07 +0530] "GET /admin/carbon/admin/js/jquery.ui.tabs.min.js HTTP/1.1" 304 - "https://10.100.4.52:9443/admin/carbon/admin/login.jsp" "Mozilla/5.0 (X11; Linux x86_64) AppleWebKit/537.36 (KHTML, like Gecko) Chrome/31.0.1650.57 Safari/537.36"
10.100.4.52 - - [11/Mar/2014:09:34:07 +0530] "GET /admin/carbon/admin/js/jquery-1.5.2.min.js HTTP/1.1" 304 - "https://10.100.4.52:9443/admin/carbon/userstore/index.jsp?region=region1&item=userstores_menu" "Mozilla/5.0 (X11; Linux x86_64) AppleWebKit/537.36 (KHTML, like Gecko) Chrome/31.0.1650.57 Safari/537.36"
10.100.4.52 - - [11/Mar/2014:09:34:07 +0530] "GET /admin/carbon/admin/js/main.js HTTP/1.1" 304 - "https://10.100.4.52:9443/admin/carbon/admin/login.jsp" "Mozilla/5.0 (X11; Linux x86_64) AppleWebKit/537.36 (KHTML, like Gecko) Chrome/31.0.1650.57 Safari/537.36"
10.100.4.52 - - [11/Mar/2014:09:34:07 +0530] "GET /admin/carbon/dialog/js/jqueryui/jquery-ui.min.js HTTP/1.1" 304 - "https://10.100.4.52:9443/admin/carbon/userstore/index.jsp?region=region1&item=userstores_menu" "Mozilla/5.0 (X11; Linux x86_64) AppleWebKit/537.36 (KHTML, like Gecko) Chrome/31.0.1650.57 Safari/537.36"
10.100.4.52 - - [11/Mar/2014:09:34:07 +0530] "GET /admin/carbon/admin/js/jquery.cookie.js HTTP/1.1" 304 - "https://10.100.4.52:9443/admin/carbon/admin/login.jsp" "Mozilla/5.0 (X11; Linux x86_64) AppleWebKit/537.36 (KHTML, like Gecko) Chrome/31.0.1650.57 Safari/537.36"
10.100.4.52 - - [11/Mar/2014:09:34:07 +0530] "GET /admin/carbon/admin/js/jquery.ui.widget.min.js HTTP/1.1" 304 - "https://10.100.4.52:9443/admin/carbon/admin/login.jsp" "Mozilla/5.0 (X11; Linux x86_64) AppleWebKit/537.36 (KHTML, like Gecko) Chrome/31.0.1650.57 Safari/537.36"
10.100.4.52 - - [11/Mar/2014:09:34:07 +0530] "GET /admin/carbon/dialog/js/dialog.js HTTP/1.1" 304 - "https://10.100.4.52:9443/admin/carbon/admin/login.jsp" "Mozilla/5.0 (X11; Linux x86_64) AppleWebKit/537.36 (KHTML, like Gecko) Chrome/31.0.1650.57 Safari/537.36"
10.100.4.52 - - [11/Mar/2014:09:34:07 +0530] "GET /admin/carbon/admin/js/customControls.js HTTP/1.1" 304 - "https://10.100.4.52:9443/admin/carbon/admin/login.jsp" "Mozilla/5.0 (X11; Linux x86_64) AppleWebKit/537.36 (KHTML, like Gecko) Chrome/31.0.1650.57 Safari/537.36"
10.100.4.52 - - [11/Mar/2014:09:34:07 +0530] "GET /admin/carbon/yui/build/yahoo/yahoo-min.js HTTP/1.1" 304 - "https://10.100.4.52:9443/admin/carbon/admin/login.jsp" "Mozilla/5.0 (X11; Linux x86_64) AppleWebKit/537.36 (KHTML, like Gecko) Chrome/31.0.1650.57 Safari/537.36"
10.100.4.52 - - [11/Mar/2014:09:34:07 +0530] "GET /admin/carbon/yui/build/animation/animation-min.js HTTP/1.1" 304 - "https://10.100.4.52:9443/admin/carbon/admin/login.jsp" "Mozilla/5.0 (X11; Linux x86_64) AppleWebKit/537.36 (KHTML, like Gecko) Chrome/31.0.1650.57 Safari/537.36"
10.100.4.52 - - [11/Mar/2014:09:34:07 +0530] "GET /admin/carbon/admin/js/template.js HTTP/1.1" 304 - "https://10.100.4.52:9443/admin/carbon/admin/login.jsp" "Mozilla/5.0 (X11; Linux x86_64) AppleWebKit/537.36 (KHTML, like Gecko) Chrome/31.0.1650.57 Safari/537.36"
10.100.4.52 - - [11/Mar/2014:09:34:07 +0530] "GET /admin/carbon/yui/build/yahoo-dom-event/yahoo-dom-event.js HTTP/1.1" 304 - "https://10.100.4.52:9443/admin/carbon/admin/login.jsp" "Mozilla/5.0 (X11; Linux x86_64) AppleWebKit/537.36 (KHTML, like Gecko) Chrome/31.0.1650.57 Safari/537.36"
10.100.4.52 - - [11/Mar/2014:09:34:07 +0530] "GET /admin/carbon/admin/images/1px.gif HTTP/1.1" 304 - "https://10.100.4.52:9443/admin/carbon/admin/login.jsp" "Mozilla/5.0 (X11; Linux x86_64) AppleWebKit/537.36 (KHTML, like Gecko) Chrome/31.0.1650.57 Safari/537.36"
10.100.4.52 - - [11/Mar/2014:09:34:07 +0530] "GET /admin/carbon/yui/build/selector/selector-min.js HTTP/1.1" 304 - "https://10.100.4.52:9443/admin/carbon/admin/login.jsp" "Mozilla/5.0 (X11; Linux x86_64) AppleWebKit/537.36 (KHTML, like Gecko) Chrome/31.0.1650.57 Safari/537.36"
10.100.4.52 - - [11/Mar/2014:09:34:07 +0530] "GET /admin/carbon/userstore/extensions/js/vui.js HTTP/1.1" 304 - "https://10.100.4.52:9443/admin/carbon/role/role-mgt.jsp" "Mozilla/5.0 (X11; Linux x86_64) AppleWebKit/537.36 (KHTML, like Gecko) Chrome/31.0.1650.57 Safari/537.36"
10.100.4.52 - - [11/Mar/2014:09:34:07 +0530] "GET /admin/carbon/admin/images/up-arrow.gif HTTP/1.1" 304 - "https://10.100.4.52:9443/admin/carbon/admin/index.jsp?loginStatus=true" "Mozilla/5.0 (X11; Linux x86_64) AppleWebKit/537.36 (KHTML, like Gecko) Chrome/31.0.1650.57 Safari/537.36"
10.100.4.52 - - [11/Mar/2014:09:34:07 +0530] "GET /admin/carbon/userstore/images/user-store.gif HTTP/1.1" 304 - "https://10.100.4.52:9443/admin/carbon/admin/index.jsp?loginStatus=true" "Mozilla/5.0 (X11; Linux x86_64) AppleWebKit/537.36 (KHTML, like Gecko) Chrome/31.0.1650.57 Safari/537.36"
10.100.4.52 - - [11/Mar/2014:09:34:07 +0530] "GET /admin/carbon/userstore_config/images/multiple-user-stores.png HTTP/1.1" 304 - "https://10.100.4.52:9443/admin/carbon/admin/index.jsp?loginStatus=true" "Mozilla/5.0 (X11; Linux x86_64) AppleWebKit/537.36 (KHTML, like Gecko) Chrome/31.0.1650.57 Safari/537.36"
10.100.4.52 - - [11/Mar/2014:09:34:07 +0530] "GET /admin/carbon/tenant-mgt/images/multi_tenancy.png HTTP/1.1" 304 - "https://10.100.4.52:9443/admin/carbon/admin/index.jsp?loginStatus=true" "Mozilla/5.0 (X11; Linux x86_64) AppleWebKit/537.36 (KHTML, like Gecko) Chrome/31.0.1650.57 Safari/537.36"
10.100.4.52 - - [11/Mar/2014:09:34:07 +0530] "GET /admin/carbon/roles-mgt/images/server-role.gif HTTP/1.1" 304 - "https://10.100.4.52:9443/admin/carbon/admin/index.jsp?loginStatus=true" "Mozilla/5.0 (X11; Linux x86_64) AppleWebKit/537.36 (KHTML, like Gecko) Chrome/31.0.1650.57 Safari/537.36"
10.100.4.52 - - [11/Mar/2014:09:34:07 +0530] "GET /admin/carbon/tenant-mgt/images/services.gif HTTP/1.1" 304 - "https://10.100.4.52:9443/admin/carbon/admin/index.jsp?loginStatus=true" "Mozilla/5.0 (X11; Linux x86_64) AppleWebKit/537.36 (KHTML, like Gecko) Chrome/31.0.1650.57 Safari/537.36"
10.100.4.52 - - [11/Mar/2014:09:34:07 +0530] "GET /admin/carbon/keystoremgt/images/keystore.gif HTTP/1.1" 304 - "https://10.100.4.52:9443/admin/carbon/admin/index.jsp?loginStatus=true" "Mozilla/5.0 (X11; Linux x86_64) AppleWebKit/537.36 (KHTML, like Gecko) Chrome/31.0.1650.57 Safari/537.36"
10.100.4.52 - - [11/Mar/2014:09:34:07 +0530] "GET /admin/carbon/feature-mgt/images/comp-manager.gif HTTP/1.1" 304 - "https://10.100.4.52:9443/admin/carbon/admin/index.jsp?loginStatus=true" "Mozilla/5.0 (X11; Linux x86_64) AppleWebKit/537.36 (KHTML, like Gecko) Chrome/31.0.1650.57 Safari/537.36"
10.100.4.52 - - [11/Mar/2014:09:34:07 +0530] "GET /admin/carbon/webapp-list/images/application.png HTTP/1.1" 304 - "https://10.100.4.52:9443/admin/carbon/admin/index.jsp?loginStatus=true" "Mozilla/5.0 (X11; Linux x86_64) AppleWebKit/537.36 (KHTML, like Gecko) Chrome/31.0.1650.57 Safari/537.36"
10.100.4.52 - - [11/Mar/2014:09:34:07 +0530] "GET /admin/carbon/webapp-list/images/list.gif HTTP/1.1" 304 - "https://10.100.4.52:9443/admin/carbon/admin/index.jsp?loginStatus=true" "Mozilla/5.0 (X11; Linux x86_64) AppleWebKit/537.36 (KHTML, like Gecko) Chrome/31.0.1650.57 Safari/537.36"
10.100.4.52 - - [11/Mar/2014:09:34:07 +0530] "GET /admin/carbon/webapp-list/images/add.gif HTTP/1.1" 304 - "https://10.100.4.52:9443/admin/carbon/admin/index.jsp?loginStatus=true" "Mozilla/5.0 (X11; Linux x86_64) AppleWebKit/537.36 (KHTML, like Gecko) Chrome/31.0.1650.57 Safari/537.36"
10.100.4.52 - - [11/Mar/2014:09:34:07 +0530] "GET /admin/carbon/jaggeryapp-mgt/images/webapps.gif HTTP/1.1" 304 - "https://10.100.4.52:9443/admin/carbon/admin/index.jsp?loginStatus=true" "Mozilla/5.0 (X11; Linux x86_64) AppleWebKit/537.36 (KHTML, like Gecko) Chrome/31.0.1650.57 Safari/537.36"
10.100.4.52 - - [11/Mar/2014:09:34:07 +0530] "GET /admin/carbon/tenant-mgt/images/services1.gif HTTP/1.1" 304 - "https://10.100.4.52:9443/admin/carbon/admin/index.jsp?loginStatus=true" "Mozilla/5.0 (X11; Linux x86_64) AppleWebKit/537.36 (KHTML, like Gecko) Chrome/31.0.1650.57 Safari/537.36"
10.100.4.52 - - [11/Mar/2014:09:34:07 +0530] "GET /admin/carbon/jax-webapp-mgt/images/jax_type.gif HTTP/1.1" 304 - "https://10.100.4.52:9443/admin/carbon/admin/index.jsp?loginStatus=true" "Mozilla/5.0 (X11; Linux x86_64) AppleWebKit/537.36 (KHTML, like Gecko) Chrome/31.0.1650.57 Safari/537.36"
10.100.4.52 - - [11/Mar/2014:09:34:07 +0530] "GET /admin/carbon/eventing/images/add.gif HTTP/1.1" 304 - "https://10.100.4.52:9443/admin/carbon/admin/index.jsp?loginStatus=true" "Mozilla/5.0 (X11; Linux x86_64) AppleWebKit/537.36 (KHTML, like Gecko) Chrome/31.0.1650.57 Safari/537.36"
10.100.4.52 - - [11/Mar/2014:09:34:07 +0530] "GET /admin/carbon/eventing/images/topics.gif HTTP/1.1" 304 - "https://10.100.4.52:9443/admin/carbon/admin/index.jsp?loginStatus=true" "Mozilla/5.0 (X11; Linux x86_64) AppleWebKit/537.36 (KHTML, like Gecko) Chrome/31.0.1650.57 Safari/537.36"
10.100.4.52 - - [11/Mar/2014:09:34:07 +0530] "GET /admin/carbon/cassandramgt/images/cassandra-keyspace.png HTTP/1.1" 304 - "https://10.100.4.52:9443/admin/carbon/admin/index.jsp?loginStatus=true" "Mozilla/5.0 (X11; Linux x86_64) AppleWebKit/537.36 (KHTML, like Gecko) Chrome/31.0.1650.57 Safari/537.36"
10.100.4.52 - - [11/Mar/2014:09:34:07 +0530] "GET /admin/carbon/eventing/images/list.gif HTTP/1.1" 304 - "https://10.100.4.52:9443/admin/carbon/admin/index.jsp?loginStatus=true" "Mozilla/5.0 (X11; Linux x86_64) AppleWebKit/537.36 (KHTML, like Gecko) Chrome/31.0.1650.57 Safari/537.36"
10.100.4.52 - - [11/Mar/2014:09:34:07 +0530] "GET /admin/carbon/sso-saml/images/sso.gif HTTP/1.1" 304 - "https://10.100.4.52:9443/admin/carbon/admin/index.jsp?loginStatus=true" "Mozilla/5.0 (X11; Linux x86_64) AppleWebKit/537.36 (KHTML, like Gecko) Chrome/31.0.1650.57 Safari/537.36"
10.100.4.52 - - [11/Mar/2014:09:34:07 +0530] "GET /admin/carbon/cassandramgt/images/list.gif HTTP/1.1" 304 - "https://10.100.4.52:9443/admin/carbon/admin/index.jsp?loginStatus=true" "Mozilla/5.0 (X11; Linux x86_64) AppleWebKit/537.36 (KHTML, like Gecko) Chrome/31.0.1650.57 Safari/537.36"
10.100.4.52 - - [11/Mar/2014:09:34:07 +0530] "GET /admin/carbon/cassandramgt/images/add.gif HTTP/1.1" 304 - "https://10.100.4.52:9443/admin/carbon/admin/index.jsp?loginStatus=true" "Mozilla/5.0 (X11; Linux x86_64) AppleWebKit/537.36 (KHTML, like Gecko) Chrome/31.0.1650.57 Safari/537.36"
10.100.4.52 - - [11/Mar/2014:09:34:07 +0530] "GET /admin/carbon/resources/images/config.gif HTTP/1.1" 304 - "https://10.100.4.52:9443/admin/carbon/admin/index.jsp?loginStatus=true" "Mozilla/5.0 (X11; Linux x86_64) AppleWebKit/537.36 (KHTML, like Gecko) Chrome/31.0.1650.57 Safari/537.36"
10.100.4.52 - - [11/Mar/2014:09:34:07 +0530] "GET /admin/carbon/server-admin/images/restart.gif HTTP/1.1" 304 - "https://10.100.4.52:9443/admin/carbon/admin/index.jsp?loginStatus=true" "Mozilla/5.0 (X11; Linux x86_64) AppleWebKit/537.36 (KHTML, like Gecko) Chrome/31.0.1650.57 Safari/537.36"
10.100.4.52 - - [11/Mar/2014:09:34:07 +0530] "GET /admin/carbon/lcm/images/lcm.gif HTTP/1.1" 304 - "https://10.100.4.52:9443/admin/carbon/admin/index.jsp?loginStatus=true" "Mozilla/5.0 (X11; Linux x86_64) AppleWebKit/537.36 (KHTML, like Gecko) Chrome/31.0.1650.57 Safari/537.36"
10.100.4.52 - - [11/Mar/2014:09:34:07 +0530] "GET /admin/carbon/images/add.gif HTTP/1.1" 304 - "https://10.100.4.52:9443/admin/carbon/admin/index.jsp?loginStatus=true" "Mozilla/5.0 (X11; Linux x86_64) AppleWebKit/537.36 (KHTML, like Gecko) Chrome/31.0.1650.57 Safari/537.36"
10.100.4.52 - - [11/Mar/2014:09:34:07 +0530] "GET /admin/carbon/images/list.gif HTTP/1.1" 304 - "https://10.100.4.52:9443/admin/carbon/admin/index.jsp?loginStatus=true" "Mozilla/5.0 (X11; Linux x86_64) AppleWebKit/537.36 (KHTML, like Gecko) Chrome/31.0.1650.57 Safari/537.36"
10.100.4.52 - - [11/Mar/2014:09:34:07 +0530] "GET /admin/carbon/resources/images/resources.gif HTTP/1.1" 304 - "https://10.100.4.52:9443/admin/carbon/admin/index.jsp?loginStatus=true" "Mozilla/5.0 (X11; Linux x86_64) AppleWebKit/537.36 (KHTML, like Gecko) Chrome/31.0.1650.57 Safari/537.36"
10.100.4.52 - - [11/Mar/2014:09:34:07 +0530] "GET /admin/carbon/generic/images/rxt.png HTTP/1.1" 304 - "https://10.100.4.52:9443/admin/carbon/admin/index.jsp?loginStatus=true" "Mozilla/5.0 (X11; Linux x86_64) AppleWebKit/537.36 (KHTML, like Gecko) Chrome/31.0.1650.57 Safari/537.36"
10.100.4.52 - - [11/Mar/2014:09:34:07 +0530] "GET /admin/carbon/search/images/search-top.png HTTP/1.1" 304 - "https://10.100.4.52:9443/admin/carbon/admin/index.jsp?loginStatus=true" "Mozilla/5.0 (X11; Linux x86_64) AppleWebKit/537.36 (KHTML, like Gecko) Chrome/31.0.1650.57 Safari/537.36"
10.100.4.52 - - [11/Mar/2014:09:34:07 +0530] "GET /admin/carbon/generic/images/list29.png HTTP/1.1" 304 - "https://10.100.4.52:9443/admin/carbon/admin/index.jsp?loginStatus=true" "Mozilla/5.0 (X11; Linux x86_64) AppleWebKit/537.36 (KHTML, like Gecko) Chrome/31.0.1650.57 Safari/537.36"
10.100.4.52 - - [11/Mar/2014:09:34:07 +0530] "GET /admin/carbon/generic/images/list30.png HTTP/1.1" 304 - "https://10.100.4.52:9443/admin/carbon/admin/index.jsp?loginStatus=true" "Mozilla/5.0 (X11; Linux x86_64) AppleWebKit/537.36 (KHTML, like Gecko) Chrome/31.0.1650.57 Safari/537.36"
10.100.4.52 - - [11/Mar/2014:09:34:07 +0530] "GET /admin/carbon/generic/images/list10.png HTTP/1.1" 304 - "https://10.100.4.52:9443/admin/carbon/admin/index.jsp?loginStatus=true" "Mozilla/5.0 (X11; Linux x86_64) AppleWebKit/537.36 (KHTML, like Gecko) Chrome/31.0.1650.57 Safari/537.36"
10.100.4.52 - - [11/Mar/2014:09:34:07 +0530] "GET /admin/carbon/generic/images/list27.png HTTP/1.1" 304 - "https://10.100.4.52:9443/admin/carbon/admin/index.jsp?loginStatus=true" "Mozilla/5.0 (X11; Linux x86_64) AppleWebKit/537.36 (KHTML, like Gecko) Chrome/31.0.1650.57 Safari/537.36"
10.100.4.52 - - [11/Mar/2014:09:34:07 +0530] "GET /admin/carbon/generic/images/list11.png HTTP/1.1" 304 - "https://10.100.4.52:9443/admin/carbon/admin/index.jsp?loginStatus=true" "Mozilla/5.0 (X11; Linux x86_64) AppleWebKit/537.36 (KHTML, like Gecko) Chrome/31.0.1650.57 Safari/537.36"
10.100.4.52 - - [11/Mar/2014:09:34:07 +0530] "GET /admin/carbon/generic/images/list28.png HTTP/1.1" 304 - "https://10.100.4.52:9443/admin/carbon/admin/index.jsp?loginStatus=true" "Mozilla/5.0 (X11; Linux x86_64) AppleWebKit/537.36 (KHTML, like Gecko) Chrome/31.0.1650.57 Safari/537.36"
10.100.4.52 - - [11/Mar/2014:09:34:07 +0530] "GET /admin/carbon/generic/images/add10.png HTTP/1.1" 304 - "https://10.100.4.52:9443/admin/carbon/admin/index.jsp?loginStatus=true" "Mozilla/5.0 (X11; Linux x86_64) AppleWebKit/537.36 (KHTML, like Gecko) Chrome/31.0.1650.57 Safari/537.36"
10.100.4.52 - - [11/Mar/2014:09:34:07 +0530] "GET /admin/carbon/generic/images/add30.png HTTP/1.1" 304 - "https://10.100.4.52:9443/admin/carbon/admin/index.jsp?loginStatus=true" "Mozilla/5.0 (X11; Linux x86_64) AppleWebKit/537.36 (KHTML, like Gecko) Chrome/31.0.1650.57 Safari/537.36"
10.100.4.52 - - [11/Mar/2014:09:34:07 +0530] "GET /admin/carbon/generic/images/add11.png HTTP/1.1" 304 - "https://10.100.4.52:9443/admin/carbon/admin/index.jsp?loginStatus=true" "Mozilla/5.0 (X11; Linux x86_64) AppleWebKit/537.36 (KHTML, like Gecko) Chrome/31.0.1650.57 Safari/537.36"
10.100.4.52 - - [11/Mar/2014:09:34:07 +0530] "GET /admin/carbon/generic/images/add27.png HTTP/1.1" 304 - "https://10.100.4.52:9443/admin/carbon/admin/index.jsp?loginStatus=true" "Mozilla/5.0 (X11; Linux x86_64) AppleWebKit/537.36 (KHTML, like Gecko) Chrome/31.0.1650.57 Safari/537.36"
10.100.4.52 - - [11/Mar/2014:09:34:07 +0530] "GET /admin/carbon/generic/images/add28.png HTTP/1.1" 304 - "https://10.100.4.52:9443/admin/carbon/admin/index.jsp?loginStatus=true" "Mozilla/5.0 (X11; Linux x86_64) AppleWebKit/537.36 (KHTML, like Gecko) Chrome/31.0.1650.57 Safari/537.36"
10.100.4.52 - - [11/Mar/2014:09:34:07 +0530] "GET /admin/carbon/generic/images/add29.png HTTP/1.1" 304 - "https://10.100.4.52:9443/admin/carbon/admin/index.jsp?loginStatus=true" "Mozilla/5.0 (X11; Linux x86_64) AppleWebKit/537.36 (KHTML, like Gecko) Chrome/31.0.1650.57 Safari/537.36"
10.100.4.52 - - [11/Mar/2014:09:34:07 +0530] "GET /admin/carbon/cassandraexplorer/images/connect.png HTTP/1.1" 304 - "https://10.100.4.52:9443/admin/carbon/admin/index.jsp?loginStatus=true" "Mozilla/5.0 (X11; Linux x86_64) AppleWebKit/537.36 (KHTML, like Gecko) Chrome/31.0.1650.57 Safari/537.36"
10.100.4.52 - - [11/Mar/2014:09:34:07 +0530] "GET /admin/carbon/cassandraexplorer/images/explorer.png HTTP/1.1" 304 - "https://10.100.4.52:9443/admin/carbon/admin/index.jsp?loginStatus=true" "Mozilla/5.0 (X11; Linux x86_64) AppleWebKit/537.36 (KHTML, like Gecko) Chrome/31.0.1650.57 Safari/537.36"
10.100.4.52 - - [11/Mar/2014:09:34:07 +0530] "GET /admin/carbon/cassandraexplorer/images/keyspaces_list.png HTTP/1.1" 304 - "https://10.100.4.52:9443/admin/carbon/admin/index.jsp?loginStatus=true" "Mozilla/5.0 (X11; Linux x86_64) AppleWebKit/537.36 (KHTML, like Gecko) Chrome/31.0.1650.57 Safari/537.36"
10.100.4.52 - - [11/Mar/2014:09:34:07 +0530] "GET /admin/carbon/admin/images/favicon.ico HTTP/1.1" 200 9889 "-" "Mozilla/5.0 (X11; Linux x86_64) AppleWebKit/537.36 (KHTML, like Gecko) Chrome/31.0.1650.57 Safari/537.36"
127.0.0.1 - - [11/Mar/2014:09:34:07 +0530] "GET /publisher/api/cache/gadget HTTP/1.1" 200 89 "https://localhost:9443/publisher/assets/gadget/" "Mozilla/5.0 (X11; Linux x86_64) AppleWebKit/537.36 (KHTML, like Gecko) Chrome/31.0.1650.57 Safari/537.36"
10.100.4.52 - - [11/Mar/2014:09:34:09 +0530] "GET /admin/carbon/userstore/index.jsp?region=region1&item=userstores_menu HTTP/1.1" 200 5198 "https://10.100.4.52:9443/admin/carbon/role/add-step1.jsp?roleType=Internal" "Mozilla/5.0 (X11; Linux x86_64) AppleWebKit/537.36 (KHTML, like Gecko) Chrome/31.0.1650.57 Safari/537.36"
10.100.4.52 - - [11/Mar/2014:09:34:10 +0530] "GET /admin/carbon/admin/jsp/registry_styles_ajaxprocessor.jsp HTTP/1.1" 200 123 "https://10.100.4.52:9443/admin/carbon/userstore/index.jsp?region=region1&item=userstores_menu" "Mozilla/5.0 (X11; Linux x86_64) AppleWebKit/537.36 (KHTML, like Gecko) Chrome/31.0.1650.57 Safari/537.36"
10.100.4.52 - - [11/Mar/2014:09:34:10 +0530] "GET /admin/carbon/userstore/extensions/core/js/vui.js HTTP/1.1" 404 1075 "https://10.100.4.52:9443/admin/carbon/userstore/index.jsp?region=region1&item=userstores_menu" "Mozilla/5.0 (X11; Linux x86_64) AppleWebKit/537.36 (KHTML, like Gecko) Chrome/31.0.1650.57 Safari/537.36"
10.100.4.52 - - [11/Mar/2014:09:34:11 +0530] "GET /admin/carbon/role/role-mgt.jsp HTTP/1.1" 200 5794 "https://10.100.4.52:9443/admin/carbon/userstore/index.jsp?region=region1&item=userstores_menu" "Mozilla/5.0 (X11; Linux x86_64) AppleWebKit/537.36 (KHTML, like Gecko) Chrome/31.0.1650.57 Safari/537.36"
127.0.0.1 - - [11/Mar/2014:09:34:11 +0530] "GET /publisher/api/cache/gadget HTTP/1.1" 200 89 "https://localhost:9443/publisher/assets/gadget/" "Mozilla/5.0 (X11; Linux x86_64) AppleWebKit/537.36 (KHTML, like Gecko) Chrome/31.0.1650.57 Safari/537.36"
10.100.4.52 - - [11/Mar/2014:09:34:11 +0530] "GET /admin/carbon/admin/jsp/registry_styles_ajaxprocessor.jsp HTTP/1.1" 200 123 "https://10.100.4.52:9443/admin/carbon/role/role-mgt.jsp" "Mozilla/5.0 (X11; Linux x86_64) AppleWebKit/537.36 (KHTML, like Gecko) Chrome/31.0.1650.57 Safari/537.36"
10.100.4.52 - - [11/Mar/2014:09:34:13 +0530] "GET /admin/carbon/userstore/index.jsp?region=region1&item=userstores_menu HTTP/1.1" 200 5198 "https://10.100.4.52:9443/admin/carbon/role/role-mgt.jsp" "Mozilla/5.0 (X11; Linux x86_64) AppleWebKit/537.36 (KHTML, like Gecko) Chrome/31.0.1650.57 Safari/537.36"
10.100.4.52 - - [11/Mar/2014:09:34:13 +0530] "GET /admin/carbon/admin/jsp/registry_styles_ajaxprocessor.jsp HTTP/1.1" 200 123 "https://10.100.4.52:9443/admin/carbon/userstore/index.jsp?region=region1&item=userstores_menu" "Mozilla/5.0 (X11; Linux x86_64) AppleWebKit/537.36 (KHTML, like Gecko) Chrome/31.0.1650.57 Safari/537.36"
10.100.4.52 - - [11/Mar/2014:09:34:13 +0530] "GET /admin/carbon/userstore/extensions/core/js/vui.js HTTP/1.1" 404 1075 "https://10.100.4.52:9443/admin/carbon/userstore/index.jsp?region=region1&item=userstores_menu" "Mozilla/5.0 (X11; Linux x86_64) AppleWebKit/537.36 (KHTML, like Gecko) Chrome/31.0.1650.57 Safari/537.36"
127.0.0.1 - - [11/Mar/2014:09:34:15 +0530] "GET /publisher/api/cache/gadget HTTP/1.1" 200 89 "https://localhost:9443/publisher/assets/gadget/" "Mozilla/5.0 (X11; Linux x86_64) AppleWebKit/537.36 (KHTML, like Gecko) Chrome/31.0.1650.57 Safari/537.36"
127.0.0.1 - - [11/Mar/2014:09:34:19 +0530] "GET /publisher/api/cache/gadget HTTP/1.1" 200 89 "https://localhost:9443/publisher/assets/gadget/" "Mozilla/5.0 (X11; Linux x86_64) AppleWebKit/537.36 (KHTML, like Gecko) Chrome/31.0.1650.57 Safari/537.36"
127.0.0.1 - - [11/Mar/2014:09:34:23 +0530] "GET /publisher/api/cache/gadget HTTP/1.1" 200 89 "https://localhost:9443/publisher/assets/gadget/" "Mozilla/5.0 (X11; Linux x86_64) AppleWebKit/537.36 (KHTML, like Gecko) Chrome/31.0.1650.57 Safari/537.36"
127.0.0.1 - - [11/Mar/2014:09:34:27 +0530] "GET /publisher/api/cache/gadget HTTP/1.1" 200 89 "https://localhost:9443/publisher/assets/gadget/" "Mozilla/5.0 (X11; Linux x86_64) AppleWebKit/537.36 (KHTML, like Gecko) Chrome/31.0.1650.57 Safari/537.36"
127.0.0.1 - - [11/Mar/2014:09:34:31 +0530] "GET /publisher/api/cache/gadget HTTP/1.1" 200 89 "https://localhost:9443/publisher/assets/gadget/" "Mozilla/5.0 (X11; Linux x86_64) AppleWebKit/537.36 (KHTML, like Gecko) Chrome/31.0.1650.57 Safari/537.36"
127.0.0.1 - - [11/Mar/2014:09:34:35 +0530] "GET /publisher/api/cache/gadget HTTP/1.1" 200 89 "https://localhost:9443/publisher/assets/gadget/" "Mozilla/5.0 (X11; Linux x86_64) AppleWebKit/537.36 (KHTML, like Gecko) Chrome/31.0.1650.57 Safari/537.36"
127.0.0.1 - - [11/Mar/2014:09:34:39 +0530] "GET /publisher/api/cache/gadget HTTP/1.1" 200 89 "https://localhost:9443/publisher/assets/gadget/" "Mozilla/5.0 (X11; Linux x86_64) AppleWebKit/537.36 (KHTML, like Gecko) Chrome/31.0.1650.57 Safari/537.36"
127.0.0.1 - - [11/Mar/2014:09:34:43 +0530] "GET /publisher/api/cache/gadget HTTP/1.1" 200 89 "https://localhost:9443/publisher/assets/gadget/" "Mozilla/5.0 (X11; Linux x86_64) AppleWebKit/537.36 (KHTML, like Gecko) Chrome/31.0.1650.57 Safari/537.36"
127.0.0.1 - - [11/Mar/2014:09:34:48 +0530] "GET /publisher/api/cache/gadget HTTP/1.1" 200 89 "https://localhost:9443/publisher/assets/gadget/" "Mozilla/5.0 (X11; Linux x86_64) AppleWebKit/537.36 (KHTML, like Gecko) Chrome/31.0.1650.57 Safari/537.36"
127.0.0.1 - - [11/Mar/2014:09:34:51 +0530] "GET /publisher/api/cache/gadget HTTP/1.1" 200 89 "https://localhost:9443/publisher/assets/gadget/" "Mozilla/5.0 (X11; Linux x86_64) AppleWebKit/537.36 (KHTML, like Gecko) Chrome/31.0.1650.57 Safari/537.36"
127.0.0.1 - - [11/Mar/2014:09:34:55 +0530] "GET /publisher/api/cache/gadget HTTP/1.1" 200 89 "https://localhost:9443/publisher/assets/gadget/" "Mozilla/5.0 (X11; Linux x86_64) AppleWebKit/537.36 (KHTML, like Gecko) Chrome/31.0.1650.57 Safari/537.36"
10.100.4.52 - - [11/Mar/2014:09:34:58 +0530] "GET /admin/carbon/user/user-mgt.jsp HTTP/1.1" 200 5916 "https://10.100.4.52:9443/admin/carbon/userstore/index.jsp?region=region1&item=userstores_menu" "Mozilla/5.0 (X11; Linux x86_64) AppleWebKit/537.36 (KHTML, like Gecko) Chrome/31.0.1650.57 Safari/537.36"
10.100.4.52 - - [11/Mar/2014:09:34:58 +0530] "GET /admin/carbon/admin/jsp/registry_styles_ajaxprocessor.jsp HTTP/1.1" 200 123 "https://10.100.4.52:9443/admin/carbon/user/user-mgt.jsp" "Mozilla/5.0 (X11; Linux x86_64) AppleWebKit/537.36 (KHTML, like Gecko) Chrome/31.0.1650.57 Safari/537.36"
10.100.4.52 - - [11/Mar/2014:09:34:58 +0530] "GET /admin/carbon/admin/images/edit.gif HTTP/1.1" 200 1041 "https://10.100.4.52:9443/admin/carbon/user/user-mgt.jsp" "Mozilla/5.0 (X11; Linux x86_64) AppleWebKit/537.36 (KHTML, like Gecko) Chrome/31.0.1650.57 Safari/537.36"
10.100.4.52 - - [11/Mar/2014:09:34:58 +0530] "GET /admin/carbon/user/images/view.gif HTTP/1.1" 200 596 "https://10.100.4.52:9443/admin/carbon/user/user-mgt.jsp" "Mozilla/5.0 (X11; Linux x86_64) AppleWebKit/537.36 (KHTML, like Gecko) Chrome/31.0.1650.57 Safari/537.36"
127.0.0.1 - - [11/Mar/2014:09:34:59 +0530] "GET /publisher/api/cache/gadget HTTP/1.1" 200 89 "https://localhost:9443/publisher/assets/gadget/" "Mozilla/5.0 (X11; Linux x86_64) AppleWebKit/537.36 (KHTML, like Gecko) Chrome/31.0.1650.57 Safari/537.36"
127.0.0.1 - - [11/Mar/2014:09:35:03 +0530] "GET /publisher/api/cache/gadget HTTP/1.1" 200 89 "https://localhost:9443/publisher/assets/gadget/" "Mozilla/5.0 (X11; Linux x86_64) AppleWebKit/537.36 (KHTML, like Gecko) Chrome/31.0.1650.57 Safari/537.36"
127.0.0.1 - - [11/Mar/2014:09:35:07 +0530] "GET /publisher/api/cache/gadget HTTP/1.1" 200 89 "https://localhost:9443/publisher/assets/gadget/" "Mozilla/5.0 (X11; Linux x86_64) AppleWebKit/537.36 (KHTML, like Gecko) Chrome/31.0.1650.57 Safari/537.36"
127.0.0.1 - - [11/Mar/2014:09:35:11 +0530] "GET /publisher/api/cache/gadget HTTP/1.1" 200 89 "https://localhost:9443/publisher/assets/gadget/" "Mozilla/5.0 (X11; Linux x86_64) AppleWebKit/537.36 (KHTML, like Gecko) Chrome/31.0.1650.57 Safari/537.36"
127.0.0.1 - - [11/Mar/2014:09:35:15 +0530] "GET /publisher/api/cache/gadget HTTP/1.1" 200 89 "https://localhost:9443/publisher/assets/gadget/" "Mozilla/5.0 (X11; Linux x86_64) AppleWebKit/537.36 (KHTML, like Gecko) Chrome/31.0.1650.57 Safari/537.36"
127.0.0.1 - - [11/Mar/2014:09:35:19 +0530] "GET /publisher/api/cache/gadget HTTP/1.1" 200 89 "https://localhost:9443/publisher/assets/gadget/" "Mozilla/5.0 (X11; Linux x86_64) AppleWebKit/537.36 (KHTML, like Gecko) Chrome/31.0.1650.57 Safari/537.36"
127.0.0.1 - - [11/Mar/2014:09:35:23 +0530] "GET /publisher/api/cache/gadget HTTP/1.1" 200 89 "https://localhost:9443/publisher/assets/gadget/" "Mozilla/5.0 (X11; Linux x86_64) AppleWebKit/537.36 (KHTML, like Gecko) Chrome/31.0.1650.57 Safari/537.36"
127.0.0.1 - - [11/Mar/2014:09:35:27 +0530] "GET /publisher/api/cache/gadget HTTP/1.1" 200 89 "https://localhost:9443/publisher/assets/gadget/" "Mozilla/5.0 (X11; Linux x86_64) AppleWebKit/537.36 (KHTML, like Gecko) Chrome/31.0.1650.57 Safari/537.36"
127.0.0.1 - - [11/Mar/2014:09:35:31 +0530] "GET /publisher/api/cache/gadget HTTP/1.1" 200 89 "https://localhost:9443/publisher/assets/gadget/" "Mozilla/5.0 (X11; Linux x86_64) AppleWebKit/537.36 (KHTML, like Gecko) Chrome/31.0.1650.57 Safari/537.36"
127.0.0.1 - - [11/Mar/2014:09:35:35 +0530] "GET /publisher/api/cache/gadget HTTP/1.1" 200 89 "https://localhost:9443/publisher/assets/gadget/" "Mozilla/5.0 (X11; Linux x86_64) AppleWebKit/537.36 (KHTML, like Gecko) Chrome/31.0.1650.57 Safari/537.36"
127.0.0.1 - - [11/Mar/2014:09:35:39 +0530] "GET /publisher/api/cache/gadget HTTP/1.1" 200 89 "https://localhost:9443/publisher/assets/gadget/" "Mozilla/5.0 (X11; Linux x86_64) AppleWebKit/537.36 (KHTML, like Gecko) Chrome/31.0.1650.57 Safari/537.36"
127.0.0.1 - - [11/Mar/2014:09:35:43 +0530] "GET /publisher/api/cache/gadget HTTP/1.1" 200 89 "https://localhost:9443/publisher/assets/gadget/" "Mozilla/5.0 (X11; Linux x86_64) AppleWebKit/537.36 (KHTML, like Gecko) Chrome/31.0.1650.57 Safari/537.36"
127.0.0.1 - - [11/Mar/2014:09:35:47 +0530] "GET /publisher/api/cache/gadget HTTP/1.1" 200 89 "https://localhost:9443/publisher/assets/gadget/" "Mozilla/5.0 (X11; Linux x86_64) AppleWebKit/537.36 (KHTML, like Gecko) Chrome/31.0.1650.57 Safari/537.36"
127.0.0.1 - - [11/Mar/2014:09:35:51 +0530] "GET /publisher/api/cache/gadget HTTP/1.1" 200 89 "https://localhost:9443/publisher/assets/gadget/" "Mozilla/5.0 (X11; Linux x86_64) AppleWebKit/537.36 (KHTML, like Gecko) Chrome/31.0.1650.57 Safari/537.36"
127.0.0.1 - - [11/Mar/2014:09:35:55 +0530] "GET /publisher/api/cache/gadget HTTP/1.1" 200 89 "https://localhost:9443/publisher/assets/gadget/" "Mozilla/5.0 (X11; Linux x86_64) AppleWebKit/537.36 (KHTML, like Gecko) Chrome/31.0.1650.57 Safari/537.36"
127.0.0.1 - - [11/Mar/2014:09:35:59 +0530] "GET /publisher/api/cache/gadget HTTP/1.1" 200 89 "https://localhost:9443/publisher/assets/gadget/" "Mozilla/5.0 (X11; Linux x86_64) AppleWebKit/537.36 (KHTML, like Gecko) Chrome/31.0.1650.57 Safari/537.36"
127.0.0.1 - - [11/Mar/2014:09:36:03 +0530] "GET /publisher/api/cache/gadget HTTP/1.1" 200 89 "https://localhost:9443/publisher/assets/gadget/" "Mozilla/5.0 (X11; Linux x86_64) AppleWebKit/537.36 (KHTML, like Gecko) Chrome/31.0.1650.57 Safari/537.36"
127.0.0.1 - - [11/Mar/2014:09:36:07 +0530] "GET /publisher/api/cache/gadget HTTP/1.1" 200 89 "https://localhost:9443/publisher/assets/gadget/" "Mozilla/5.0 (X11; Linux x86_64) AppleWebKit/537.36 (KHTML, like Gecko) Chrome/31.0.1650.57 Safari/537.36"
127.0.0.1 - - [11/Mar/2014:09:36:11 +0530] "GET /publisher/api/cache/gadget HTTP/1.1" 200 89 "https://localhost:9443/publisher/assets/gadget/" "Mozilla/5.0 (X11; Linux x86_64) AppleWebKit/537.36 (KHTML, like Gecko) Chrome/31.0.1650.57 Safari/537.36"
127.0.0.1 - - [11/Mar/2014:09:36:15 +0530] "GET /publisher/api/cache/gadget HTTP/1.1" 200 89 "https://localhost:9443/publisher/assets/gadget/" "Mozilla/5.0 (X11; Linux x86_64) AppleWebKit/537.36 (KHTML, like Gecko) Chrome/31.0.1650.57 Safari/537.36"
127.0.0.1 - - [11/Mar/2014:09:36:19 +0530] "GET /publisher/api/cache/gadget HTTP/1.1" 200 89 "https://localhost:9443/publisher/assets/gadget/" "Mozilla/5.0 (X11; Linux x86_64) AppleWebKit/537.36 (KHTML, like Gecko) Chrome/31.0.1650.57 Safari/537.36"
127.0.0.1 - - [11/Mar/2014:09:36:23 +0530] "GET /publisher/api/cache/gadget HTTP/1.1" 200 89 "https://localhost:9443/publisher/assets/gadget/" "Mozilla/5.0 (X11; Linux x86_64) AppleWebKit/537.36 (KHTML, like Gecko) Chrome/31.0.1650.57 Safari/537.36"
127.0.0.1 - - [11/Mar/2014:09:36:27 +0530] "GET /publisher/api/cache/gadget HTTP/1.1" 200 89 "https://localhost:9443/publisher/assets/gadget/" "Mozilla/5.0 (X11; Linux x86_64) AppleWebKit/537.36 (KHTML, like Gecko) Chrome/31.0.1650.57 Safari/537.36"
127.0.0.1 - - [11/Mar/2014:09:36:31 +0530] "GET /publisher/api/cache/gadget HTTP/1.1" 200 89 "https://localhost:9443/publisher/assets/gadget/" "Mozilla/5.0 (X11; Linux x86_64) AppleWebKit/537.36 (KHTML, like Gecko) Chrome/31.0.1650.57 Safari/537.36"
127.0.0.1 - - [11/Mar/2014:09:36:35 +0530] "GET /publisher/api/cache/gadget HTTP/1.1" 200 89 "https://localhost:9443/publisher/assets/gadget/" "Mozilla/5.0 (X11; Linux x86_64) AppleWebKit/537.36 (KHTML, like Gecko) Chrome/31.0.1650.57 Safari/537.36"
127.0.0.1 - - [11/Mar/2014:09:36:39 +0530] "GET /publisher/api/cache/gadget HTTP/1.1" 200 89 "https://localhost:9443/publisher/assets/gadget/" "Mozilla/5.0 (X11; Linux x86_64) AppleWebKit/537.36 (KHTML, like Gecko) Chrome/31.0.1650.57 Safari/537.36"
127.0.0.1 - - [11/Mar/2014:09:36:43 +0530] "GET /publisher/api/cache/gadget HTTP/1.1" 200 89 "https://localhost:9443/publisher/assets/gadget/" "Mozilla/5.0 (X11; Linux x86_64) AppleWebKit/537.36 (KHTML, like Gecko) Chrome/31.0.1650.57 Safari/537.36"
127.0.0.1 - - [11/Mar/2014:09:36:47 +0530] "GET /publisher/api/cache/gadget HTTP/1.1" 200 89 "https://localhost:9443/publisher/assets/gadget/" "Mozilla/5.0 (X11; Linux x86_64) AppleWebKit/537.36 (KHTML, like Gecko) Chrome/31.0.1650.57 Safari/537.36"
127.0.0.1 - - [11/Mar/2014:09:36:51 +0530] "GET /publisher/api/cache/gadget HTTP/1.1" 200 89 "https://localhost:9443/publisher/assets/gadget/" "Mozilla/5.0 (X11; Linux x86_64) AppleWebKit/537.36 (KHTML, like Gecko) Chrome/31.0.1650.57 Safari/537.36"
127.0.0.1 - - [11/Mar/2014:09:36:55 +0530] "GET /publisher/api/cache/gadget HTTP/1.1" 200 89 "https://localhost:9443/publisher/assets/gadget/" "Mozilla/5.0 (X11; Linux x86_64) AppleWebKit/537.36 (KHTML, like Gecko) Chrome/31.0.1650.57 Safari/537.36"
127.0.0.1 - - [11/Mar/2014:09:36:59 +0530] "GET /publisher/api/cache/gadget HTTP/1.1" 200 89 "https://localhost:9443/publisher/assets/gadget/" "Mozilla/5.0 (X11; Linux x86_64) AppleWebKit/537.36 (KHTML, like Gecko) Chrome/31.0.1650.57 Safari/537.36"
127.0.0.1 - - [11/Mar/2014:09:37:03 +0530] "GET /publisher/api/cache/gadget HTTP/1.1" 200 89 "https://localhost:9443/publisher/assets/gadget/" "Mozilla/5.0 (X11; Linux x86_64) AppleWebKit/537.36 (KHTML, like Gecko) Chrome/31.0.1650.57 Safari/537.36"
127.0.0.1 - - [11/Mar/2014:09:37:07 +0530] "GET /publisher/api/cache/gadget HTTP/1.1" 200 89 "https://localhost:9443/publisher/assets/gadget/" "Mozilla/5.0 (X11; Linux x86_64) AppleWebKit/537.36 (KHTML, like Gecko) Chrome/31.0.1650.57 Safari/537.36"
127.0.0.1 - - [11/Mar/2014:09:37:11 +0530] "GET /publisher/api/cache/gadget HTTP/1.1" 200 89 "https://localhost:9443/publisher/assets/gadget/" "Mozilla/5.0 (X11; Linux x86_64) AppleWebKit/537.36 (KHTML, like Gecko) Chrome/31.0.1650.57 Safari/537.36"
127.0.0.1 - - [11/Mar/2014:09:37:15 +0530] "GET /publisher/api/cache/gadget HTTP/1.1" 200 89 "https://localhost:9443/publisher/assets/gadget/" "Mozilla/5.0 (X11; Linux x86_64) AppleWebKit/537.36 (KHTML, like Gecko) Chrome/31.0.1650.57 Safari/537.36"
127.0.0.1 - - [11/Mar/2014:09:37:19 +0530] "GET /publisher/api/cache/gadget HTTP/1.1" 200 89 "https://localhost:9443/publisher/assets/gadget/" "Mozilla/5.0 (X11; Linux x86_64) AppleWebKit/537.36 (KHTML, like Gecko) Chrome/31.0.1650.57 Safari/537.36"
10.100.4.52 - - [11/Mar/2014:09:37:21 +0530] "GET /admin/carbon/user/user-mgt.jsp?pageNumber=2937& HTTP/1.1" 200 5845 "https://10.100.4.52:9443/admin/carbon/user/user-mgt.jsp" "Mozilla/5.0 (X11; Linux x86_64) AppleWebKit/537.36 (KHTML, like Gecko) Chrome/31.0.1650.57 Safari/537.36"
10.100.4.52 - - [11/Mar/2014:09:37:21 +0530] "GET /admin/carbon/admin/jsp/registry_styles_ajaxprocessor.jsp HTTP/1.1" 200 123 "https://10.100.4.52:9443/admin/carbon/user/user-mgt.jsp?pageNumber=2937&" "Mozilla/5.0 (X11; Linux x86_64) AppleWebKit/537.36 (KHTML, like Gecko) Chrome/31.0.1650.57 Safari/537.36"
127.0.0.1 - - [11/Mar/2014:09:37:23 +0530] "GET /publisher/api/cache/gadget HTTP/1.1" 200 89 "https://localhost:9443/publisher/assets/gadget/" "Mozilla/5.0 (X11; Linux x86_64) AppleWebKit/537.36 (KHTML, like Gecko) Chrome/31.0.1650.57 Safari/537.36"
127.0.0.1 - - [11/Mar/2014:09:37:27 +0530] "GET /publisher/api/cache/gadget HTTP/1.1" 200 89 "https://localhost:9443/publisher/assets/gadget/" "Mozilla/5.0 (X11; Linux x86_64) AppleWebKit/537.36 (KHTML, like Gecko) Chrome/31.0.1650.57 Safari/537.36"
127.0.0.1 - - [11/Mar/2014:09:37:31 +0530] "GET /publisher/api/cache/gadget HTTP/1.1" 200 89 "https://localhost:9443/publisher/assets/gadget/" "Mozilla/5.0 (X11; Linux x86_64) AppleWebKit/537.36 (KHTML, like Gecko) Chrome/31.0.1650.57 Safari/537.36"
127.0.0.1 - - [11/Mar/2014:09:37:35 +0530] "GET /publisher/api/cache/gadget HTTP/1.1" 200 89 "https://localhost:9443/publisher/assets/gadget/" "Mozilla/5.0 (X11; Linux x86_64) AppleWebKit/537.36 (KHTML, like Gecko) Chrome/31.0.1650.57 Safari/537.36"
10.100.4.52 - - [11/Mar/2014:09:37:37 +0530] "GET /admin/carbon/userstore/index.jsp?region=region1&item=userstores_menu HTTP/1.1" 200 5199 "https://10.100.4.52:9443/admin/carbon/user/user-mgt.jsp?pageNumber=2937&" "Mozilla/5.0 (X11; Linux x86_64) AppleWebKit/537.36 (KHTML, like Gecko) Chrome/31.0.1650.57 Safari/537.36"
10.100.4.52 - - [11/Mar/2014:09:37:37 +0530] "GET /admin/carbon/admin/jsp/registry_styles_ajaxprocessor.jsp HTTP/1.1" 200 123 "https://10.100.4.52:9443/admin/carbon/userstore/index.jsp?region=region1&item=userstores_menu" "Mozilla/5.0 (X11; Linux x86_64) AppleWebKit/537.36 (KHTML, like Gecko) Chrome/31.0.1650.57 Safari/537.36"
10.100.4.52 - - [11/Mar/2014:09:37:37 +0530] "GET /admin/carbon/userstore/extensions/core/js/vui.js HTTP/1.1" 404 1075 "https://10.100.4.52:9443/admin/carbon/userstore/index.jsp?region=region1&item=userstores_menu" "Mozilla/5.0 (X11; Linux x86_64) AppleWebKit/537.36 (KHTML, like Gecko) Chrome/31.0.1650.57 Safari/537.36"
10.100.4.52 - - [11/Mar/2014:09:37:39 +0530] "GET /admin/carbon/role/role-mgt.jsp HTTP/1.1" 200 5792 "https://10.100.4.52:9443/admin/carbon/userstore/index.jsp?region=region1&item=userstores_menu" "Mozilla/5.0 (X11; Linux x86_64) AppleWebKit/537.36 (KHTML, like Gecko) Chrome/31.0.1650.57 Safari/537.36"
10.100.4.52 - - [11/Mar/2014:09:37:39 +0530] "GET /admin/carbon/admin/jsp/registry_styles_ajaxprocessor.jsp HTTP/1.1" 200 123 "https://10.100.4.52:9443/admin/carbon/role/role-mgt.jsp" "Mozilla/5.0 (X11; Linux x86_64) AppleWebKit/537.36 (KHTML, like Gecko) Chrome/31.0.1650.57 Safari/537.36"
