127.0.0.1 - - [11/Mar/2014:09:27:11 +0530] "GET /publisher/api/cache/gadget HTTP/1.1" 200 89 "https://localhost:9443/publisher/assets/gadget/" "Mozilla/5.0 (X11; Linux x86_64) AppleWebKit/537.36 (KHTML, like Gecko) Chrome/31.0.1650.57 Safari/537.36"
127.0.0.1 - - [11/Mar/2014:09:27:15 +0530] "GET /publisher/api/cache/gadget HTTP/1.1" 200 89 "https://localhost:9443/publisher/assets/gadget/" "Mozilla/5.0 (X11; Linux x86_64) AppleWebKit/537.36 (KHTML, like Gecko) Chrome/31.0.1650.57 Safari/537.36"
10.100.4.52 - - [11/Mar/2014:09:27:16 +0530] "GET /admin/carbon/admin/jsp/session-validate.jsp HTTP/1.1" 200 3952 "https://10.100.4.52:9443/admin/carbon/admin/index.jsp?loginStatus=true" "Mozilla/5.0 (X11; Linux x86_64) AppleWebKit/537.36 (KHTML, like Gecko) Chrome/31.0.1650.57 Safari/537.36"
10.100.4.52 - - [11/Mar/2014:09:27:16 +0530] "GET /admin/carbon/server-admin/system_status_ajaxprocessor.jsp HTTP/1.1" 200 1244 "https://10.100.4.52:9443/admin/carbon/admin/index.jsp?loginStatus=true" "Mozilla/5.0 (X11; Linux x86_64) AppleWebKit/537.36 (KHTML, like Gecko) Chrome/31.0.1650.57 Safari/537.36"
127.0.0.1 - - [11/Mar/2014:09:27:19 +0530] "GET /publisher/api/cache/gadget HTTP/1.1" 200 89 "https://localhost:9443/publisher/assets/gadget/" "Mozilla/5.0 (X11; Linux x86_64) AppleWebKit/537.36 (KHTML, like Gecko) Chrome/31.0.1650.57 Safari/537.36"
10.100.4.52 - - [11/Mar/2014:09:27:22 +0530] "GET /admin/carbon/admin/jsp/session-validate.jsp HTTP/1.1" 200 3952 "https://10.100.4.52:9443/admin/carbon/admin/index.jsp?loginStatus=true" "Mozilla/5.0 (X11; Linux x86_64) AppleWebKit/537.36 (KHTML, like Gecko) Chrome/31.0.1650.57 Safari/537.36"
10.100.4.52 - - [11/Mar/2014:09:27:22 +0530] "GET /admin/carbon/server-admin/system_status_ajaxprocessor.jsp HTTP/1.1" 200 1244 "https://10.100.4.52:9443/admin/carbon/admin/index.jsp?loginStatus=true" "Mozilla/5.0 (X11; Linux x86_64) AppleWebKit/537.36 (KHTML, like Gecko) Chrome/31.0.1650.57 Safari/537.36"
127.0.0.1 - - [11/Mar/2014:09:27:23 +0530] "GET /publisher/api/cache/gadget HTTP/1.1" 200 89 "https://localhost:9443/publisher/assets/gadget/" "Mozilla/5.0 (X11; Linux x86_64) AppleWebKit/537.36 (KHTML, like Gecko) Chrome/31.0.1650.57 Safari/537.36"
127.0.0.1 - - [11/Mar/2014:09:27:27 +0530] "GET /publisher/api/cache/gadget HTTP/1.1" 200 89 "https://localhost:9443/publisher/assets/gadget/" "Mozilla/5.0 (X11; Linux x86_64) AppleWebKit/537.36 (KHTML, like Gecko) Chrome/31.0.1650.57 Safari/537.36"
10.100.4.52 - - [11/Mar/2014:09:27:28 +0530] "GET /admin/carbon/admin/jsp/session-validate.jsp HTTP/1.1" 200 3952 "https://10.100.4.52:9443/admin/carbon/admin/index.jsp?loginStatus=true" "Mozilla/5.0 (X11; Linux x86_64) AppleWebKit/537.36 (KHTML, like Gecko) Chrome/31.0.1650.57 Safari/537.36"
10.100.4.52 - - [11/Mar/2014:09:27:28 +0530] "GET /admin/carbon/server-admin/system_status_ajaxprocessor.jsp HTTP/1.1" 200 1244 "https://10.100.4.52:9443/admin/carbon/admin/index.jsp?loginStatus=true" "Mozilla/5.0 (X11; Linux x86_64) AppleWebKit/537.36 (KHTML, like Gecko) Chrome/31.0.1650.57 Safari/537.36"
127.0.0.1 - - [11/Mar/2014:09:27:31 +0530] "GET /publisher/api/cache/gadget HTTP/1.1" 200 89 "https://localhost:9443/publisher/assets/gadget/" "Mozilla/5.0 (X11; Linux x86_64) AppleWebKit/537.36 (KHTML, like Gecko) Chrome/31.0.1650.57 Safari/537.36"
10.100.4.52 - - [11/Mar/2014:09:27:34 +0530] "GET /admin/carbon/admin/jsp/session-validate.jsp HTTP/1.1" 200 3952 "https://10.100.4.52:9443/admin/carbon/admin/index.jsp?loginStatus=true" "Mozilla/5.0 (X11; Linux x86_64) AppleWebKit/537.36 (KHTML, like Gecko) Chrome/31.0.1650.57 Safari/537.36"
10.100.4.52 - - [11/Mar/2014:09:27:34 +0530] "GET /admin/carbon/server-admin/system_status_ajaxprocessor.jsp HTTP/1.1" 200 1245 "https://10.100.4.52:9443/admin/carbon/admin/index.jsp?loginStatus=true" "Mozilla/5.0 (X11; Linux x86_64) AppleWebKit/537.36 (KHTML, like Gecko) Chrome/31.0.1650.57 Safari/537.36"
127.0.0.1 - - [11/Mar/2014:09:27:35 +0530] "GET /publisher/api/cache/gadget HTTP/1.1" 200 89 "https://localhost:9443/publisher/assets/gadget/" "Mozilla/5.0 (X11; Linux x86_64) AppleWebKit/537.36 (KHTML, like Gecko) Chrome/31.0.1650.57 Safari/537.36"
127.0.0.1 - - [11/Mar/2014:09:27:39 +0530] "GET /publisher/api/cache/gadget HTTP/1.1" 200 89 "https://localhost:9443/publisher/assets/gadget/" "Mozilla/5.0 (X11; Linux x86_64) AppleWebKit/537.36 (KHTML, like Gecko) Chrome/31.0.1650.57 Safari/537.36"
10.100.4.52 - - [11/Mar/2014:09:27:40 +0530] "GET /admin/carbon/admin/jsp/session-validate.jsp HTTP/1.1" 200 3952 "https://10.100.4.52:9443/admin/carbon/admin/index.jsp?loginStatus=true" "Mozilla/5.0 (X11; Linux x86_64) AppleWebKit/537.36 (KHTML, like Gecko) Chrome/31.0.1650.57 Safari/537.36"
10.100.4.52 - - [11/Mar/2014:09:27:40 +0530] "GET /admin/carbon/server-admin/system_status_ajaxprocessor.jsp HTTP/1.1" 200 1241 "https://10.100.4.52:9443/admin/carbon/admin/index.jsp?loginStatus=true" "Mozilla/5.0 (X11; Linux x86_64) AppleWebKit/537.36 (KHTML, like Gecko) Chrome/31.0.1650.57 Safari/537.36"
127.0.0.1 - - [11/Mar/2014:09:27:43 +0530] "GET /publisher/api/cache/gadget HTTP/1.1" 200 89 "https://localhost:9443/publisher/assets/gadget/" "Mozilla/5.0 (X11; Linux x86_64) AppleWebKit/537.36 (KHTML, like Gecko) Chrome/31.0.1650.57 Safari/537.36"
10.100.4.52 - - [11/Mar/2014:09:27:46 +0530] "GET /admin/carbon/admin/jsp/session-validate.jsp HTTP/1.1" 200 3952 "https://10.100.4.52:9443/admin/carbon/admin/index.jsp?loginStatus=true" "Mozilla/5.0 (X11; Linux x86_64) AppleWebKit/537.36 (KHTML, like Gecko) Chrome/31.0.1650.57 Safari/537.36"
10.100.4.52 - - [11/Mar/2014:09:27:46 +0530] "GET /admin/carbon/server-admin/system_status_ajaxprocessor.jsp HTTP/1.1" 200 1244 "https://10.100.4.52:9443/admin/carbon/admin/index.jsp?loginStatus=true" "Mozilla/5.0 (X11; Linux x86_64) AppleWebKit/537.36 (KHTML, like Gecko) Chrome/31.0.1650.57 Safari/537.36"
127.0.0.1 - - [11/Mar/2014:09:27:47 +0530] "GET /publisher/api/cache/gadget HTTP/1.1" 200 89 "https://localhost:9443/publisher/assets/gadget/" "Mozilla/5.0 (X11; Linux x86_64) AppleWebKit/537.36 (KHTML, like Gecko) Chrome/31.0.1650.57 Safari/537.36"
127.0.0.1 - - [11/Mar/2014:09:27:51 +0530] "GET /publisher/api/cache/gadget HTTP/1.1" 200 89 "https://localhost:9443/publisher/assets/gadget/" "Mozilla/5.0 (X11; Linux x86_64) AppleWebKit/537.36 (KHTML, like Gecko) Chrome/31.0.1650.57 Safari/537.36"
10.100.4.52 - - [11/Mar/2014:09:27:52 +0530] "GET /admin/carbon/admin/jsp/session-validate.jsp HTTP/1.1" 200 3952 "https://10.100.4.52:9443/admin/carbon/admin/index.jsp?loginStatus=true" "Mozilla/5.0 (X11; Linux x86_64) AppleWebKit/537.36 (KHTML, like Gecko) Chrome/31.0.1650.57 Safari/537.36"
10.100.4.52 - - [11/Mar/2014:09:27:52 +0530] "GET /admin/carbon/server-admin/system_status_ajaxprocessor.jsp HTTP/1.1" 200 1245 "https://10.100.4.52:9443/admin/carbon/admin/index.jsp?loginStatus=true" "Mozilla/5.0 (X11; Linux x86_64) AppleWebKit/537.36 (KHTML, like Gecko) Chrome/31.0.1650.57 Safari/537.36"
127.0.0.1 - - [11/Mar/2014:09:27:55 +0530] "GET /publisher/api/cache/gadget HTTP/1.1" 200 89 "https://localhost:9443/publisher/assets/gadget/" "Mozilla/5.0 (X11; Linux x86_64) AppleWebKit/537.36 (KHTML, like Gecko) Chrome/31.0.1650.57 Safari/537.36"
10.100.4.52 - - [11/Mar/2014:09:27:58 +0530] "GET /admin/carbon/admin/jsp/session-validate.jsp HTTP/1.1" 200 3952 "https://10.100.4.52:9443/admin/carbon/admin/index.jsp?loginStatus=true" "Mozilla/5.0 (X11; Linux x86_64) AppleWebKit/537.36 (KHTML, like Gecko) Chrome/31.0.1650.57 Safari/537.36"
10.100.4.52 - - [11/Mar/2014:09:27:58 +0530] "GET /admin/carbon/server-admin/system_status_ajaxprocessor.jsp HTTP/1.1" 200 1245 "https://10.100.4.52:9443/admin/carbon/admin/index.jsp?loginStatus=true" "Mozilla/5.0 (X11; Linux x86_64) AppleWebKit/537.36 (KHTML, like Gecko) Chrome/31.0.1650.57 Safari/537.36"
127.0.0.1 - - [11/Mar/2014:09:27:59 +0530] "GET /publisher/api/cache/gadget HTTP/1.1" 200 89 "https://localhost:9443/publisher/assets/gadget/" "Mozilla/5.0 (X11; Linux x86_64) AppleWebKit/537.36 (KHTML, like Gecko) Chrome/31.0.1650.57 Safari/537.36"
127.0.0.1 - - [11/Mar/2014:09:28:03 +0530] "GET /publisher/api/cache/gadget HTTP/1.1" 200 89 "https://localhost:9443/publisher/assets/gadget/" "Mozilla/5.0 (X11; Linux x86_64) AppleWebKit/537.36 (KHTML, like Gecko) Chrome/31.0.1650.57 Safari/537.36"
10.100.4.52 - - [11/Mar/2014:09:28:04 +0530] "GET /admin/carbon/admin/jsp/session-validate.jsp HTTP/1.1" 200 3952 "https://10.100.4.52:9443/admin/carbon/admin/index.jsp?loginStatus=true" "Mozilla/5.0 (X11; Linux x86_64) AppleWebKit/537.36 (KHTML, like Gecko) Chrome/31.0.1650.57 Safari/537.36"
10.100.4.52 - - [11/Mar/2014:09:28:04 +0530] "GET /admin/carbon/server-admin/system_status_ajaxprocessor.jsp HTTP/1.1" 200 1245 "https://10.100.4.52:9443/admin/carbon/admin/index.jsp?loginStatus=true" "Mozilla/5.0 (X11; Linux x86_64) AppleWebKit/537.36 (KHTML, like Gecko) Chrome/31.0.1650.57 Safari/537.36"
127.0.0.1 - - [11/Mar/2014:09:28:07 +0530] "GET /publisher/api/cache/gadget HTTP/1.1" 200 89 "https://localhost:9443/publisher/assets/gadget/" "Mozilla/5.0 (X11; Linux x86_64) AppleWebKit/537.36 (KHTML, like Gecko) Chrome/31.0.1650.57 Safari/537.36"
10.100.4.52 - - [11/Mar/2014:09:28:10 +0530] "GET /admin/carbon/admin/jsp/session-validate.jsp HTTP/1.1" 200 3952 "https://10.100.4.52:9443/admin/carbon/admin/index.jsp?loginStatus=true" "Mozilla/5.0 (X11; Linux x86_64) AppleWebKit/537.36 (KHTML, like Gecko) Chrome/31.0.1650.57 Safari/537.36"
10.100.4.52 - - [11/Mar/2014:09:28:10 +0530] "GET /admin/carbon/server-admin/system_status_ajaxprocessor.jsp HTTP/1.1" 200 1244 "https://10.100.4.52:9443/admin/carbon/admin/index.jsp?loginStatus=true" "Mozilla/5.0 (X11; Linux x86_64) AppleWebKit/537.36 (KHTML, like Gecko) Chrome/31.0.1650.57 Safari/537.36"
127.0.0.1 - - [11/Mar/2014:09:28:11 +0530] "GET /publisher/api/cache/gadget HTTP/1.1" 200 89 "https://localhost:9443/publisher/assets/gadget/" "Mozilla/5.0 (X11; Linux x86_64) AppleWebKit/537.36 (KHTML, like Gecko) Chrome/31.0.1650.57 Safari/537.36"
127.0.0.1 - - [11/Mar/2014:09:28:15 +0530] "GET /publisher/api/cache/gadget HTTP/1.1" 200 89 "https://localhost:9443/publisher/assets/gadget/" "Mozilla/5.0 (X11; Linux x86_64) AppleWebKit/537.36 (KHTML, like Gecko) Chrome/31.0.1650.57 Safari/537.36"
10.100.4.52 - - [11/Mar/2014:09:28:16 +0530] "GET /admin/carbon/admin/jsp/session-validate.jsp HTTP/1.1" 200 3952 "https://10.100.4.52:9443/admin/carbon/admin/index.jsp?loginStatus=true" "Mozilla/5.0 (X11; Linux x86_64) AppleWebKit/537.36 (KHTML, like Gecko) Chrome/31.0.1650.57 Safari/537.36"
10.100.4.52 - - [11/Mar/2014:09:28:16 +0530] "GET /admin/carbon/server-admin/system_status_ajaxprocessor.jsp HTTP/1.1" 200 1245 "https://10.100.4.52:9443/admin/carbon/admin/index.jsp?loginStatus=true" "Mozilla/5.0 (X11; Linux x86_64) AppleWebKit/537.36 (KHTML, like Gecko) Chrome/31.0.1650.57 Safari/537.36"
127.0.0.1 - - [11/Mar/2014:09:28:19 +0530] "GET /publisher/api/cache/gadget HTTP/1.1" 200 89 "https://localhost:9443/publisher/assets/gadget/" "Mozilla/5.0 (X11; Linux x86_64) AppleWebKit/537.36 (KHTML, like Gecko) Chrome/31.0.1650.57 Safari/537.36"
10.100.4.52 - - [11/Mar/2014:09:28:22 +0530] "GET /admin/carbon/admin/jsp/session-validate.jsp HTTP/1.1" 200 3952 "https://10.100.4.52:9443/admin/carbon/admin/index.jsp?loginStatus=true" "Mozilla/5.0 (X11; Linux x86_64) AppleWebKit/537.36 (KHTML, like Gecko) Chrome/31.0.1650.57 Safari/537.36"
10.100.4.52 - - [11/Mar/2014:09:28:22 +0530] "GET /admin/carbon/server-admin/system_status_ajaxprocessor.jsp HTTP/1.1" 200 1244 "https://10.100.4.52:9443/admin/carbon/admin/index.jsp?loginStatus=true" "Mozilla/5.0 (X11; Linux x86_64) AppleWebKit/537.36 (KHTML, like Gecko) Chrome/31.0.1650.57 Safari/537.36"
127.0.0.1 - - [11/Mar/2014:09:28:23 +0530] "GET /publisher/api/cache/gadget HTTP/1.1" 200 89 "https://localhost:9443/publisher/assets/gadget/" "Mozilla/5.0 (X11; Linux x86_64) AppleWebKit/537.36 (KHTML, like Gecko) Chrome/31.0.1650.57 Safari/537.36"
127.0.0.1 - - [11/Mar/2014:09:28:27 +0530] "GET /publisher/api/cache/gadget HTTP/1.1" 200 89 "https://localhost:9443/publisher/assets/gadget/" "Mozilla/5.0 (X11; Linux x86_64) AppleWebKit/537.36 (KHTML, like Gecko) Chrome/31.0.1650.57 Safari/537.36"
10.100.4.52 - - [11/Mar/2014:09:28:28 +0530] "GET /admin/carbon/admin/jsp/session-validate.jsp HTTP/1.1" 200 3952 "https://10.100.4.52:9443/admin/carbon/admin/index.jsp?loginStatus=true" "Mozilla/5.0 (X11; Linux x86_64) AppleWebKit/537.36 (KHTML, like Gecko) Chrome/31.0.1650.57 Safari/537.36"
10.100.4.52 - - [11/Mar/2014:09:28:28 +0530] "GET /admin/carbon/server-admin/system_status_ajaxprocessor.jsp HTTP/1.1" 200 1244 "https://10.100.4.52:9443/admin/carbon/admin/index.jsp?loginStatus=true" "Mozilla/5.0 (X11; Linux x86_64) AppleWebKit/537.36 (KHTML, like Gecko) Chrome/31.0.1650.57 Safari/537.36"
127.0.0.1 - - [11/Mar/2014:09:28:31 +0530] "GET /publisher/api/cache/gadget HTTP/1.1" 200 89 "https://localhost:9443/publisher/assets/gadget/" "Mozilla/5.0 (X11; Linux x86_64) AppleWebKit/537.36 (KHTML, like Gecko) Chrome/31.0.1650.57 Safari/537.36"
10.100.4.52 - - [11/Mar/2014:09:28:34 +0530] "GET /admin/carbon/admin/jsp/session-validate.jsp HTTP/1.1" 200 3952 "https://10.100.4.52:9443/admin/carbon/admin/index.jsp?loginStatus=true" "Mozilla/5.0 (X11; Linux x86_64) AppleWebKit/537.36 (KHTML, like Gecko) Chrome/31.0.1650.57 Safari/537.36"
10.100.4.52 - - [11/Mar/2014:09:28:34 +0530] "GET /admin/carbon/server-admin/system_status_ajaxprocessor.jsp HTTP/1.1" 200 1245 "https://10.100.4.52:9443/admin/carbon/admin/index.jsp?loginStatus=true" "Mozilla/5.0 (X11; Linux x86_64) AppleWebKit/537.36 (KHTML, like Gecko) Chrome/31.0.1650.57 Safari/537.36"
127.0.0.1 - - [11/Mar/2014:09:28:35 +0530] "GET /publisher/api/cache/gadget HTTP/1.1" 200 89 "https://localhost:9443/publisher/assets/gadget/" "Mozilla/5.0 (X11; Linux x86_64) AppleWebKit/537.36 (KHTML, like Gecko) Chrome/31.0.1650.57 Safari/537.36"
127.0.0.1 - - [11/Mar/2014:09:28:39 +0530] "GET /publisher/api/cache/gadget HTTP/1.1" 200 89 "https://localhost:9443/publisher/assets/gadget/" "Mozilla/5.0 (X11; Linux x86_64) AppleWebKit/537.36 (KHTML, like Gecko) Chrome/31.0.1650.57 Safari/537.36"
10.100.4.52 - - [11/Mar/2014:09:28:40 +0530] "GET /admin/carbon/admin/jsp/session-validate.jsp HTTP/1.1" 200 3952 "https://10.100.4.52:9443/admin/carbon/admin/index.jsp?loginStatus=true" "Mozilla/5.0 (X11; Linux x86_64) AppleWebKit/537.36 (KHTML, like Gecko) Chrome/31.0.1650.57 Safari/537.36"
10.100.4.52 - - [11/Mar/2014:09:28:40 +0530] "GET /admin/carbon/server-admin/system_status_ajaxprocessor.jsp HTTP/1.1" 200 1244 "https://10.100.4.52:9443/admin/carbon/admin/index.jsp?loginStatus=true" "Mozilla/5.0 (X11; Linux x86_64) AppleWebKit/537.36 (KHTML, like Gecko) Chrome/31.0.1650.57 Safari/537.36"
127.0.0.1 - - [11/Mar/2014:09:28:43 +0530] "GET /publisher/api/cache/gadget HTTP/1.1" 200 89 "https://localhost:9443/publisher/assets/gadget/" "Mozilla/5.0 (X11; Linux x86_64) AppleWebKit/537.36 (KHTML, like Gecko) Chrome/31.0.1650.57 Safari/537.36"
10.100.4.52 - - [11/Mar/2014:09:28:46 +0530] "GET /admin/carbon/admin/jsp/session-validate.jsp HTTP/1.1" 200 3952 "https://10.100.4.52:9443/admin/carbon/admin/index.jsp?loginStatus=true" "Mozilla/5.0 (X11; Linux x86_64) AppleWebKit/537.36 (KHTML, like Gecko) Chrome/31.0.1650.57 Safari/537.36"
10.100.4.52 - - [11/Mar/2014:09:28:46 +0530] "GET /admin/carbon/server-admin/system_status_ajaxprocessor.jsp HTTP/1.1" 200 1244 "https://10.100.4.52:9443/admin/carbon/admin/index.jsp?loginStatus=true" "Mozilla/5.0 (X11; Linux x86_64) AppleWebKit/537.36 (KHTML, like Gecko) Chrome/31.0.1650.57 Safari/537.36"
127.0.0.1 - - [11/Mar/2014:09:28:47 +0530] "GET /publisher/api/cache/gadget HTTP/1.1" 200 89 "https://localhost:9443/publisher/assets/gadget/" "Mozilla/5.0 (X11; Linux x86_64) AppleWebKit/537.36 (KHTML, like Gecko) Chrome/31.0.1650.57 Safari/537.36"
127.0.0.1 - - [11/Mar/2014:09:28:51 +0530] "GET /publisher/api/cache/gadget HTTP/1.1" 200 89 "https://localhost:9443/publisher/assets/gadget/" "Mozilla/5.0 (X11; Linux x86_64) AppleWebKit/537.36 (KHTML, like Gecko) Chrome/31.0.1650.57 Safari/537.36"
10.100.4.52 - - [11/Mar/2014:09:28:52 +0530] "GET /admin/carbon/admin/jsp/session-validate.jsp HTTP/1.1" 200 3952 "https://10.100.4.52:9443/admin/carbon/admin/index.jsp?loginStatus=true" "Mozilla/5.0 (X11; Linux x86_64) AppleWebKit/537.36 (KHTML, like Gecko) Chrome/31.0.1650.57 Safari/537.36"
10.100.4.52 - - [11/Mar/2014:09:28:52 +0530] "GET /admin/carbon/server-admin/system_status_ajaxprocessor.jsp HTTP/1.1" 200 1245 "https://10.100.4.52:9443/admin/carbon/admin/index.jsp?loginStatus=true" "Mozilla/5.0 (X11; Linux x86_64) AppleWebKit/537.36 (KHTML, like Gecko) Chrome/31.0.1650.57 Safari/537.36"
127.0.0.1 - - [11/Mar/2014:09:28:55 +0530] "GET /publisher/api/cache/gadget HTTP/1.1" 200 89 "https://localhost:9443/publisher/assets/gadget/" "Mozilla/5.0 (X11; Linux x86_64) AppleWebKit/537.36 (KHTML, like Gecko) Chrome/31.0.1650.57 Safari/537.36"
10.100.4.52 - - [11/Mar/2014:09:28:58 +0530] "GET /admin/carbon/admin/jsp/session-validate.jsp HTTP/1.1" 200 3952 "https://10.100.4.52:9443/admin/carbon/admin/index.jsp?loginStatus=true" "Mozilla/5.0 (X11; Linux x86_64) AppleWebKit/537.36 (KHTML, like Gecko) Chrome/31.0.1650.57 Safari/537.36"
10.100.4.52 - - [11/Mar/2014:09:28:58 +0530] "GET /admin/carbon/server-admin/system_status_ajaxprocessor.jsp HTTP/1.1" 200 1245 "https://10.100.4.52:9443/admin/carbon/admin/index.jsp?loginStatus=true" "Mozilla/5.0 (X11; Linux x86_64) AppleWebKit/537.36 (KHTML, like Gecko) Chrome/31.0.1650.57 Safari/537.36"
127.0.0.1 - - [11/Mar/2014:09:28:59 +0530] "GET /publisher/api/cache/gadget HTTP/1.1" 200 89 "https://localhost:9443/publisher/assets/gadget/" "Mozilla/5.0 (X11; Linux x86_64) AppleWebKit/537.36 (KHTML, like Gecko) Chrome/31.0.1650.57 Safari/537.36"
127.0.0.1 - - [11/Mar/2014:09:29:03 +0530] "GET /publisher/api/cache/gadget HTTP/1.1" 200 89 "https://localhost:9443/publisher/assets/gadget/" "Mozilla/5.0 (X11; Linux x86_64) AppleWebKit/537.36 (KHTML, like Gecko) Chrome/31.0.1650.57 Safari/537.36"
10.100.4.52 - - [11/Mar/2014:09:29:04 +0530] "GET /admin/carbon/admin/jsp/session-validate.jsp HTTP/1.1" 200 3952 "https://10.100.4.52:9443/admin/carbon/admin/index.jsp?loginStatus=true" "Mozilla/5.0 (X11; Linux x86_64) AppleWebKit/537.36 (KHTML, like Gecko) Chrome/31.0.1650.57 Safari/537.36"
10.100.4.52 - - [11/Mar/2014:09:29:04 +0530] "GET /admin/carbon/server-admin/system_status_ajaxprocessor.jsp HTTP/1.1" 200 1245 "https://10.100.4.52:9443/admin/carbon/admin/index.jsp?loginStatus=true" "Mozilla/5.0 (X11; Linux x86_64) AppleWebKit/537.36 (KHTML, like Gecko) Chrome/31.0.1650.57 Safari/537.36"
127.0.0.1 - - [11/Mar/2014:09:29:07 +0530] "GET /publisher/api/cache/gadget HTTP/1.1" 200 89 "https://localhost:9443/publisher/assets/gadget/" "Mozilla/5.0 (X11; Linux x86_64) AppleWebKit/537.36 (KHTML, like Gecko) Chrome/31.0.1650.57 Safari/537.36"
10.100.4.52 - - [11/Mar/2014:09:29:10 +0530] "GET /admin/carbon/admin/jsp/session-validate.jsp HTTP/1.1" 200 3952 "https://10.100.4.52:9443/admin/carbon/admin/index.jsp?loginStatus=true" "Mozilla/5.0 (X11; Linux x86_64) AppleWebKit/537.36 (KHTML, like Gecko) Chrome/31.0.1650.57 Safari/537.36"
10.100.4.52 - - [11/Mar/2014:09:29:10 +0530] "GET /admin/carbon/server-admin/system_status_ajaxprocessor.jsp HTTP/1.1" 200 1245 "https://10.100.4.52:9443/admin/carbon/admin/index.jsp?loginStatus=true" "Mozilla/5.0 (X11; Linux x86_64) AppleWebKit/537.36 (KHTML, like Gecko) Chrome/31.0.1650.57 Safari/537.36"
127.0.0.1 - - [11/Mar/2014:09:29:11 +0530] "GET /publisher/api/cache/gadget HTTP/1.1" 200 89 "https://localhost:9443/publisher/assets/gadget/" "Mozilla/5.0 (X11; Linux x86_64) AppleWebKit/537.36 (KHTML, like Gecko) Chrome/31.0.1650.57 Safari/537.36"
127.0.0.1 - - [11/Mar/2014:09:29:15 +0530] "GET /publisher/api/cache/gadget HTTP/1.1" 200 89 "https://localhost:9443/publisher/assets/gadget/" "Mozilla/5.0 (X11; Linux x86_64) AppleWebKit/537.36 (KHTML, like Gecko) Chrome/31.0.1650.57 Safari/537.36"
10.100.4.52 - - [11/Mar/2014:09:29:16 +0530] "GET /admin/carbon/admin/jsp/session-validate.jsp HTTP/1.1" 200 3952 "https://10.100.4.52:9443/admin/carbon/admin/index.jsp?loginStatus=true" "Mozilla/5.0 (X11; Linux x86_64) AppleWebKit/537.36 (KHTML, like Gecko) Chrome/31.0.1650.57 Safari/537.36"
10.100.4.52 - - [11/Mar/2014:09:29:16 +0530] "GET /admin/carbon/server-admin/system_status_ajaxprocessor.jsp HTTP/1.1" 200 1245 "https://10.100.4.52:9443/admin/carbon/admin/index.jsp?loginStatus=true" "Mozilla/5.0 (X11; Linux x86_64) AppleWebKit/537.36 (KHTML, like Gecko) Chrome/31.0.1650.57 Safari/537.36"
127.0.0.1 - - [11/Mar/2014:09:29:19 +0530] "GET /publisher/api/cache/gadget HTTP/1.1" 200 89 "https://localhost:9443/publisher/assets/gadget/" "Mozilla/5.0 (X11; Linux x86_64) AppleWebKit/537.36 (KHTML, like Gecko) Chrome/31.0.1650.57 Safari/537.36"
10.100.4.52 - - [11/Mar/2014:09:29:22 +0530] "GET /admin/carbon/admin/jsp/session-validate.jsp HTTP/1.1" 200 3952 "https://10.100.4.52:9443/admin/carbon/admin/index.jsp?loginStatus=true" "Mozilla/5.0 (X11; Linux x86_64) AppleWebKit/537.36 (KHTML, like Gecko) Chrome/31.0.1650.57 Safari/537.36"
10.100.4.52 - - [11/Mar/2014:09:29:22 +0530] "GET /admin/carbon/server-admin/system_status_ajaxprocessor.jsp HTTP/1.1" 200 1243 "https://10.100.4.52:9443/admin/carbon/admin/index.jsp?loginStatus=true" "Mozilla/5.0 (X11; Linux x86_64) AppleWebKit/537.36 (KHTML, like Gecko) Chrome/31.0.1650.57 Safari/537.36"
127.0.0.1 - - [11/Mar/2014:09:29:23 +0530] "GET /publisher/api/cache/gadget HTTP/1.1" 200 89 "https://localhost:9443/publisher/assets/gadget/" "Mozilla/5.0 (X11; Linux x86_64) AppleWebKit/537.36 (KHTML, like Gecko) Chrome/31.0.1650.57 Safari/537.36"
127.0.0.1 - - [11/Mar/2014:09:29:27 +0530] "GET /publisher/api/cache/gadget HTTP/1.1" 200 89 "https://localhost:9443/publisher/assets/gadget/" "Mozilla/5.0 (X11; Linux x86_64) AppleWebKit/537.36 (KHTML, like Gecko) Chrome/31.0.1650.57 Safari/537.36"
10.100.4.52 - - [11/Mar/2014:09:29:28 +0530] "GET /admin/carbon/admin/jsp/session-validate.jsp HTTP/1.1" 200 3952 "https://10.100.4.52:9443/admin/carbon/admin/index.jsp?loginStatus=true" "Mozilla/5.0 (X11; Linux x86_64) AppleWebKit/537.36 (KHTML, like Gecko) Chrome/31.0.1650.57 Safari/537.36"
10.100.4.52 - - [11/Mar/2014:09:29:28 +0530] "GET /admin/carbon/server-admin/system_status_ajaxprocessor.jsp HTTP/1.1" 200 1244 "https://10.100.4.52:9443/admin/carbon/admin/index.jsp?loginStatus=true" "Mozilla/5.0 (X11; Linux x86_64) AppleWebKit/537.36 (KHTML, like Gecko) Chrome/31.0.1650.57 Safari/537.36"
127.0.0.1 - - [11/Mar/2014:09:29:31 +0530] "GET /publisher/api/cache/gadget HTTP/1.1" 200 89 "https://localhost:9443/publisher/assets/gadget/" "Mozilla/5.0 (X11; Linux x86_64) AppleWebKit/537.36 (KHTML, like Gecko) Chrome/31.0.1650.57 Safari/537.36"
10.100.4.52 - - [11/Mar/2014:09:29:34 +0530] "GET /admin/carbon/admin/jsp/session-validate.jsp HTTP/1.1" 200 3952 "https://10.100.4.52:9443/admin/carbon/admin/index.jsp?loginStatus=true" "Mozilla/5.0 (X11; Linux x86_64) AppleWebKit/537.36 (KHTML, like Gecko) Chrome/31.0.1650.57 Safari/537.36"
10.100.4.52 - - [11/Mar/2014:09:29:34 +0530] "GET /admin/carbon/server-admin/system_status_ajaxprocessor.jsp HTTP/1.1" 200 1245 "https://10.100.4.52:9443/admin/carbon/admin/index.jsp?loginStatus=true" "Mozilla/5.0 (X11; Linux x86_64) AppleWebKit/537.36 (KHTML, like Gecko) Chrome/31.0.1650.57 Safari/537.36"
127.0.0.1 - - [11/Mar/2014:09:29:35 +0530] "GET /publisher/api/cache/gadget HTTP/1.1" 200 89 "https://localhost:9443/publisher/assets/gadget/" "Mozilla/5.0 (X11; Linux x86_64) AppleWebKit/537.36 (KHTML, like Gecko) Chrome/31.0.1650.57 Safari/537.36"
127.0.0.1 - - [11/Mar/2014:09:29:39 +0530] "GET /publisher/api/cache/gadget HTTP/1.1" 200 89 "https://localhost:9443/publisher/assets/gadget/" "Mozilla/5.0 (X11; Linux x86_64) AppleWebKit/537.36 (KHTML, like Gecko) Chrome/31.0.1650.57 Safari/537.36"
10.100.4.52 - - [11/Mar/2014:09:29:40 +0530] "GET /admin/carbon/admin/jsp/session-validate.jsp HTTP/1.1" 200 3952 "https://10.100.4.52:9443/admin/carbon/admin/index.jsp?loginStatus=true" "Mozilla/5.0 (X11; Linux x86_64) AppleWebKit/537.36 (KHTML, like Gecko) Chrome/31.0.1650.57 Safari/537.36"
10.100.4.52 - - [11/Mar/2014:09:29:40 +0530] "GET /admin/carbon/server-admin/system_status_ajaxprocessor.jsp HTTP/1.1" 200 1244 "https://10.100.4.52:9443/admin/carbon/admin/index.jsp?loginStatus=true" "Mozilla/5.0 (X11; Linux x86_64) AppleWebKit/537.36 (KHTML, like Gecko) Chrome/31.0.1650.57 Safari/537.36"
127.0.0.1 - - [11/Mar/2014:09:29:43 +0530] "GET /publisher/api/cache/gadget HTTP/1.1" 200 89 "https://localhost:9443/publisher/assets/gadget/" "Mozilla/5.0 (X11; Linux x86_64) AppleWebKit/537.36 (KHTML, like Gecko) Chrome/31.0.1650.57 Safari/537.36"
10.100.4.52 - - [11/Mar/2014:09:29:46 +0530] "GET /admin/carbon/admin/jsp/session-validate.jsp HTTP/1.1" 200 3952 "https://10.100.4.52:9443/admin/carbon/admin/index.jsp?loginStatus=true" "Mozilla/5.0 (X11; Linux x86_64) AppleWebKit/537.36 (KHTML, like Gecko) Chrome/31.0.1650.57 Safari/537.36"
10.100.4.52 - - [11/Mar/2014:09:29:46 +0530] "GET /admin/carbon/server-admin/system_status_ajaxprocessor.jsp HTTP/1.1" 200 1244 "https://10.100.4.52:9443/admin/carbon/admin/index.jsp?loginStatus=true" "Mozilla/5.0 (X11; Linux x86_64) AppleWebKit/537.36 (KHTML, like Gecko) Chrome/31.0.1650.57 Safari/537.36"
127.0.0.1 - - [11/Mar/2014:09:29:47 +0530] "GET /publisher/api/cache/gadget HTTP/1.1" 200 89 "https://localhost:9443/publisher/assets/gadget/" "Mozilla/5.0 (X11; Linux x86_64) AppleWebKit/537.36 (KHTML, like Gecko) Chrome/31.0.1650.57 Safari/537.36"
127.0.0.1 - - [11/Mar/2014:09:29:51 +0530] "GET /publisher/api/cache/gadget HTTP/1.1" 200 89 "https://localhost:9443/publisher/assets/gadget/" "Mozilla/5.0 (X11; Linux x86_64) AppleWebKit/537.36 (KHTML, like Gecko) Chrome/31.0.1650.57 Safari/537.36"
10.100.4.52 - - [11/Mar/2014:09:29:52 +0530] "GET /admin/carbon/admin/jsp/session-validate.jsp HTTP/1.1" 200 3952 "https://10.100.4.52:9443/admin/carbon/admin/index.jsp?loginStatus=true" "Mozilla/5.0 (X11; Linux x86_64) AppleWebKit/537.36 (KHTML, like Gecko) Chrome/31.0.1650.57 Safari/537.36"
10.100.4.52 - - [11/Mar/2014:09:29:52 +0530] "GET /admin/carbon/server-admin/system_status_ajaxprocessor.jsp HTTP/1.1" 200 1244 "https://10.100.4.52:9443/admin/carbon/admin/index.jsp?loginStatus=true" "Mozilla/5.0 (X11; Linux x86_64) AppleWebKit/537.36 (KHTML, like Gecko) Chrome/31.0.1650.57 Safari/537.36"
127.0.0.1 - - [11/Mar/2014:09:29:55 +0530] "GET /publisher/api/cache/gadget HTTP/1.1" 200 89 "https://localhost:9443/publisher/assets/gadget/" "Mozilla/5.0 (X11; Linux x86_64) AppleWebKit/537.36 (KHTML, like Gecko) Chrome/31.0.1650.57 Safari/537.36"
10.100.4.52 - - [11/Mar/2014:09:29:58 +0530] "GET /admin/carbon/admin/jsp/session-validate.jsp HTTP/1.1" 200 3952 "https://10.100.4.52:9443/admin/carbon/admin/index.jsp?loginStatus=true" "Mozilla/5.0 (X11; Linux x86_64) AppleWebKit/537.36 (KHTML, like Gecko) Chrome/31.0.1650.57 Safari/537.36"
10.100.4.52 - - [11/Mar/2014:09:29:58 +0530] "GET /admin/carbon/server-admin/system_status_ajaxprocessor.jsp HTTP/1.1" 200 1245 "https://10.100.4.52:9443/admin/carbon/admin/index.jsp?loginStatus=true" "Mozilla/5.0 (X11; Linux x86_64) AppleWebKit/537.36 (KHTML, like Gecko) Chrome/31.0.1650.57 Safari/537.36"
127.0.0.1 - - [11/Mar/2014:09:29:59 +0530] "GET /publisher/api/cache/gadget HTTP/1.1" 200 89 "https://localhost:9443/publisher/assets/gadget/" "Mozilla/5.0 (X11; Linux x86_64) AppleWebKit/537.36 (KHTML, like Gecko) Chrome/31.0.1650.57 Safari/537.36"
127.0.0.1 - - [11/Mar/2014:09:30:03 +0530] "GET /publisher/api/cache/gadget HTTP/1.1" 200 89 "https://localhost:9443/publisher/assets/gadget/" "Mozilla/5.0 (X11; Linux x86_64) AppleWebKit/537.36 (KHTML, like Gecko) Chrome/31.0.1650.57 Safari/537.36"
10.100.4.52 - - [11/Mar/2014:09:30:04 +0530] "GET /admin/carbon/admin/jsp/session-validate.jsp HTTP/1.1" 200 3952 "https://10.100.4.52:9443/admin/carbon/admin/index.jsp?loginStatus=true" "Mozilla/5.0 (X11; Linux x86_64) AppleWebKit/537.36 (KHTML, like Gecko) Chrome/31.0.1650.57 Safari/537.36"
10.100.4.52 - - [11/Mar/2014:09:30:04 +0530] "GET /admin/carbon/server-admin/system_status_ajaxprocessor.jsp HTTP/1.1" 200 1245 "https://10.100.4.52:9443/admin/carbon/admin/index.jsp?loginStatus=true" "Mozilla/5.0 (X11; Linux x86_64) AppleWebKit/537.36 (KHTML, like Gecko) Chrome/31.0.1650.57 Safari/537.36"
127.0.0.1 - - [11/Mar/2014:09:30:07 +0530] "GET /publisher/api/cache/gadget HTTP/1.1" 200 89 "https://localhost:9443/publisher/assets/gadget/" "Mozilla/5.0 (X11; Linux x86_64) AppleWebKit/537.36 (KHTML, like Gecko) Chrome/31.0.1650.57 Safari/537.36"
10.100.4.52 - - [11/Mar/2014:09:30:10 +0530] "GET /admin/carbon/admin/jsp/session-validate.jsp HTTP/1.1" 200 3952 "https://10.100.4.52:9443/admin/carbon/admin/index.jsp?loginStatus=true" "Mozilla/5.0 (X11; Linux x86_64) AppleWebKit/537.36 (KHTML, like Gecko) Chrome/31.0.1650.57 Safari/537.36"
10.100.4.52 - - [11/Mar/2014:09:30:10 +0530] "GET /admin/carbon/server-admin/system_status_ajaxprocessor.jsp HTTP/1.1" 200 1245 "https://10.100.4.52:9443/admin/carbon/admin/index.jsp?loginStatus=true" "Mozilla/5.0 (X11; Linux x86_64) AppleWebKit/537.36 (KHTML, like Gecko) Chrome/31.0.1650.57 Safari/537.36"
127.0.0.1 - - [11/Mar/2014:09:30:11 +0530] "GET /publisher/api/cache/gadget HTTP/1.1" 200 89 "https://localhost:9443/publisher/assets/gadget/" "Mozilla/5.0 (X11; Linux x86_64) AppleWebKit/537.36 (KHTML, like Gecko) Chrome/31.0.1650.57 Safari/537.36"
127.0.0.1 - - [11/Mar/2014:09:30:15 +0530] "GET /publisher/api/cache/gadget HTTP/1.1" 200 89 "https://localhost:9443/publisher/assets/gadget/" "Mozilla/5.0 (X11; Linux x86_64) AppleWebKit/537.36 (KHTML, like Gecko) Chrome/31.0.1650.57 Safari/537.36"
10.100.4.52 - - [11/Mar/2014:09:30:16 +0530] "GET /admin/carbon/admin/jsp/session-validate.jsp HTTP/1.1" 200 3952 "https://10.100.4.52:9443/admin/carbon/admin/index.jsp?loginStatus=true" "Mozilla/5.0 (X11; Linux x86_64) AppleWebKit/537.36 (KHTML, like Gecko) Chrome/31.0.1650.57 Safari/537.36"
10.100.4.52 - - [11/Mar/2014:09:30:16 +0530] "GET /admin/carbon/server-admin/system_status_ajaxprocessor.jsp HTTP/1.1" 200 1245 "https://10.100.4.52:9443/admin/carbon/admin/index.jsp?loginStatus=true" "Mozilla/5.0 (X11; Linux x86_64) AppleWebKit/537.36 (KHTML, like Gecko) Chrome/31.0.1650.57 Safari/537.36"
127.0.0.1 - - [11/Mar/2014:09:30:19 +0530] "GET /publisher/api/cache/gadget HTTP/1.1" 200 89 "https://localhost:9443/publisher/assets/gadget/" "Mozilla/5.0 (X11; Linux x86_64) AppleWebKit/537.36 (KHTML, like Gecko) Chrome/31.0.1650.57 Safari/537.36"
10.100.4.52 - - [11/Mar/2014:09:30:22 +0530] "GET /admin/carbon/admin/jsp/session-validate.jsp HTTP/1.1" 200 3952 "https://10.100.4.52:9443/admin/carbon/admin/index.jsp?loginStatus=true" "Mozilla/5.0 (X11; Linux x86_64) AppleWebKit/537.36 (KHTML, like Gecko) Chrome/31.0.1650.57 Safari/537.36"
10.100.4.52 - - [11/Mar/2014:09:30:22 +0530] "GET /admin/carbon/server-admin/system_status_ajaxprocessor.jsp HTTP/1.1" 200 1244 "https://10.100.4.52:9443/admin/carbon/admin/index.jsp?loginStatus=true" "Mozilla/5.0 (X11; Linux x86_64) AppleWebKit/537.36 (KHTML, like Gecko) Chrome/31.0.1650.57 Safari/537.36"
127.0.0.1 - - [11/Mar/2014:09:30:23 +0530] "GET /publisher/api/cache/gadget HTTP/1.1" 200 89 "https://localhost:9443/publisher/assets/gadget/" "Mozilla/5.0 (X11; Linux x86_64) AppleWebKit/537.36 (KHTML, like Gecko) Chrome/31.0.1650.57 Safari/537.36"
127.0.0.1 - - [11/Mar/2014:09:30:27 +0530] "GET /publisher/api/cache/gadget HTTP/1.1" 200 89 "https://localhost:9443/publisher/assets/gadget/" "Mozilla/5.0 (X11; Linux x86_64) AppleWebKit/537.36 (KHTML, like Gecko) Chrome/31.0.1650.57 Safari/537.36"
10.100.4.52 - - [11/Mar/2014:09:30:28 +0530] "GET /admin/carbon/admin/jsp/session-validate.jsp HTTP/1.1" 200 3952 "https://10.100.4.52:9443/admin/carbon/admin/index.jsp?loginStatus=true" "Mozilla/5.0 (X11; Linux x86_64) AppleWebKit/537.36 (KHTML, like Gecko) Chrome/31.0.1650.57 Safari/537.36"
10.100.4.52 - - [11/Mar/2014:09:30:28 +0530] "GET /admin/carbon/server-admin/system_status_ajaxprocessor.jsp HTTP/1.1" 200 1244 "https://10.100.4.52:9443/admin/carbon/admin/index.jsp?loginStatus=true" "Mozilla/5.0 (X11; Linux x86_64) AppleWebKit/537.36 (KHTML, like Gecko) Chrome/31.0.1650.57 Safari/537.36"
127.0.0.1 - - [11/Mar/2014:09:30:31 +0530] "GET /publisher/api/cache/gadget HTTP/1.1" 200 89 "https://localhost:9443/publisher/assets/gadget/" "Mozilla/5.0 (X11; Linux x86_64) AppleWebKit/537.36 (KHTML, like Gecko) Chrome/31.0.1650.57 Safari/537.36"
10.100.4.52 - - [11/Mar/2014:09:30:34 +0530] "GET /admin/carbon/admin/jsp/session-validate.jsp HTTP/1.1" 200 3952 "https://10.100.4.52:9443/admin/carbon/admin/index.jsp?loginStatus=true" "Mozilla/5.0 (X11; Linux x86_64) AppleWebKit/537.36 (KHTML, like Gecko) Chrome/31.0.1650.57 Safari/537.36"
10.100.4.52 - - [11/Mar/2014:09:30:34 +0530] "GET /admin/carbon/server-admin/system_status_ajaxprocessor.jsp HTTP/1.1" 200 1245 "https://10.100.4.52:9443/admin/carbon/admin/index.jsp?loginStatus=true" "Mozilla/5.0 (X11; Linux x86_64) AppleWebKit/537.36 (KHTML, like Gecko) Chrome/31.0.1650.57 Safari/537.36"
127.0.0.1 - - [11/Mar/2014:09:30:35 +0530] "GET /publisher/api/cache/gadget HTTP/1.1" 200 89 "https://localhost:9443/publisher/assets/gadget/" "Mozilla/5.0 (X11; Linux x86_64) AppleWebKit/537.36 (KHTML, like Gecko) Chrome/31.0.1650.57 Safari/537.36"
127.0.0.1 - - [11/Mar/2014:09:30:39 +0530] "GET /publisher/api/cache/gadget HTTP/1.1" 200 89 "https://localhost:9443/publisher/assets/gadget/" "Mozilla/5.0 (X11; Linux x86_64) AppleWebKit/537.36 (KHTML, like Gecko) Chrome/31.0.1650.57 Safari/537.36"
10.100.4.52 - - [11/Mar/2014:09:30:40 +0530] "GET /admin/carbon/admin/jsp/session-validate.jsp HTTP/1.1" 200 3952 "https://10.100.4.52:9443/admin/carbon/admin/index.jsp?loginStatus=true" "Mozilla/5.0 (X11; Linux x86_64) AppleWebKit/537.36 (KHTML, like Gecko) Chrome/31.0.1650.57 Safari/537.36"
10.100.4.52 - - [11/Mar/2014:09:30:40 +0530] "GET /admin/carbon/server-admin/system_status_ajaxprocessor.jsp HTTP/1.1" 200 1244 "https://10.100.4.52:9443/admin/carbon/admin/index.jsp?loginStatus=true" "Mozilla/5.0 (X11; Linux x86_64) AppleWebKit/537.36 (KHTML, like Gecko) Chrome/31.0.1650.57 Safari/537.36"
127.0.0.1 - - [11/Mar/2014:09:30:43 +0530] "GET /publisher/api/cache/gadget HTTP/1.1" 200 89 "https://localhost:9443/publisher/assets/gadget/" "Mozilla/5.0 (X11; Linux x86_64) AppleWebKit/537.36 (KHTML, like Gecko) Chrome/31.0.1650.57 Safari/537.36"
10.100.4.52 - - [11/Mar/2014:09:30:46 +0530] "GET /admin/carbon/admin/jsp/session-validate.jsp HTTP/1.1" 200 3952 "https://10.100.4.52:9443/admin/carbon/admin/index.jsp?loginStatus=true" "Mozilla/5.0 (X11; Linux x86_64) AppleWebKit/537.36 (KHTML, like Gecko) Chrome/31.0.1650.57 Safari/537.36"
10.100.4.52 - - [11/Mar/2014:09:30:46 +0530] "GET /admin/carbon/server-admin/system_status_ajaxprocessor.jsp HTTP/1.1" 200 1244 "https://10.100.4.52:9443/admin/carbon/admin/index.jsp?loginStatus=true" "Mozilla/5.0 (X11; Linux x86_64) AppleWebKit/537.36 (KHTML, like Gecko) Chrome/31.0.1650.57 Safari/537.36"
127.0.0.1 - - [11/Mar/2014:09:30:47 +0530] "GET /publisher/api/cache/gadget HTTP/1.1" 200 89 "https://localhost:9443/publisher/assets/gadget/" "Mozilla/5.0 (X11; Linux x86_64) AppleWebKit/537.36 (KHTML, like Gecko) Chrome/31.0.1650.57 Safari/537.36"
127.0.0.1 - - [11/Mar/2014:09:30:51 +0530] "GET /publisher/api/cache/gadget HTTP/1.1" 200 89 "https://localhost:9443/publisher/assets/gadget/" "Mozilla/5.0 (X11; Linux x86_64) AppleWebKit/537.36 (KHTML, like Gecko) Chrome/31.0.1650.57 Safari/537.36"
10.100.4.52 - - [11/Mar/2014:09:30:52 +0530] "GET /admin/carbon/admin/jsp/session-validate.jsp HTTP/1.1" 200 3952 "https://10.100.4.52:9443/admin/carbon/admin/index.jsp?loginStatus=true" "Mozilla/5.0 (X11; Linux x86_64) AppleWebKit/537.36 (KHTML, like Gecko) Chrome/31.0.1650.57 Safari/537.36"
10.100.4.52 - - [11/Mar/2014:09:30:52 +0530] "GET /admin/carbon/server-admin/system_status_ajaxprocessor.jsp HTTP/1.1" 200 1245 "https://10.100.4.52:9443/admin/carbon/admin/index.jsp?loginStatus=true" "Mozilla/5.0 (X11; Linux x86_64) AppleWebKit/537.36 (KHTML, like Gecko) Chrome/31.0.1650.57 Safari/537.36"
127.0.0.1 - - [11/Mar/2014:09:30:55 +0530] "GET /publisher/api/cache/gadget HTTP/1.1" 200 89 "https://localhost:9443/publisher/assets/gadget/" "Mozilla/5.0 (X11; Linux x86_64) AppleWebKit/537.36 (KHTML, like Gecko) Chrome/31.0.1650.57 Safari/537.36"
10.100.4.52 - - [11/Mar/2014:09:30:58 +0530] "GET /admin/carbon/admin/jsp/session-validate.jsp HTTP/1.1" 200 3952 "https://10.100.4.52:9443/admin/carbon/admin/index.jsp?loginStatus=true" "Mozilla/5.0 (X11; Linux x86_64) AppleWebKit/537.36 (KHTML, like Gecko) Chrome/31.0.1650.57 Safari/537.36"
10.100.4.52 - - [11/Mar/2014:09:30:58 +0530] "GET /admin/carbon/server-admin/system_status_ajaxprocessor.jsp HTTP/1.1" 200 1245 "https://10.100.4.52:9443/admin/carbon/admin/index.jsp?loginStatus=true" "Mozilla/5.0 (X11; Linux x86_64) AppleWebKit/537.36 (KHTML, like Gecko) Chrome/31.0.1650.57 Safari/537.36"
127.0.0.1 - - [11/Mar/2014:09:30:59 +0530] "GET /publisher/api/cache/gadget HTTP/1.1" 200 89 "https://localhost:9443/publisher/assets/gadget/" "Mozilla/5.0 (X11; Linux x86_64) AppleWebKit/537.36 (KHTML, like Gecko) Chrome/31.0.1650.57 Safari/537.36"
127.0.0.1 - - [11/Mar/2014:09:31:03 +0530] "GET /publisher/api/cache/gadget HTTP/1.1" 200 89 "https://localhost:9443/publisher/assets/gadget/" "Mozilla/5.0 (X11; Linux x86_64) AppleWebKit/537.36 (KHTML, like Gecko) Chrome/31.0.1650.57 Safari/537.36"
10.100.4.52 - - [11/Mar/2014:09:31:04 +0530] "GET /admin/carbon/admin/jsp/session-validate.jsp HTTP/1.1" 200 3952 "https://10.100.4.52:9443/admin/carbon/admin/index.jsp?loginStatus=true" "Mozilla/5.0 (X11; Linux x86_64) AppleWebKit/537.36 (KHTML, like Gecko) Chrome/31.0.1650.57 Safari/537.36"
10.100.4.52 - - [11/Mar/2014:09:31:04 +0530] "GET /admin/carbon/server-admin/system_status_ajaxprocessor.jsp HTTP/1.1" 200 1246 "https://10.100.4.52:9443/admin/carbon/admin/index.jsp?loginStatus=true" "Mozilla/5.0 (X11; Linux x86_64) AppleWebKit/537.36 (KHTML, like Gecko) Chrome/31.0.1650.57 Safari/537.36"
127.0.0.1 - - [11/Mar/2014:09:31:07 +0530] "GET /publisher/api/cache/gadget HTTP/1.1" 200 89 "https://localhost:9443/publisher/assets/gadget/" "Mozilla/5.0 (X11; Linux x86_64) AppleWebKit/537.36 (KHTML, like Gecko) Chrome/31.0.1650.57 Safari/537.36"
10.100.4.52 - - [11/Mar/2014:09:31:10 +0530] "GET /admin/carbon/admin/jsp/session-validate.jsp HTTP/1.1" 200 3952 "https://10.100.4.52:9443/admin/carbon/admin/index.jsp?loginStatus=true" "Mozilla/5.0 (X11; Linux x86_64) AppleWebKit/537.36 (KHTML, like Gecko) Chrome/31.0.1650.57 Safari/537.36"
10.100.4.52 - - [11/Mar/2014:09:31:10 +0530] "GET /admin/carbon/server-admin/system_status_ajaxprocessor.jsp HTTP/1.1" 200 1245 "https://10.100.4.52:9443/admin/carbon/admin/index.jsp?loginStatus=true" "Mozilla/5.0 (X11; Linux x86_64) AppleWebKit/537.36 (KHTML, like Gecko) Chrome/31.0.1650.57 Safari/537.36"
127.0.0.1 - - [11/Mar/2014:09:31:11 +0530] "GET /publisher/api/cache/gadget HTTP/1.1" 200 89 "https://localhost:9443/publisher/assets/gadget/" "Mozilla/5.0 (X11; Linux x86_64) AppleWebKit/537.36 (KHTML, like Gecko) Chrome/31.0.1650.57 Safari/537.36"
127.0.0.1 - - [11/Mar/2014:09:31:15 +0530] "GET /publisher/api/cache/gadget HTTP/1.1" 200 89 "https://localhost:9443/publisher/assets/gadget/" "Mozilla/5.0 (X11; Linux x86_64) AppleWebKit/537.36 (KHTML, like Gecko) Chrome/31.0.1650.57 Safari/537.36"
10.100.4.52 - - [11/Mar/2014:09:31:16 +0530] "GET /admin/carbon/admin/jsp/session-validate.jsp HTTP/1.1" 200 3952 "https://10.100.4.52:9443/admin/carbon/admin/index.jsp?loginStatus=true" "Mozilla/5.0 (X11; Linux x86_64) AppleWebKit/537.36 (KHTML, like Gecko) Chrome/31.0.1650.57 Safari/537.36"
10.100.4.52 - - [11/Mar/2014:09:31:16 +0530] "GET /admin/carbon/server-admin/system_status_ajaxprocessor.jsp HTTP/1.1" 200 1245 "https://10.100.4.52:9443/admin/carbon/admin/index.jsp?loginStatus=true" "Mozilla/5.0 (X11; Linux x86_64) AppleWebKit/537.36 (KHTML, like Gecko) Chrome/31.0.1650.57 Safari/537.36"
127.0.0.1 - - [11/Mar/2014:09:31:19 +0530] "GET /publisher/api/cache/gadget HTTP/1.1" 200 89 "https://localhost:9443/publisher/assets/gadget/" "Mozilla/5.0 (X11; Linux x86_64) AppleWebKit/537.36 (KHTML, like Gecko) Chrome/31.0.1650.57 Safari/537.36"
10.100.4.52 - - [11/Mar/2014:09:31:20 +0530] "GET /admin/carbon/userstore/index.jsp?region=region1&item=userstores_menu HTTP/1.1" 200 5199 "https://10.100.4.52:9443/admin/carbon/admin/index.jsp?loginStatus=true" "Mozilla/5.0 (X11; Linux x86_64) AppleWebKit/537.36 (KHTML, like Gecko) Chrome/31.0.1650.57 Safari/537.36"
10.100.4.52 - - [11/Mar/2014:09:31:20 +0530] "GET /admin/carbon/admin/jsp/registry_styles_ajaxprocessor.jsp HTTP/1.1" 200 123 "https://10.100.4.52:9443/admin/carbon/userstore/index.jsp?region=region1&item=userstores_menu" "Mozilla/5.0 (X11; Linux x86_64) AppleWebKit/537.36 (KHTML, like Gecko) Chrome/31.0.1650.57 Safari/537.36"
10.100.4.52 - - [11/Mar/2014:09:31:20 +0530] "GET /admin/carbon/dialog/js/jqueryui/jquery-ui.min.js HTTP/1.1" 200 25705 "https://10.100.4.52:9443/admin/carbon/userstore/index.jsp?region=region1&item=userstores_menu" "Mozilla/5.0 (X11; Linux x86_64) AppleWebKit/537.36 (KHTML, like Gecko) Chrome/31.0.1650.57 Safari/537.36"
10.100.4.52 - - [11/Mar/2014:09:31:20 +0530] "GET /admin/carbon/admin/js/jquery.validate.js HTTP/1.1" 200 10290 "https://10.100.4.52:9443/admin/carbon/userstore/index.jsp?region=region1&item=userstores_menu" "Mozilla/5.0 (X11; Linux x86_64) AppleWebKit/537.36 (KHTML, like Gecko) Chrome/31.0.1650.57 Safari/537.36"
10.100.4.52 - - [11/Mar/2014:09:31:20 +0530] "GET /admin/carbon/admin/js/jquery-1.5.2.min.js HTTP/1.1" 200 30375 "https://10.100.4.52:9443/admin/carbon/userstore/index.jsp?region=region1&item=userstores_menu" "Mozilla/5.0 (X11; Linux x86_64) AppleWebKit/537.36 (KHTML, like Gecko) Chrome/31.0.1650.57 Safari/537.36"
10.100.4.52 - - [11/Mar/2014:09:31:20 +0530] "GET /admin/carbon/userstore/extensions/core/js/vui.js HTTP/1.1" 404 1075 "https://10.100.4.52:9443/admin/carbon/userstore/index.jsp?region=region1&item=userstores_menu" "Mozilla/5.0 (X11; Linux x86_64) AppleWebKit/537.36 (KHTML, like Gecko) Chrome/31.0.1650.57 Safari/537.36"
10.100.4.52 - - [11/Mar/2014:09:31:20 +0530] "GET /admin/carbon/userstore/images/users.gif HTTP/1.1" 200 1027 "https://10.100.4.52:9443/admin/carbon/userstore/index.jsp?region=region1&item=userstores_menu" "Mozilla/5.0 (X11; Linux x86_64) AppleWebKit/537.36 (KHTML, like Gecko) Chrome/31.0.1650.57 Safari/537.36"
10.100.4.52 - - [11/Mar/2014:09:31:20 +0530] "GET /admin/carbon/userstore/images/user-roles.gif HTTP/1.1" 200 1048 "https://10.100.4.52:9443/admin/carbon/userstore/index.jsp?region=region1&item=userstores_menu" "Mozilla/5.0 (X11; Linux x86_64) AppleWebKit/537.36 (KHTML, like Gecko) Chrome/31.0.1650.57 Safari/537.36"
10.100.4.52 - - [11/Mar/2014:09:31:22 +0530] "GET /admin/carbon/role/role-mgt.jsp HTTP/1.1" 200 5796 "https://10.100.4.52:9443/admin/carbon/userstore/index.jsp?region=region1&item=userstores_menu" "Mozilla/5.0 (X11; Linux x86_64) AppleWebKit/537.36 (KHTML, like Gecko) Chrome/31.0.1650.57 Safari/537.36"
10.100.4.52 - - [11/Mar/2014:09:31:22 +0530] "GET /admin/carbon/admin/jsp/registry_styles_ajaxprocessor.jsp HTTP/1.1" 200 123 "https://10.100.4.52:9443/admin/carbon/role/role-mgt.jsp" "Mozilla/5.0 (X11; Linux x86_64) AppleWebKit/537.36 (KHTML, like Gecko) Chrome/31.0.1650.57 Safari/537.36"
10.100.4.52 - - [11/Mar/2014:09:31:22 +0530] "GET /admin/carbon/userstore/extensions/js/vui.js HTTP/1.1" 200 673 "https://10.100.4.52:9443/admin/carbon/role/role-mgt.jsp" "Mozilla/5.0 (X11; Linux x86_64) AppleWebKit/537.36 (KHTML, like Gecko) Chrome/31.0.1650.57 Safari/537.36"
10.100.4.52 - - [11/Mar/2014:09:31:22 +0530] "GET /admin/carbon/role/images/edit.gif HTTP/1.1" 200 1036 "https://10.100.4.52:9443/admin/carbon/role/role-mgt.jsp" "Mozilla/5.0 (X11; Linux x86_64) AppleWebKit/537.36 (KHTML, like Gecko) Chrome/31.0.1650.57 Safari/537.36"
10.100.4.52 - - [11/Mar/2014:09:31:22 +0530] "GET /admin/carbon/role/images/delete.gif HTTP/1.1" 200 555 "https://10.100.4.52:9443/admin/carbon/role/role-mgt.jsp" "Mozilla/5.0 (X11; Linux x86_64) AppleWebKit/537.36 (KHTML, like Gecko) Chrome/31.0.1650.57 Safari/537.36"
10.100.4.52 - - [11/Mar/2014:09:31:22 +0530] "GET /admin/carbon/role/images/view.gif HTTP/1.1" 200 596 "https://10.100.4.52:9443/admin/carbon/role/role-mgt.jsp" "Mozilla/5.0 (X11; Linux x86_64) AppleWebKit/537.36 (KHTML, like Gecko) Chrome/31.0.1650.57 Safari/537.36"
10.100.4.52 - - [11/Mar/2014:09:31:22 +0530] "GET /admin/carbon/role/images/add.gif HTTP/1.1" 200 407 "https://10.100.4.52:9443/admin/carbon/role/role-mgt.jsp" "Mozilla/5.0 (X11; Linux x86_64) AppleWebKit/537.36 (KHTML, like Gecko) Chrome/31.0.1650.57 Safari/537.36"
127.0.0.1 - - [11/Mar/2014:09:31:23 +0530] "GET /publisher/api/cache/gadget HTTP/1.1" 200 89 "https://localhost:9443/publisher/assets/gadget/" "Mozilla/5.0 (X11; Linux x86_64) AppleWebKit/537.36 (KHTML, like Gecko) Chrome/31.0.1650.57 Safari/537.36"
127.0.0.1 - - [11/Mar/2014:09:31:27 +0530] "GET /publisher/api/cache/gadget HTTP/1.1" 200 89 "https://localhost:9443/publisher/assets/gadget/" "Mozilla/5.0 (X11; Linux x86_64) AppleWebKit/537.36 (KHTML, like Gecko) Chrome/31.0.1650.57 Safari/537.36"
127.0.0.1 - - [11/Mar/2014:09:31:31 +0530] "GET /publisher/api/cache/gadget HTTP/1.1" 200 89 "https://localhost:9443/publisher/assets/gadget/" "Mozilla/5.0 (X11; Linux x86_64) AppleWebKit/537.36 (KHTML, like Gecko) Chrome/31.0.1650.57 Safari/537.36"
127.0.0.1 - - [11/Mar/2014:09:31:35 +0530] "GET /publisher/api/cache/gadget HTTP/1.1" 200 89 "https://localhost:9443/publisher/assets/gadget/" "Mozilla/5.0 (X11; Linux x86_64) AppleWebKit/537.36 (KHTML, like Gecko) Chrome/31.0.1650.57 Safari/537.36"
127.0.0.1 - - [11/Mar/2014:09:31:39 +0530] "GET /publisher/api/cache/gadget HTTP/1.1" 200 89 "https://localhost:9443/publisher/assets/gadget/" "Mozilla/5.0 (X11; Linux x86_64) AppleWebKit/537.36 (KHTML, like Gecko) Chrome/31.0.1650.57 Safari/537.36"
10.100.4.52 - - [11/Mar/2014:09:31:41 +0530] "GET /admin/carbon/role/add-step1.jsp?roleType=Internal HTTP/1.1" 200 6000 "https://10.100.4.52:9443/admin/carbon/role/role-mgt.jsp" "Mozilla/5.0 (X11; Linux x86_64) AppleWebKit/537.36 (KHTML, like Gecko) Chrome/31.0.1650.57 Safari/537.36"
10.100.4.52 - - [11/Mar/2014:09:31:41 +0530] "GET /admin/carbon/admin/jsp/registry_styles_ajaxprocessor.jsp HTTP/1.1" 200 123 "https://10.100.4.52:9443/admin/carbon/role/add-step1.jsp?roleType=Internal" "Mozilla/5.0 (X11; Linux x86_64) AppleWebKit/537.36 (KHTML, like Gecko) Chrome/31.0.1650.57 Safari/537.36"
10.100.4.52 - - [11/Mar/2014:09:31:41 +0530] "GET /admin/carbon/admin/images/buttonRow-bg.gif HTTP/1.1" 200 130 "https://10.100.4.52:9443/admin/carbon/role/add-step1.jsp?roleType=Internal" "Mozilla/5.0 (X11; Linux x86_64) AppleWebKit/537.36 (KHTML, like Gecko) Chrome/31.0.1650.57 Safari/537.36"
127.0.0.1 - - [11/Mar/2014:09:31:43 +0530] "GET /publisher/api/cache/gadget HTTP/1.1" 200 89 "https://localhost:9443/publisher/assets/gadget/" "Mozilla/5.0 (X11; Linux x86_64) AppleWebKit/537.36 (KHTML, like Gecko) Chrome/31.0.1650.57 Safari/537.36"
127.0.0.1 - - [11/Mar/2014:09:31:47 +0530] "GET /publisher/api/cache/gadget HTTP/1.1" 200 89 "https://localhost:9443/publisher/assets/gadget/" "Mozilla/5.0 (X11; Linux x86_64) AppleWebKit/537.36 (KHTML, like Gecko) Chrome/31.0.1650.57 Safari/537.36"
127.0.0.1 - - [11/Mar/2014:09:31:51 +0530] "GET /publisher/api/cache/gadget HTTP/1.1" 200 89 "https://localhost:9443/publisher/assets/gadget/" "Mozilla/5.0 (X11; Linux x86_64) AppleWebKit/537.36 (KHTML, like Gecko) Chrome/31.0.1650.57 Safari/537.36"
127.0.0.1 - - [11/Mar/2014:09:31:55 +0530] "GET /publisher/api/cache/gadget HTTP/1.1" 200 89 "https://localhost:9443/publisher/assets/gadget/" "Mozilla/5.0 (X11; Linux x86_64) AppleWebKit/537.36 (KHTML, like Gecko) Chrome/31.0.1650.57 Safari/537.36"
127.0.0.1 - - [11/Mar/2014:09:31:59 +0530] "GET /publisher/api/cache/gadget HTTP/1.1" 200 89 "https://localhost:9443/publisher/assets/gadget/" "Mozilla/5.0 (X11; Linux x86_64) AppleWebKit/537.36 (KHTML, like Gecko) Chrome/31.0.1650.57 Safari/537.36"
127.0.0.1 - - [11/Mar/2014:09:32:03 +0530] "GET /publisher/api/cache/gadget HTTP/1.1" 200 89 "https://localhost:9443/publisher/assets/gadget/" "Mozilla/5.0 (X11; Linux x86_64) AppleWebKit/537.36 (KHTML, like Gecko) Chrome/31.0.1650.57 Safari/537.36"
127.0.0.1 - - [11/Mar/2014:09:32:07 +0530] "GET /publisher/api/cache/gadget HTTP/1.1" 200 89 "https://localhost:9443/publisher/assets/gadget/" "Mozilla/5.0 (X11; Linux x86_64) AppleWebKit/537.36 (KHTML, like Gecko) Chrome/31.0.1650.57 Safari/537.36"
127.0.0.1 - - [11/Mar/2014:09:32:11 +0530] "GET /publisher/api/cache/gadget HTTP/1.1" 200 89 "https://localhost:9443/publisher/assets/gadget/" "Mozilla/5.0 (X11; Linux x86_64) AppleWebKit/537.36 (KHTML, like Gecko) Chrome/31.0.1650.57 Safari/537.36"
127.0.0.1 - - [11/Mar/2014:09:32:15 +0530] "GET /publisher/api/cache/gadget HTTP/1.1" 200 89 "https://localhost:9443/publisher/assets/gadget/" "Mozilla/5.0 (X11; Linux x86_64) AppleWebKit/537.36 (KHTML, like Gecko) Chrome/31.0.1650.57 Safari/537.36"
10.100.4.52 - - [11/Mar/2014:09:32:16 +0530] "GET /admin/carbon/dialog/css/jqueryui/images/e6e6e6_40x100_textures_02_glass_75.png HTTP/1.1" 200 211 "https://10.100.4.52:9443/admin/carbon/role/add-step1.jsp?roleType=Internal" "Mozilla/5.0 (X11; Linux x86_64) AppleWebKit/537.36 (KHTML, like Gecko) Chrome/31.0.1650.57 Safari/537.36"
10.100.4.52 - - [11/Mar/2014:09:32:16 +0530] "GET /admin/carbon/dialog/css/jqueryui/images/888888_11x11_icon_close.gif HTTP/1.1" 200 62 "https://10.100.4.52:9443/admin/carbon/role/add-step1.jsp?roleType=Internal" "Mozilla/5.0 (X11; Linux x86_64) AppleWebKit/537.36 (KHTML, like Gecko) Chrome/31.0.1650.57 Safari/537.36"
